Archive member included because of file (symbol)

.\CortexM0\ARM_GCC_484\Debug\BLE Lab 3.a(cyfitter_cfg.o)
                              .\CortexM0\ARM_GCC_484\Debug\Cm0Start.o (cyfitter_cfg)
.\CortexM0\ARM_GCC_484\Debug\BLE Lab 3.a(SW2_Switch.o)
                              .\CortexM0\ARM_GCC_484\Debug\main.o (SW2_Switch_ClearInterrupt)
.\CortexM0\ARM_GCC_484\Debug\BLE Lab 3.a(Wakeup_ISR.o)
                              .\CortexM0\ARM_GCC_484\Debug\main.o (Wakeup_ISR_Start)
.\CortexM0\ARM_GCC_484\Debug\BLE Lab 3.a(Led_Advertising_Green.o)
                              .\CortexM0\ARM_GCC_484\Debug\main.o (Led_Advertising_Green_Write)
.\CortexM0\ARM_GCC_484\Debug\BLE Lab 3.a(Led_Connected_Blue.o)
                              .\CortexM0\ARM_GCC_484\Debug\main.o (Led_Connected_Blue_Write)
.\CortexM0\ARM_GCC_484\Debug\BLE Lab 3.a(BLE_hrs.o)
                              .\CortexM0\ARM_GCC_484\Debug\main.o (CyBle_HrsRegisterAttrCallback)
.\CortexM0\ARM_GCC_484\Debug\BLE Lab 3.a(BLE.o)
                              .\CortexM0\ARM_GCC_484\Debug\BLE Lab 3.a(BLE_hrs.o) (CyBle_ApplCallback)
.\CortexM0\ARM_GCC_484\Debug\BLE Lab 3.a(BLE_gatt.o)
                              .\CortexM0\ARM_GCC_484\Debug\BleProcessing.o (cyBle_state)
.\CortexM0\ARM_GCC_484\Debug\BLE Lab 3.a(BLE_eventHandler.o)
                              .\CortexM0\ARM_GCC_484\Debug\BleProcessing.o (cyBle_connHandle)
.\CortexM0\ARM_GCC_484\Debug\BLE Lab 3.a(BLE_dis.o)
                              .\CortexM0\ARM_GCC_484\Debug\BLE Lab 3.a(BLE.o) (CyBle_DisInit)
.\CortexM0\ARM_GCC_484\Debug\BLE Lab 3.a(Opamp.o)
                              .\CortexM0\ARM_GCC_484\Debug\main.o (Opamp_Start)
.\CortexM0\ARM_GCC_484\Debug\BLE Lab 3.a(ADC.o)
                              .\CortexM0\ARM_GCC_484\Debug\main.o (ADC_Start)
.\CortexM0\ARM_GCC_484\Debug\BLE Lab 3.a(ADC_PM.o)
                              .\CortexM0\ARM_GCC_484\Debug\main.o (ADC_Sleep)
.\CortexM0\ARM_GCC_484\Debug\BLE Lab 3.a(ADC_INT.o)
                              .\CortexM0\ARM_GCC_484\Debug\BLE Lab 3.a(ADC.o) (ADC_ISR)
.\CortexM0\ARM_GCC_484\Debug\BLE Lab 3.a(CyBootAsmGnu.o)
                              .\CortexM0\ARM_GCC_484\Debug\BLE Lab 3.a(cyfitter_cfg.o) (CyDelayCycles)
.\CortexM0\ARM_GCC_484\Debug\BLE Lab 3.a(CyLib.o)
                              .\CortexM0\ARM_GCC_484\Debug\BLE Lab 3.a(cyfitter_cfg.o) (CySysClkWriteImoFreq)
.\CortexM0\ARM_GCC_484\Debug\BLE Lab 3.a(cyPm.o)
                              .\CortexM0\ARM_GCC_484\Debug\main.o (CySysPmSleep)
.\CortexM0\ARM_GCC_484\Debug\BLE Lab 3.a(CyLFClk.o)
                              .\CortexM0\ARM_GCC_484\Debug\BLE Lab 3.a(cyfitter_cfg.o) (CySysClkWcoStart)
C:\Program Files (x86)\Cypress\PSoC Creator\3.2\PSoC Creator\psoc\content\cycomponentlibrary\CyComponentLibrary.cylib\BLE_v2_0\Library\gccCyBLEStack_BLE_SOC_PERIPHERAL.a(CyBle.o)
                              .\CortexM0\ARM_GCC_484\Debug\main.o (CyBle_EnterLPM)
C:\Program Files (x86)\Cypress\PSoC Creator\3.2\PSoC Creator\psoc\content\cycomponentlibrary\CyComponentLibrary.cylib\BLE_v2_0\Library\gccCyBLEStack_BLE_SOC_PERIPHERAL.a(CyBleStackMgrIP_Interface.o)
                              C:\Program Files (x86)\Cypress\PSoC Creator\3.2\PSoC Creator\psoc\content\cycomponentlibrary\CyComponentLibrary.cylib\BLE_v2_0\Library\gccCyBLEStack_BLE_SOC_PERIPHERAL.a(CyBle.o) (CyBleStackMgr_Init)
C:\Program Files (x86)\Cypress\PSoC Creator\3.2\PSoC Creator\psoc\content\cycomponentlibrary\CyComponentLibrary.cylib\BLE_v2_0\Library\gccCyBLEStack_BLE_SOC_PERIPHERAL.a(BT_os.o)
                              C:\Program Files (x86)\Cypress\PSoC Creator\3.2\PSoC Creator\psoc\content\cycomponentlibrary\CyComponentLibrary.cylib\BLE_v2_0\Library\gccCyBLEStack_BLE_SOC_PERIPHERAL.a(CyBleStackMgrIP_Interface.o) (cyBleStackMemoryConfig)
C:\Program Files (x86)\Cypress\PSoC Creator\3.2\PSoC Creator\psoc\content\cycomponentlibrary\CyComponentLibrary.cylib\BLE_v2_0\Library\gccCyBLEStack_BLE_SOC_PERIPHERAL.a(CyBleStackMgr_StackTaskHandler.o)
                              C:\Program Files (x86)\Cypress\PSoC Creator\3.2\PSoC Creator\psoc\content\cycomponentlibrary\CyComponentLibrary.cylib\BLE_v2_0\Library\gccCyBLEStack_BLE_SOC_PERIPHERAL.a(CyBleStackMgrIP_Interface.o) (CyBle_CreateBleStackTask)
C:\Program Files (x86)\Cypress\PSoC Creator\3.2\PSoC Creator\psoc\content\cycomponentlibrary\CyComponentLibrary.cylib\BLE_v2_0\Library\gccCyBLEStack_BLE_SOC_PERIPHERAL.a(transport_sf.o)
                              C:\Program Files (x86)\Cypress\PSoC Creator\3.2\PSoC Creator\psoc\content\cycomponentlibrary\CyComponentLibrary.cylib\BLE_v2_0\Library\gccCyBLEStack_BLE_SOC_PERIPHERAL.a(CyBleStackMgr_StackTaskHandler.o) (hci_soft_transport_notify_data_received)
C:\Program Files (x86)\Cypress\PSoC Creator\3.2\PSoC Creator\psoc\content\cycomponentlibrary\CyComponentLibrary.cylib\BLE_v2_0\Library\gccCyBLEStack_BLE_SOC_PERIPHERAL.a(CyBleStackMgr_PSoCHal.o)
[...]
Memory Configuration

Name             Origin             Length             Attributes
rom              0x00000000         0x00020000         xr
ram              0x20000000         0x00004000         xrw
*default*        0x00000000         0xffffffff

Linker script and memory map

LOAD c:/program files (x86)/cypress/psoc creator/3.2/psoc creator/import/gnu/arm/4.8.4/bin/../lib/gcc/arm-none-eabi/4.8.4/armv6-m/crti.o
LOAD c:/program files (x86)/cypress/psoc creator/3.2/psoc creator/import/gnu/arm/4.8.4/bin/../lib/gcc/arm-none-eabi/4.8.4/armv6-m/crtbegin.o
LOAD c:/program files (x86)/cypress/psoc creator/3.2/psoc creator/import/gnu/arm/4.8.4/bin/../lib/gcc/arm-none-eabi/4.8.4/../../../../arm-none-eabi/lib/armv6-m/crt0.o
START GROUP
LOAD .\CortexM0\ARM_GCC_484\Debug\main.o
LOAD .\CortexM0\ARM_GCC_484\Debug\HeartRateProcessing.o
LOAD .\CortexM0\ARM_GCC_484\Debug\BleProcessing.o
LOAD .\CortexM0\ARM_GCC_484\Debug\WatchdogTimer.o
LOAD .\CortexM0\ARM_GCC_484\Debug\cymetadata.o
LOAD .\CortexM0\ARM_GCC_484\Debug\Cm0Start.o
LOAD .\CortexM0\ARM_GCC_484\Debug\BLE Lab 3.a
LOAD C:\Program Files (x86)\Cypress\PSoC Creator\3.2\PSoC Creator\psoc\content\cycomponentlibrary\CyComponentLibrary.cylib\BLE_v2_0\Library\gccCyBLEStack_BLE_SOC_PERIPHERAL.a
LOAD C:\Program Files (x86)\Cypress\PSoC Creator\3.2\PSoC Creator\psoc\content\cycomponentlibrary\CyComponentLibrary.cylib\CortexM0\ARM_GCC_484\Debug\CyComponentLibrary.a
END GROUP
START GROUP
LOAD c:/program files (x86)/cypress/psoc creator/3.2/psoc creator/import/gnu/arm/4.8.4/bin/../lib/gcc/arm-none-eabi/4.8.4/armv6-m\libgcc.a
LOAD c:/program files (x86)/cypress/psoc creator/3.2/psoc creator/import/gnu/arm/4.8.4/bin/../lib/gcc/arm-none-eabi/4.8.4/../../../../arm-none-eabi/lib/armv6-m\libg_s.a
LOAD c:/program files (x86)/cypress/psoc creator/3.2/psoc creator/import/gnu/arm/4.8.4/bin/../lib/gcc/arm-none-eabi/4.8.4/../../../../arm-none-eabi/lib/armv6-m\libc_s.a
END GROUP
START GROUP
LOAD c:/program files (x86)/cypress/psoc creator/3.2/psoc creator/import/gnu/arm/4.8.4/bin/../lib/gcc/arm-none-eabi/4.8.4/armv6-m\libgcc.a
LOAD c:/program files (x86)/cypress/psoc creator/3.2/psoc creator/import/gnu/arm/4.8.4/bin/../lib/gcc/arm-none-eabi/4.8.4/../../../../arm-none-eabi/lib/armv6-m\libc_s.a
END GROUP
LOAD c:/program files (x86)/cypress/psoc creator/3.2/psoc creator/import/gnu/arm/4.8.4/bin/../lib/gcc/arm-none-eabi/4.8.4/armv6-m/crtend.o
LOAD c:/program files (x86)/cypress/psoc creator/3.2/psoc creator/import/gnu/arm/4.8.4/bin/../lib/gcc/arm-none-eabi/4.8.4/armv6-m/crtn.o
START GROUP
LOAD c:/program files (x86)/cypress/psoc creator/3.2/psoc creator/import/gnu/arm/4.8.4/bin/../lib/gcc/arm-none-eabi/4.8.4/armv6-m\libgcc.a
LOAD c:/program files (x86)/cypress/psoc creator/3.2/psoc creator/import/gnu/arm/4.8.4/bin/../lib/gcc/arm-none-eabi/4.8.4/../../../../arm-none-eabi/lib/armv6-m\libc.a
LOAD c:/program files (x86)/cypress/psoc creator/3.2/psoc creator/import/gnu/arm/4.8.4/bin/../lib/gcc/arm-none-eabi/4.8.4/../../../../arm-none-eabi/lib/armv6-m\libnosys.a
END GROUP
                0x00000000                CY_APPL_ORIGIN = 0x0
                0x00000080                CY_FLASH_ROW_SIZE = 0x80
                0x00000001                CY_APPL_NUM = 0x1
                0x00000040                CY_METADATA_SIZE = 0x40
                0x20001de0                PROVIDE (__cy_heap_start, _end)
                0x00000001                PROVIDE (__cy_region_num, ((__cy_regions_end - __cy_regions) / 0x10))
                0x20004000                PROVIDE (__cy_stack, (ORIGIN (ram) + 0x4000))
                0x20003c00                PROVIDE (__cy_heap_end, (__cy_stack - 0x400))

.cybootloader   0x00000000        0x0
 *(.cybootloader)
                0x00000000                appl1_start = CY_APPL_ORIGIN?CY_APPL_ORIGIN:ALIGN (CY_FLASH_ROW_SIZE)
                0x0000ff80                appl2_start = (appl1_start + ALIGN ((((0x20000 - appl1_start) - (0x2 * CY_FLASH_ROW_SIZE)) / 0x2), CY_FLASH_ROW_SIZE))
                0x00000000                appl_start = (CY_APPL_NUM == 0x1)?appl1_start:appl2_start

.text           0x00000000     0x2528
 CREATE_OBJECT_SYMBOLS
                0x00000000                PROVIDE (__cy_interrupt_vector, RomVectors)
 *(.romvectors)
 .romvectors    0x00000000       0x10 .\CortexM0\ARM_GCC_484\Debug\Cm0Start.o
                0x00000000                RomVectors
                0x00000001                ASSERT ((. != __cy_interrupt_vector), No interrupt vector)
                0x00000001                ASSERT (CY_APPL_ORIGIN?(SIZEOF (.cybootloader) <= CY_APPL_ORIGIN):0x1, Wrong image location)
                0x00000010                PROVIDE (__cy_reset, Reset)
 *(.text.Reset)
 .text.Reset    0x00000010        0x8 .\CortexM0\ARM_GCC_484\Debug\Cm0Start.o
                0x00000010                Reset
                0x00000001                ASSERT ((. != __cy_reset), No reset code)
 *(.psocinit)
 .psocinit      0x00000018      0x230 .\CortexM0\ARM_GCC_484\Debug\BLE Lab 3.a(cyfitter_cfg.o)
                0x000000e4                cyfitter_cfg
                0x00000248                . = MAX (., 0x100)
 *(.text .text.* .gnu.linkonce.t.*)
 .text          0x00000248       0x60 c:/program files (x86)/cypress/psoc creator/3.2/psoc creator/import/gnu/arm/4.8.4/bin/../lib/gcc/arm-none-eabi/4.8.4/armv6-m/crtbegin.o
 .text.InitializeSystem
                0x000002a8       0x3c .\CortexM0\ARM_GCC_484\Debug\main.o
 .text.main     0x000002e4       0xe8 .\CortexM0\ARM_GCC_484\Debug\main.o
                0x000002e4                main
 .text.ProcessHeartRateSignal
                0x000003cc       0xb0 .\CortexM0\ARM_GCC_484\Debug\HeartRateProcessing.o
                0x000003cc                ProcessHeartRateSignal
 .text.SendHeartRateOverBLE
                0x0000047c       0x58 .\CortexM0\ARM_GCC_484\Debug\BleProcessing.o
                0x0000047c                SendHeartRateOverBLE
 .text.HrsEventHandler
                0x000004d4       0x38 .\CortexM0\ARM_GCC_484\Debug\BleProcessing.o
                0x000004d4                HrsEventHandler
 .text.GeneralEventHandler
                0x0000050c       0xac .\CortexM0\ARM_GCC_484\Debug\BleProcessing.o
                0x0000050c                GeneralEventHandler
 .text.WatchdogTimer_Isr
                0x000005b8       0x20 .\CortexM0\ARM_GCC_484\Debug\WatchdogTimer.o
                0x000005b8                WatchdogTimer_Isr
 .text.WatchdogTimer_Start
                0x000005d8       0x48 .\CortexM0\ARM_GCC_484\Debug\WatchdogTimer.o
                0x000005d8                WatchdogTimer_Start
 .text.WatchdogTimer_GetTimestamp
                0x00000620       0x14 .\CortexM0\ARM_GCC_484\Debug\WatchdogTimer.o
                0x00000620                WatchdogTimer_GetTimestamp
 .text.IntDefaultHandler
                0x00000634        0x8 .\CortexM0\ARM_GCC_484\Debug\Cm0Start.o
                0x00000634                IntDefaultHandler
 .text.Start_c  0x0000063c       0x98 .\CortexM0\ARM_GCC_484\Debug\Cm0Start.o
                0x0000063c                Start_c
 .text.initialize_psoc
                0x000006d4       0x70 .\CortexM0\ARM_GCC_484\Debug\Cm0Start.o
                0x000006d4                initialize_psoc
 .text.CYMEMZERO
                0x00000744       0x20 .\CortexM0\ARM_GCC_484\Debug\BLE Lab 3.a(cyfitter_cfg.o)
 .text.cfg_write_bytes32
                0x00000764       0x80 .\CortexM0\ARM_GCC_484\Debug\BLE Lab 3.a(cyfitter_cfg.o)
 .text.AnalogSetDefault
                0x000007e4       0x60 .\CortexM0\ARM_GCC_484\Debug\BLE Lab 3.a(cyfitter_cfg.o)
 .text.SetAnalogRoutingPumps
                0x00000844       0x40 .\CortexM0\ARM_GCC_484\Debug\BLE Lab 3.a(cyfitter_cfg.o)
                0x00000844                SetAnalogRoutingPumps
 .text.SW2_Switch_ClearInterrupt
                0x00000884       0x30 .\CortexM0\ARM_GCC_484\Debug\BLE Lab 3.a(SW2_Switch.o)
                0x00000884                SW2_Switch_ClearInterrupt
 .text.Wakeup_ISR_Start
                0x000008b4       0x24 .\CortexM0\ARM_GCC_484\Debug\BLE Lab 3.a(Wakeup_ISR.o)
                0x000008b4                Wakeup_ISR_Start
 .text.Wakeup_ISR_Interrupt
                0x000008d8        0x8 .\CortexM0\ARM_GCC_484\Debug\BLE Lab 3.a(Wakeup_ISR.o)
                0x000008d8                Wakeup_ISR_Interrupt
 .text.Wakeup_ISR_SetVector
                0x000008e0       0x18 .\CortexM0\ARM_GCC_484\Debug\BLE Lab 3.a(Wakeup_ISR.o)
                0x000008e0                Wakeup_ISR_SetVector
 .text.Wakeup_ISR_SetPriority
                0x000008f8       0x50 .\CortexM0\ARM_GCC_484\Debug\BLE Lab 3.a(Wakeup_ISR.o)
                0x000008f8                Wakeup_ISR_SetPriority
 .text.Wakeup_ISR_Enable
                0x00000948       0x14 .\CortexM0\ARM_GCC_484\Debug\BLE Lab 3.a(Wakeup_ISR.o)
                0x00000948                Wakeup_ISR_Enable
 .text.Wakeup_ISR_Disable
                0x0000095c       0x14 .\CortexM0\ARM_GCC_484\Debug\BLE Lab 3.a(Wakeup_ISR.o)
                0x0000095c                Wakeup_ISR_Disable
 .text.Led_Advertising_Green_Write
                0x00000970       0x4c .\CortexM0\ARM_GCC_484\Debug\BLE Lab 3.a(Led_Advertising_Green.o)
                0x00000970                Led_Advertising_Green_Write
 .text.Led_Advertising_Green_SetDriveMode
                0x000009bc       0x30 .\CortexM0\ARM_GCC_484\Debug\BLE Lab 3.a(Led_Advertising_Green.o)
                0x000009bc                Led_Advertising_Green_SetDriveMode
 .text.Led_Connected_Blue_Write
                0x000009ec       0x48 .\CortexM0\ARM_GCC_484\Debug\BLE Lab 3.a(Led_Connected_Blue.o)
                0x000009ec                Led_Connected_Blue_Write
 .text.Led_Connected_Blue_SetDriveMode
                0x00000a34       0x30 .\CortexM0\ARM_GCC_484\Debug\BLE Lab 3.a(Led_Connected_Blue.o)
                0x00000a34                Led_Connected_Blue_SetDriveMode
 .text.CyBle_HrsInit
                0x00000a64        0x8 .\CortexM0\ARM_GCC_484\Debug\BLE Lab 3.a(BLE_hrs.o)
                0x00000a64                CyBle_HrsInit
 .text.CyBle_HrsRegisterAttrCallback
                0x00000a6c       0x18 .\CortexM0\ARM_GCC_484\Debug\BLE Lab 3.a(BLE_hrs.o)
                0x00000a6c                CyBle_HrsRegisterAttrCallback
 .text.CyBle_HrssGetCharacteristicValue
                0x00000a84       0x9c .\CortexM0\ARM_GCC_484\Debug\BLE Lab 3.a(BLE_hrs.o)
                0x00000a84                CyBle_HrssGetCharacteristicValue
 .text.CyBle_HrssSendNotification
                0x00000b20       0xdc .\CortexM0\ARM_GCC_484\Debug\BLE Lab 3.a(BLE_hrs.o)
                0x00000b20                CyBle_HrssSendNotification
 .text.CyBle_HrssWriteEventHandler
                0x00000bfc      0x118 .\CortexM0\ARM_GCC_484\Debug\BLE Lab 3.a(BLE_hrs.o)
                0x00000bfc                CyBle_HrssWriteEventHandler
 .text.CyBle_Init
                0x00000d14       0x2c .\CortexM0\ARM_GCC_484\Debug\BLE Lab 3.a(BLE.o)
                0x00000d14                CyBle_Init
 .text.CyBle_ServiceInit
                0x00000d40       0x10 .\CortexM0\ARM_GCC_484\Debug\BLE Lab 3.a(BLE.o)
                0x00000d40                CyBle_ServiceInit
 .text.CyBle_Start
                0x00000d50       0xb0 .\CortexM0\ARM_GCC_484\Debug\BLE Lab 3.a(BLE.o)
                0x00000d50                CyBle_Start
 .text.CyBle_Stop
                0x00000e00       0x18 .\CortexM0\ARM_GCC_484\Debug\BLE Lab 3.a(BLE.o)
                0x00000e00                CyBle_Stop
 .text.CyBle_GappStartAdvertisement
                0x00000e18       0xd4 .\CortexM0\ARM_GCC_484\Debug\BLE Lab 3.a(BLE.o)
                0x00000e18                CyBle_GappStartAdvertisement
 .text.CyBle_ChangeAdDeviceAddress
                0x00000eec       0x60 .\CortexM0\ARM_GCC_484\Debug\BLE Lab 3.a(BLE.o)
                0x00000eec                CyBle_ChangeAdDeviceAddress
 .text.CyBle_Get16ByPtr
                0x00000f4c       0x24 .\CortexM0\ARM_GCC_484\Debug\BLE Lab 3.a(BLE.o)
                0x00000f4c                CyBle_Get16ByPtr
 .text.CyBle_GattsWriteEventHandler
                0x00000f70       0xa0 .\CortexM0\ARM_GCC_484\Debug\BLE Lab 3.a(BLE_gatt.o)
                0x00000f70                CyBle_GattsWriteEventHandler
 .text.CyBle_WriteReqHandler
                0x00001010       0x98 .\CortexM0\ARM_GCC_484\Debug\BLE Lab 3.a(BLE_eventHandler.o)
 .text.CyBle_ValueConfirmation
                0x000010a8       0x10 .\CortexM0\ARM_GCC_484\Debug\BLE Lab 3.a(BLE_eventHandler.o)
 .text.CyBle_GattDisconnectEventHandler
                0x000010b8       0x18 .\CortexM0\ARM_GCC_484\Debug\BLE Lab 3.a(BLE_eventHandler.o)
 .text.CyBle_TimeOutEventHandler
                0x000010d0       0x10 .\CortexM0\ARM_GCC_484\Debug\BLE Lab 3.a(BLE_eventHandler.o)
 .text.CyBle_GattConnectReqHandler
                0x000010e0        0x8 .\CortexM0\ARM_GCC_484\Debug\BLE Lab 3.a(BLE_eventHandler.o)
 .text.CyBle_IsDeviceAddressValid
                0x000010e8       0x60 .\CortexM0\ARM_GCC_484\Debug\BLE Lab 3.a(BLE_eventHandler.o)
 .text.CyBle_L2Cap_ConnParamUpdateRspEventHandler
                0x00001148       0x14 .\CortexM0\ARM_GCC_484\Debug\BLE Lab 3.a(BLE_eventHandler.o)
 .text.CyBle_GapConnUpdateCompleteEventHandler
                0x0000115c       0x10 .\CortexM0\ARM_GCC_484\Debug\BLE Lab 3.a(BLE_eventHandler.o)
 .text.CyBle_EventHandler
                0x0000116c      0x2bc .\CortexM0\ARM_GCC_484\Debug\BLE Lab 3.a(BLE_eventHandler.o)
                0x0000116c                CyBle_EventHandler
 .text.CyBle_DisInit
                0x00001428        0x8 .\CortexM0\ARM_GCC_484\Debug\BLE Lab 3.a(BLE_dis.o)
                0x00001428                CyBle_DisInit
 .text.Opamp_Init
                0x00001430       0x34 .\CortexM0\ARM_GCC_484\Debug\BLE Lab 3.a(Opamp.o)
                0x00001430                Opamp_Init
 .text.Opamp_Enable
                0x00001464       0x24 .\CortexM0\ARM_GCC_484\Debug\BLE Lab 3.a(Opamp.o)
                0x00001464                Opamp_Enable
 .text.Opamp_Start
                0x00001488       0x24 .\CortexM0\ARM_GCC_484\Debug\BLE Lab 3.a(Opamp.o)
                0x00001488                Opamp_Start
 .text.ADC_Start
                0x000014ac       0x24 .\CortexM0\ARM_GCC_484\Debug\BLE Lab 3.a(ADC.o)
                0x000014ac                ADC_Start
 .text.ADC_Init
                0x000014d0      0x1c4 .\CortexM0\ARM_GCC_484\Debug\BLE Lab 3.a(ADC.o)
                0x000014d0                ADC_Init
 .text.ADC_Enable
                0x00001694       0x38 .\CortexM0\ARM_GCC_484\Debug\BLE Lab 3.a(ADC.o)
                0x00001694                ADC_Enable
 .text.ADC_Stop
                0x000016cc       0x18 .\CortexM0\ARM_GCC_484\Debug\BLE Lab 3.a(ADC.o)
                0x000016cc                ADC_Stop
 .text.ADC_StartConvert
                0x000016e4       0x14 .\CortexM0\ARM_GCC_484\Debug\BLE Lab 3.a(ADC.o)
                0x000016e4                ADC_StartConvert
 .text.ADC_StopConvert
                0x000016f8        0x8 .\CortexM0\ARM_GCC_484\Debug\BLE Lab 3.a(ADC.o)
                0x000016f8                ADC_StopConvert
 .text.ADC_IsEndConversion
                0x00001700       0x48 .\CortexM0\ARM_GCC_484\Debug\BLE Lab 3.a(ADC.o)
                0x00001700                ADC_IsEndConversion
 .text.ADC_GetResult16
                0x00001748       0x44 .\CortexM0\ARM_GCC_484\Debug\BLE Lab 3.a(ADC.o)
                0x00001748                ADC_GetResult16
 .text.ADC_Sleep
                0x0000178c       0x84 .\CortexM0\ARM_GCC_484\Debug\BLE Lab 3.a(ADC_PM.o)
                0x0000178c                ADC_Sleep
 .text.ADC_Wakeup
                0x00001810       0x58 .\CortexM0\ARM_GCC_484\Debug\BLE Lab 3.a(ADC_PM.o)
                0x00001810                ADC_Wakeup
 .text.ADC_ISR  0x00001868       0x1c .\CortexM0\ARM_GCC_484\Debug\BLE Lab 3.a(ADC_INT.o)
                0x00001868                ADC_ISR
 *fill*         0x00001884        0x4 
 .text          0x00001888       0x20 .\CortexM0\ARM_GCC_484\Debug\BLE Lab 3.a(CyBootAsmGnu.o)
                0x00001888                CyDelayCycles
                0x0000189a                CyEnterCriticalSection
                0x000018a2                CyExitCriticalSection
 .text.CySysClkWriteSysclkDiv
                0x000018a8       0x44 .\CortexM0\ARM_GCC_484\Debug\BLE Lab 3.a(CyLib.o)
                0x000018a8                CySysClkWriteSysclkDiv
 .text.CySysClkWriteImoFreq
                0x000018ec       0x98 .\CortexM0\ARM_GCC_484\Debug\BLE Lab 3.a(CyLib.o)
                0x000018ec                CySysClkWriteImoFreq
 .text.CySysClkEcoStart
                0x00001984       0x74 .\CortexM0\ARM_GCC_484\Debug\BLE Lab 3.a(CyLib.o)
                0x00001984                CySysClkEcoStart
 .text.CySysClkEcoReadStatus
                0x000019f8       0x18 .\CortexM0\ARM_GCC_484\Debug\BLE Lab 3.a(CyLib.o)
                0x000019f8                CySysClkEcoReadStatus
 .text.CyIntSetVector
                0x00001a10       0x4c .\CortexM0\ARM_GCC_484\Debug\BLE Lab 3.a(CyLib.o)
                0x00001a10                CyIntSetVector
 .text.CyIntSetPriority
                0x00001a5c       0xa8 .\CortexM0\ARM_GCC_484\Debug\BLE Lab 3.a(CyLib.o)
                0x00001a5c                CyIntSetPriority
 .text.CyIntEnable
                0x00001b04       0x2c .\CortexM0\ARM_GCC_484\Debug\BLE Lab 3.a(CyLib.o)
                0x00001b04                CyIntEnable
 .text.CyHalt   0x00001b30       0x14 .\CortexM0\ARM_GCC_484\Debug\BLE Lab 3.a(CyLib.o)
                0x00001b30                CyHalt
 .text.CyDelay  0x00001b44       0x48 .\CortexM0\ARM_GCC_484\Debug\BLE Lab 3.a(CyLib.o)
                0x00001b44                CyDelay
 .text.CyDelayUs
                0x00001b8c       0x28 .\CortexM0\ARM_GCC_484\Debug\BLE Lab 3.a(CyLib.o)
                0x00001b8c                CyDelayUs
 .text.CySysPmSleep
                0x00001bb4       0x34 .\CortexM0\ARM_GCC_484\Debug\BLE Lab 3.a(cyPm.o)
                0x00001bb4                CySysPmSleep
 .text.CySysPmDeepSleep
                0x00001be8       0x6c .\CortexM0\ARM_GCC_484\Debug\BLE Lab 3.a(cyPm.o)
                0x00001be8                CySysPmDeepSleep
 .text.CySysPmHibernate
                0x00001c54       0x6c .\CortexM0\ARM_GCC_484\Debug\BLE Lab 3.a(cyPm.o)
                0x00001c54                CySysPmHibernate
 .text.CySysClkWcoSetHighPowerMode
                0x00001cc0       0x48 .\CortexM0\ARM_GCC_484\Debug\BLE Lab 3.a(CyLFClk.o)
 .text.CySysClkWcoSetLowPowerMode
                0x00001d08       0x48 .\CortexM0\ARM_GCC_484\Debug\BLE Lab 3.a(CyLFClk.o)
 .text.CySysClkWcoStart
                0x00001d50       0x20 .\CortexM0\ARM_GCC_484\Debug\BLE Lab 3.a(CyLFClk.o)
                0x00001d50                CySysClkWcoStart
 .text.CySysClkWcoSetPowerMode
                0x00001d70       0x40 .\CortexM0\ARM_GCC_484\Debug\BLE Lab 3.a(CyLFClk.o)
                0x00001d70                CySysClkWcoSetPowerMode
 .text.CySysWdtLock
                0x00001db0       0x34 .\CortexM0\ARM_GCC_484\Debug\BLE Lab 3.a(CyLFClk.o)
                0x00001db0                CySysWdtLock
 .text.CySysWdtLocked
                0x00001de4       0x20 .\CortexM0\ARM_GCC_484\Debug\BLE Lab 3.a(CyLFClk.o)
 .text.CySysWdtUnlock
                0x00001e04       0x4c .\CortexM0\ARM_GCC_484\Debug\BLE Lab 3.a(CyLFClk.o)
                0x00001e04                CySysWdtUnlock
 .text.CySysWdtGetEnabledStatus
                0x00001e50       0x30 .\CortexM0\ARM_GCC_484\Debug\BLE Lab 3.a(CyLFClk.o)
                0x00001e50                CySysWdtGetEnabledStatus
 .text.CySysWdtSetMode
                0x00001e80       0x60 .\CortexM0\ARM_GCC_484\Debug\BLE Lab 3.a(CyLFClk.o)
                0x00001e80                CySysWdtSetMode
 .text.CySysWdtSetClearOnMatch
                0x00001ee0       0x70 .\CortexM0\ARM_GCC_484\Debug\BLE Lab 3.a(CyLFClk.o)
                0x00001ee0                CySysWdtSetClearOnMatch
 .text.CySysWdtEnable
                0x00001f50       0x64 .\CortexM0\ARM_GCC_484\Debug\BLE Lab 3.a(CyLFClk.o)
                0x00001f50                CySysWdtEnable
 .text.CySysWdtSetMatch
                0x00001fb4       0x90 .\CortexM0\ARM_GCC_484\Debug\BLE Lab 3.a(CyLFClk.o)
                0x00001fb4                CySysWdtSetMatch
 .text.CySysWdtClearInterrupt
                0x00002044       0x70 .\CortexM0\ARM_GCC_484\Debug\BLE Lab 3.a(CyLFClk.o)
                0x00002044                CySysWdtClearInterrupt
 .text.CyBLE_Bless_LlRegWrite
                0x000020b4       0x1c .\CortexM0\ARM_GCC_484\Debug\BLE Lab 3.a(BLE_HAL_PVT.o)
                0x000020b4                CyBLE_Bless_LlRegWrite
 .text.CyBLE_Bless_RfRegWrite
                0x000020d0       0x1c .\CortexM0\ARM_GCC_484\Debug\BLE Lab 3.a(BLE_HAL_PVT.o)
                0x000020d0                CyBLE_Bless_RfRegWrite
 .text.CyBLE_BlessDeviceConfig
                0x000020ec      0x110 .\CortexM0\ARM_GCC_484\Debug\BLE Lab 3.a(BLE_HAL_PVT.o)
                0x000020ec                CyBLE_BlessDeviceConfig
 .text.CyBleHal_DelayUs
                0x000021fc       0x1c .\CortexM0\ARM_GCC_484\Debug\BLE Lab 3.a(BLE_HAL_PVT.o)
                0x000021fc                CyBleHal_DelayUs
 .text.CyBleHal_DelayMs
                0x00002218       0x18 .\CortexM0\ARM_GCC_484\Debug\BLE Lab 3.a(BLE_HAL_PVT.o)
                0x00002218                CyBleHal_DelayMs
 .text.CyBleHal_EnableGlobalInterrupts
                0x00002230        0xc .\CortexM0\ARM_GCC_484\Debug\BLE Lab 3.a(BLE_HAL_PVT.o)
                0x00002230                CyBleHal_EnableGlobalInterrupts
 .text.CyBleHal_DisableGlobalInterrupts
                0x0000223c        0xc .\CortexM0\ARM_GCC_484\Debug\BLE Lab 3.a(BLE_HAL_PVT.o)
                0x0000223c                CyBleHal_DisableGlobalInterrupts
 .text.CyBle_HalInit
                0x00002248       0x20 .\CortexM0\ARM_GCC_484\Debug\BLE Lab 3.a(BLE_HAL_PVT.o)
                0x00002248                CyBle_HalInit
 .text.CYBLE_BlessStart
                0x00002268       0x14 .\CortexM0\ARM_GCC_484\Debug\BLE Lab 3.a(BLE_HAL_PVT.o)
                0x00002268                CYBLE_BlessStart
 .text.BLE_bless_isr_StartEx
                0x0000227c       0x24 .\CortexM0\ARM_GCC_484\Debug\BLE Lab 3.a(BLE_bless_isr.o)
                0x0000227c                BLE_bless_isr_StartEx
 .text.BLE_bless_isr_SetVector
                0x000022a0       0x18 .\CortexM0\ARM_GCC_484\Debug\BLE Lab 3.a(BLE_bless_isr.o)
                0x000022a0                BLE_bless_isr_SetVector
 .text.BLE_bless_isr_SetPriority
                0x000022b8       0x50 .\CortexM0\ARM_GCC_484\Debug\BLE Lab 3.a(BLE_bless_isr.o)
                0x000022b8                BLE_bless_isr_SetPriority
 .text.BLE_bless_isr_Enable
                0x00002308       0x14 .\CortexM0\ARM_GCC_484\Debug\BLE Lab 3.a(BLE_bless_isr.o)
                0x00002308                BLE_bless_isr_Enable
 .text.BLE_bless_isr_Disable
                0x0000231c       0x14 .\CortexM0\ARM_GCC_484\Debug\BLE Lab 3.a(BLE_bless_isr.o)
                0x0000231c                BLE_bless_isr_Disable
 .text.CyBLE_Bless_Interrupt
                0x00002330        0xc .\CortexM0\ARM_GCC_484\Debug\BLE Lab 3.a(BLE_HAL_INT.o)
                0x00002330                CyBLE_Bless_Interrupt
 .text          0x0000233c       0x9c c:/program files (x86)/cypress/psoc creator/3.2/psoc creator/import/gnu/arm/4.8.4/bin/../lib/gcc/arm-none-eabi/4.8.4/armv6-m\libgcc.a(_udivsi3.o)
                0x0000233c                __aeabi_uidiv
                0x0000233c                __udivsi3
                0x000023c4                __aeabi_uidivmod
 .text          0x000023d8       0xc0 c:/program files (x86)/cypress/psoc creator/3.2/psoc creator/import/gnu/arm/4.8.4/bin/../lib/gcc/arm-none-eabi/4.8.4/armv6-m\libgcc.a(_divsi3.o)
                0x000023d8                __divsi3
                0x000023d8                __aeabi_idiv
                0x00002484                __aeabi_idivmod
 .text          0x00002498        0x4 c:/program files (x86)/cypress/psoc creator/3.2/psoc creator/import/gnu/arm/4.8.4/bin/../lib/gcc/arm-none-eabi/4.8.4/armv6-m\libgcc.a(_dvmd_tls.o)
                0x00002498                __aeabi_idiv0
                0x00002498                __aeabi_ldiv0
 .text.__libc_init_array
                0x0000249c       0x4c c:/program files (x86)/cypress/psoc creator/3.2/psoc creator/import/gnu/arm/4.8.4/bin/../lib/gcc/arm-none-eabi/4.8.4/../../../../arm-none-eabi/lib/armv6-m\libg_s.a(lib_a-init.o)
                0x0000249c                __libc_init_array
 .text.memcmp   0x000024e8       0x1e c:/program files (x86)/cypress/psoc creator/3.2/psoc creator/import/gnu/arm/4.8.4/bin/../lib/gcc/arm-none-eabi/4.8.4/../../../../arm-none-eabi/lib/armv6-m\libg_s.a(lib_a-memcmp.o)
                0x000024e8                memcmp
 .text.memcpy   0x00002506       0x12 c:/program files (x86)/cypress/psoc creator/3.2/psoc creator/import/gnu/arm/4.8.4/bin/../lib/gcc/arm-none-eabi/4.8.4/../../../../arm-none-eabi/lib/armv6-m\libg_s.a(lib_a-memcpy-stub.o)
                0x00002506                memcpy
 .text.memset   0x00002518       0x10 c:/program files (x86)/cypress/psoc creator/3.2/psoc creator/import/gnu/arm/4.8.4/bin/../lib/gcc/arm-none-eabi/4.8.4/../../../../arm-none-eabi/lib/armv6-m\libg_s.a(lib_a-memset.o)
                0x00002518                memset
 *(.plt)
 *(.gnu.warning)
 *(.glue_7t)
 .glue_7t       0x00000000        0x0 linker stubs
 *(.glue_7)
 .glue_7        0x00000000        0x0 linker stubs
 *(.vfp11_veneer)
 .vfp11_veneer  0x00000000        0x0 linker stubs
 *(.bootloader)
 *(.ARM.extab* .gnu.linkonce.armextab.*)
 *(.gcc_except_table)

.v4_bx          0x00002528        0x0
 .v4_bx         0x00000000        0x0 linker stubs

.iplt           0x00002528        0x0
 .iplt          0x00000000        0x0 c:/program files (x86)/cypress/psoc creator/3.2/psoc creator/import/gnu/arm/4.8.4/bin/../lib/gcc/arm-none-eabi/4.8.4/armv6-m/crtbegin.o

i.CyBle_EnterLPM
                0x00002528        0x8
 i.CyBle_EnterLPM
                0x00002528        0x8 C:\Program Files (x86)\Cypress\PSoC Creator\3.2\PSoC Creator\psoc\content\cycomponentlibrary\CyComponentLibrary.cylib\BLE_v2_0\Library\gccCyBLEStack_BLE_SOC_PERIPHERAL.a(CyBle.o)
                0x00002528                CyBle_EnterLPM

i.CyBle_ExitLPM
                0x00002530        0x8
 i.CyBle_ExitLPM
                0x00002530        0x8 C:\Program Files (x86)\Cypress\PSoC Creator\3.2\PSoC Creator\psoc\content\cycomponentlibrary\CyComponentLibrary.cylib\BLE_v2_0\Library\gccCyBLEStack_BLE_SOC_PERIPHERAL.a(CyBle.o)
                0x00002530                CyBle_ExitLPM

i.CyBle_ProcessEvents
                0x00002538        0x8
 i.CyBle_ProcessEvents
                0x00002538        0x8 C:\Program Files (x86)\Cypress\PSoC Creator\3.2\PSoC Creator\psoc\content\cycomponentlibrary\CyComponentLibrary.cylib\BLE_v2_0\Library\gccCyBLEStack_BLE_SOC_PERIPHERAL.a(CyBle.o)
                0x00002538                CyBle_ProcessEvents

i.CyBle_SetDeviceAddress
                0x00002540       0x24
 i.CyBle_SetDeviceAddress
                0x00002540       0x24 C:\Program Files (x86)\Cypress\PSoC Creator\3.2\PSoC Creator\psoc\content\cycomponentlibrary\CyComponentLibrary.cylib\BLE_v2_0\Library\gccCyBLEStack_BLE_SOC_PERIPHERAL.a(CyBle.o)
                0x00002540                CyBle_SetDeviceAddress

i.CyBle_Shutdown
                0x00002564       0x24
 i.CyBle_Shutdown
                0x00002564       0x24 C:\Program Files (x86)\Cypress\PSoC Creator\3.2\PSoC Creator\psoc\content\cycomponentlibrary\CyComponentLibrary.cylib\BLE_v2_0\Library\gccCyBLEStack_BLE_SOC_PERIPHERAL.a(CyBle.o)
                0x00002564                CyBle_Shutdown

i.CyBle_StackInit
                0x00002588       0x80
 i.CyBle_StackInit
                0x00002588       0x80 C:\Program Files (x86)\Cypress\PSoC Creator\3.2\PSoC Creator\psoc\content\cycomponentlibrary\CyComponentLibrary.cylib\BLE_v2_0\Library\gccCyBLEStack_BLE_SOC_PERIPHERAL.a(CyBle.o)
                0x00002588                CyBle_StackInit

i.CyBleStackMgr_Init
                0x00002608       0xb4
 i.CyBleStackMgr_Init
                0x00002608       0xb4 C:\Program Files (x86)\Cypress\PSoC Creator\3.2\PSoC Creator\psoc\content\cycomponentlibrary\CyComponentLibrary.cylib\BLE_v2_0\Library\gccCyBLEStack_BLE_SOC_PERIPHERAL.a(CyBleStackMgrIP_Interface.o)
                0x00002608                CyBleStackMgr_Init

i.CyBleStackMgr_ProcessBleEvents
                0x000026bc       0x14
 i.CyBleStackMgr_ProcessBleEvents
                0x000026bc       0x14 C:\Program Files (x86)\Cypress\PSoC Creator\3.2\PSoC Creator\psoc\content\cycomponentlibrary\CyComponentLibrary.cylib\BLE_v2_0\Library\gccCyBLEStack_BLE_SOC_PERIPHERAL.a(CyBleStackMgrIP_Interface.o)
                0x000026bc                CyBleStackMgr_ProcessBleEvents

i.CyBleStackMgr_Reset
                0x000026d0       0x34
 i.CyBleStackMgr_Reset
                0x000026d0       0x34 C:\Program Files (x86)\Cypress\PSoC Creator\3.2\PSoC Creator\psoc\content\cycomponentlibrary\CyComponentLibrary.cylib\BLE_v2_0\Library\gccCyBLEStack_BLE_SOC_PERIPHERAL.a(CyBleStackMgrIP_Interface.o)
                0x000026d0                CyBleStackMgr_Reset

i.CyBleStackMgr_Shutdown
                0x00002704       0x24
 i.CyBleStackMgr_Shutdown
                0x00002704       0x24 C:\Program Files (x86)\Cypress\PSoC Creator\3.2\PSoC Creator\psoc\content\cycomponentlibrary\CyComponentLibrary.cylib\BLE_v2_0\Library\gccCyBLEStack_BLE_SOC_PERIPHERAL.a(CyBleStackMgrIP_Interface.o)
                0x00002704                CyBleStackMgr_Shutdown

i.CyBle_GetHeapMemory
                0x00002728       0x28
 i.CyBle_GetHeapMemory
                0x00002728       0x28 C:\Program Files (x86)\Cypress\PSoC Creator\3.2\PSoC Creator\psoc\content\cycomponentlibrary\CyComponentLibrary.cylib\BLE_v2_0\Library\gccCyBLEStack_BLE_SOC_PERIPHERAL.a(CyBleStackMgrIP_Interface.o)
                0x00002728                CyBle_GetHeapMemory

i.CyBle_GetNumAppBufferPools
                0x00002750        0xc
 i.CyBle_GetNumAppBufferPools
                0x00002750        0xc C:\Program Files (x86)\Cypress\PSoC Creator\3.2\PSoC Creator\psoc\content\cycomponentlibrary\CyComponentLibrary.cylib\BLE_v2_0\Library\gccCyBLEStack_BLE_SOC_PERIPHERAL.a(CyBleStackMgrIP_Interface.o)
                0x00002750                CyBle_GetNumAppBufferPools

i.CyBle_GetReservedPoolInfo
                0x0000275c       0x3c
 i.CyBle_GetReservedPoolInfo
                0x0000275c       0x3c C:\Program Files (x86)\Cypress\PSoC Creator\3.2\PSoC Creator\psoc\content\cycomponentlibrary\CyComponentLibrary.cylib\BLE_v2_0\Library\gccCyBLEStack_BLE_SOC_PERIPHERAL.a(CyBleStackMgrIP_Interface.o)
                0x0000275c                CyBle_GetReservedPoolInfo

i.CyBle_HostStackBufferPoolInit
                0x00002798       0x7c
 i.CyBle_HostStackBufferPoolInit
                0x00002798       0x7c C:\Program Files (x86)\Cypress\PSoC Creator\3.2\PSoC Creator\psoc\content\cycomponentlibrary\CyComponentLibrary.cylib\BLE_v2_0\Library\gccCyBLEStack_BLE_SOC_PERIPHERAL.a(CyBleStackMgrIP_Interface.o)

i.ble_stack_idle_task_callback
                0x00002814        0x2
 i.ble_stack_idle_task_callback
                0x00002814        0x2 C:\Program Files (x86)\Cypress\PSoC Creator\3.2\PSoC Creator\psoc\content\cycomponentlibrary\CyComponentLibrary.cylib\BLE_v2_0\Library\gccCyBLEStack_BLE_SOC_PERIPHERAL.a(CyBleStackMgrIP_Interface.o)
                0x00002814                ble_stack_idle_task_callback

i.BT_OSFreeBuf  0x00002818       0x20
 i.BT_OSFreeBuf
                0x00002818       0x20 C:\Program Files (x86)\Cypress\PSoC Creator\3.2\PSoC Creator\psoc\content\cycomponentlibrary\CyComponentLibrary.cylib\BLE_v2_0\Library\gccCyBLEStack_BLE_SOC_PERIPHERAL.a(BT_os.o)
                0x00002818                BT_OSFreeBuf

i.BT_OSGetBuF   0x00002838       0x30
 i.BT_OSGetBuF  0x00002838       0x30 C:\Program Files (x86)\Cypress\PSoC Creator\3.2\PSoC Creator\psoc\content\cycomponentlibrary\CyComponentLibrary.cylib\BLE_v2_0\Library\gccCyBLEStack_BLE_SOC_PERIPHERAL.a(BT_os.o)
                0x00002838                BT_OSGetBuF

i.BT_OSMemCreate
                0x00002868       0x3c
 i.BT_OSMemCreate
                0x00002868       0x3c C:\Program Files (x86)\Cypress\PSoC Creator\3.2\PSoC Creator\psoc\content\cycomponentlibrary\CyComponentLibrary.cylib\BLE_v2_0\Library\gccCyBLEStack_BLE_SOC_PERIPHERAL.a(BT_os.o)
                0x00002868                BT_OSMemCreate

i.BT_alloc_mem_ext
                0x000028a4       0x40
 i.BT_alloc_mem_ext
                0x000028a4       0x40 C:\Program Files (x86)\Cypress\PSoC Creator\3.2\PSoC Creator\psoc\content\cycomponentlibrary\CyComponentLibrary.cylib\BLE_v2_0\Library\gccCyBLEStack_BLE_SOC_PERIPHERAL.a(BT_os.o)
                0x000028a4                BT_alloc_mem_ext

i.BT_buff_alloc_from_cfg_pool_ext
                0x000028e4       0x18
 i.BT_buff_alloc_from_cfg_pool_ext
                0x000028e4       0x18 C:\Program Files (x86)\Cypress\PSoC Creator\3.2\PSoC Creator\psoc\content\cycomponentlibrary\CyComponentLibrary.cylib\BLE_v2_0\Library\gccCyBLEStack_BLE_SOC_PERIPHERAL.a(BT_os.o)
                0x000028e4                BT_buff_alloc_from_cfg_pool_ext

i.BT_free_mem   0x000028fc        0xc
 i.BT_free_mem  0x000028fc        0xc C:\Program Files (x86)\Cypress\PSoC Creator\3.2\PSoC Creator\psoc\content\cycomponentlibrary\CyComponentLibrary.cylib\BLE_v2_0\Library\gccCyBLEStack_BLE_SOC_PERIPHERAL.a(BT_os.o)
                0x000028fc                BT_free_mem

i.bt_stack_create_buffer_pool
                0x00002908       0x30
 i.bt_stack_create_buffer_pool
                0x00002908       0x30 C:\Program Files (x86)\Cypress\PSoC Creator\3.2\PSoC Creator\psoc\content\cycomponentlibrary\CyComponentLibrary.cylib\BLE_v2_0\Library\gccCyBLEStack_BLE_SOC_PERIPHERAL.a(BT_os.o)
                0x00002908                bt_stack_create_buffer_pool

i.bt_stack_reset_buffer_pool
                0x00002938       0x28
 i.bt_stack_reset_buffer_pool
                0x00002938       0x28 C:\Program Files (x86)\Cypress\PSoC Creator\3.2\PSoC Creator\psoc\content\cycomponentlibrary\CyComponentLibrary.cylib\BLE_v2_0\Library\gccCyBLEStack_BLE_SOC_PERIPHERAL.a(BT_os.o)
                0x00002938                bt_stack_reset_buffer_pool

i.CyBle_CheckBleStackTaskStatus
                0x00002960        0x4
 i.CyBle_CheckBleStackTaskStatus
                0x00002960        0x4 C:\Program Files (x86)\Cypress\PSoC Creator\3.2\PSoC Creator\psoc\content\cycomponentlibrary\CyComponentLibrary.cylib\BLE_v2_0\Library\gccCyBLEStack_BLE_SOC_PERIPHERAL.a(CyBleStackMgr_StackTaskHandler.o)
                0x00002960                CyBle_CheckBleStackTaskStatus

i.CyBle_CreateBleStackTask
                0x00002964       0x2c
 i.CyBle_CreateBleStackTask
                0x00002964       0x2c C:\Program Files (x86)\Cypress\PSoC Creator\3.2\PSoC Creator\psoc\content\cycomponentlibrary\CyComponentLibrary.cylib\BLE_v2_0\Library\gccCyBLEStack_BLE_SOC_PERIPHERAL.a(CyBleStackMgr_StackTaskHandler.o)
                0x00002964                CyBle_CreateBleStackTask

i.CyBle_SignalBleStackTask
                0x00002990       0x50
 i.CyBle_SignalBleStackTask
                0x00002990       0x50 C:\Program Files (x86)\Cypress\PSoC Creator\3.2\PSoC Creator\psoc\content\cycomponentlibrary\CyComponentLibrary.cylib\BLE_v2_0\Library\gccCyBLEStack_BLE_SOC_PERIPHERAL.a(CyBleStackMgr_StackTaskHandler.o)
                0x00002990                CyBle_SignalBleStackTask

i.CyBle_StackTaskHandler
                0x000029e0       0x5c
 i.CyBle_StackTaskHandler
                0x000029e0       0x5c C:\Program Files (x86)\Cypress\PSoC Creator\3.2\PSoC Creator\psoc\content\cycomponentlibrary\CyComponentLibrary.cylib\BLE_v2_0\Library\gccCyBLEStack_BLE_SOC_PERIPHERAL.a(CyBleStackMgr_StackTaskHandler.o)
                0x000029e0                CyBle_StackTaskHandler

i.__ARM_common_switch8
                0x00002a3c       0x1a
 i.__ARM_common_switch8
                0x00002a3c       0x1a C:\Program Files (x86)\Cypress\PSoC Creator\3.2\PSoC Creator\psoc\content\cycomponentlibrary\CyComponentLibrary.cylib\BLE_v2_0\Library\gccCyBLEStack_BLE_SOC_PERIPHERAL.a(CyBleStackMgr_StackTaskHandler.o)
                0x00002a3c                __ARM_common_switch8

i.hci_soft_transport_notify_data_received
                0x00002a58        0xc
 i.hci_soft_transport_notify_data_received
                0x00002a58        0xc C:\Program Files (x86)\Cypress\PSoC Creator\3.2\PSoC Creator\psoc\content\cycomponentlibrary\CyComponentLibrary.cylib\BLE_v2_0\Library\gccCyBLEStack_BLE_SOC_PERIPHERAL.a(transport_sf.o)
                0x00002a58                hci_soft_transport_notify_data_received

i.hci_soft_transport_rx_data
                0x00002a64       0x40
 i.hci_soft_transport_rx_data
                0x00002a64       0x40 C:\Program Files (x86)\Cypress\PSoC Creator\3.2\PSoC Creator\psoc\content\cycomponentlibrary\CyComponentLibrary.cylib\BLE_v2_0\Library\gccCyBLEStack_BLE_SOC_PERIPHERAL.a(transport_sf.o)
                0x00002a64                hci_soft_transport_rx_data

i.hci_transport_bt_init
                0x00002aa4        0x2
 i.hci_transport_bt_init
                0x00002aa4        0x2 C:\Program Files (x86)\Cypress\PSoC Creator\3.2\PSoC Creator\psoc\content\cycomponentlibrary\CyComponentLibrary.cylib\BLE_v2_0\Library\gccCyBLEStack_BLE_SOC_PERIPHERAL.a(transport_sf.o)
                0x00002aa4                hci_transport_bt_init

i.hci_transport_bt_shutdown
                0x00002aa6        0x2
 i.hci_transport_bt_shutdown
                0x00002aa6        0x2 C:\Program Files (x86)\Cypress\PSoC Creator\3.2\PSoC Creator\psoc\content\cycomponentlibrary\CyComponentLibrary.cylib\BLE_v2_0\Library\gccCyBLEStack_BLE_SOC_PERIPHERAL.a(transport_sf.o)
                0x00002aa6                hci_transport_bt_shutdown

i.hci_transport_init
                0x00002aa8       0x10
 i.hci_transport_init
                0x00002aa8       0x10 C:\Program Files (x86)\Cypress\PSoC Creator\3.2\PSoC Creator\psoc\content\cycomponentlibrary\CyComponentLibrary.cylib\BLE_v2_0\Library\gccCyBLEStack_BLE_SOC_PERIPHERAL.a(transport_sf.o)
                0x00002aa8                hci_transport_init

i.hci_transport_write_data
                0x00002ab8       0xd4
 i.hci_transport_write_data
                0x00002ab8       0xd4 C:\Program Files (x86)\Cypress\PSoC Creator\3.2\PSoC Creator\psoc\content\cycomponentlibrary\CyComponentLibrary.cylib\BLE_v2_0\Library\gccCyBLEStack_BLE_SOC_PERIPHERAL.a(transport_sf.o)
                0x00002ab8                hci_transport_write_data

i.pf_hci_soft_transport_write
                0x00002b8c       0x44
 i.pf_hci_soft_transport_write
                0x00002b8c       0x44 C:\Program Files (x86)\Cypress\PSoC Creator\3.2\PSoC Creator\psoc\content\cycomponentlibrary\CyComponentLibrary.cylib\BLE_v2_0\Library\gccCyBLEStack_BLE_SOC_PERIPHERAL.a(transport_sf.o)
                0x00002b8c                pf_hci_soft_transport_write

i.pf_soft_hci_transport_init
                0x00002bd0        0xc
 i.pf_soft_hci_transport_init
                0x00002bd0        0xc C:\Program Files (x86)\Cypress\PSoC Creator\3.2\PSoC Creator\psoc\content\cycomponentlibrary\CyComponentLibrary.cylib\BLE_v2_0\Library\gccCyBLEStack_BLE_SOC_PERIPHERAL.a(transport_sf.o)
                0x00002bd0                pf_soft_hci_transport_init

i.CyBleStackMgr_GetTime
                0x00002bdc       0x14
 i.CyBleStackMgr_GetTime
                0x00002bdc       0x14 C:\Program Files (x86)\Cypress\PSoC Creator\3.2\PSoC Creator\psoc\content\cycomponentlibrary\CyComponentLibrary.cylib\BLE_v2_0\Library\gccCyBLEStack_BLE_SOC_PERIPHERAL.a(CyBleStackMgr_PSoCHal.o)
                0x00002bdc                CyBleStackMgr_GetTime

i.CyBleStackMgr_HalInit
                0x00002bf0       0x24
 i.CyBleStackMgr_HalInit
                0x00002bf0       0x24 C:\Program Files (x86)\Cypress\PSoC Creator\3.2\PSoC Creator\psoc\content\cycomponentlibrary\CyComponentLibrary.cylib\BLE_v2_0\Library\gccCyBLEStack_BLE_SOC_PERIPHERAL.a(CyBleStackMgr_PSoCHal.o)
                0x00002bf0                CyBleStackMgr_HalInit

i.CyBleStackMgr_HalIntrEnable
                0x00002c14        0x8
 i.CyBleStackMgr_HalIntrEnable
                0x00002c14        0x8 C:\Program Files (x86)\Cypress\PSoC Creator\3.2\PSoC Creator\psoc\content\cycomponentlibrary\CyComponentLibrary.cylib\BLE_v2_0\Library\gccCyBLEStack_BLE_SOC_PERIPHERAL.a(CyBleStackMgr_PSoCHal.o)
                0x00002c14                CyBleStackMgr_HalIntrEnable

i.CyBleStackMgr_HalReset
                0x00002c1c        0x4
 i.CyBleStackMgr_HalReset
                0x00002c1c        0x4 C:\Program Files (x86)\Cypress\PSoC Creator\3.2\PSoC Creator\psoc\content\cycomponentlibrary\CyComponentLibrary.cylib\BLE_v2_0\Library\gccCyBLEStack_BLE_SOC_PERIPHERAL.a(CyBleStackMgr_PSoCHal.o)
                0x00002c1c                CyBleStackMgr_HalReset

i.CyBleStackMgr_HandleLinkLayerTick
                0x00002c20       0x5c
 i.CyBleStackMgr_HandleLinkLayerTick
                0x00002c20       0x5c C:\Program Files (x86)\Cypress\PSoC Creator\3.2\PSoC Creator\psoc\content\cycomponentlibrary\CyComponentLibrary.cylib\BLE_v2_0\Library\gccCyBLEStack_BLE_SOC_PERIPHERAL.a(CyBleStackMgr_PSoCHal.o)
                0x00002c20                CyBleStackMgr_HandleLinkLayerTick

i.CyBleStackMgr_HciPortInit
                0x00002c7c        0xc
 i.CyBleStackMgr_HciPortInit
                0x00002c7c        0xc C:\Program Files (x86)\Cypress\PSoC Creator\3.2\PSoC Creator\psoc\content\cycomponentlibrary\CyComponentLibrary.cylib\BLE_v2_0\Library\gccCyBLEStack_BLE_SOC_PERIPHERAL.a(CyBleStackMgr_PSoCHal.o)
                0x00002c7c                CyBleStackMgr_HciPortInit

i.CyBleStackMgr_HciPortReset
                0x00002c88        0x2
 i.CyBleStackMgr_HciPortReset
                0x00002c88        0x2 C:\Program Files (x86)\Cypress\PSoC Creator\3.2\PSoC Creator\psoc\content\cycomponentlibrary\CyComponentLibrary.cylib\BLE_v2_0\Library\gccCyBLEStack_BLE_SOC_PERIPHERAL.a(CyBleStackMgr_PSoCHal.o)
                0x00002c88                CyBleStackMgr_HciPortReset

i.CyBleStackMgr_HciPortWrite
                0x00002c8a        0x8
 i.CyBleStackMgr_HciPortWrite
                0x00002c8a        0x8 C:\Program Files (x86)\Cypress\PSoC Creator\3.2\PSoC Creator\psoc\content\cycomponentlibrary\CyComponentLibrary.cylib\BLE_v2_0\Library\gccCyBLEStack_BLE_SOC_PERIPHERAL.a(CyBleStackMgr_PSoCHal.o)
                0x00002c8a                CyBleStackMgr_HciPortWrite

i.CyBleStackMgr_ResetLinkLayerTimerEntity
                0x00002c94       0x14
 i.CyBleStackMgr_ResetLinkLayerTimerEntity
                0x00002c94       0x14 C:\Program Files (x86)\Cypress\PSoC Creator\3.2\PSoC Creator\psoc\content\cycomponentlibrary\CyComponentLibrary.cylib\BLE_v2_0\Library\gccCyBLEStack_BLE_SOC_PERIPHERAL.a(CyBleStackMgr_PSoCHal.o)
                0x00002c94                CyBleStackMgr_ResetLinkLayerTimerEntity

i.CyBleStackMgr_TimerStart
                0x00002ca8       0x2c
 i.CyBleStackMgr_TimerStart
                0x00002ca8       0x2c C:\Program Files (x86)\Cypress\PSoC Creator\3.2\PSoC Creator\psoc\content\cycomponentlibrary\CyComponentLibrary.cylib\BLE_v2_0\Library\gccCyBLEStack_BLE_SOC_PERIPHERAL.a(CyBleStackMgr_PSoCHal.o)
                0x00002ca8                CyBleStackMgr_TimerStart

i.CyBleStackMgr_TimerStop
                0x00002cd4       0x18
 i.CyBleStackMgr_TimerStop
                0x00002cd4       0x18 C:\Program Files (x86)\Cypress\PSoC Creator\3.2\PSoC Creator\psoc\content\cycomponentlibrary\CyComponentLibrary.cylib\BLE_v2_0\Library\gccCyBLEStack_BLE_SOC_PERIPHERAL.a(CyBleStackMgr_PSoCHal.o)
                0x00002cd4                CyBleStackMgr_TimerStop

i.CyBleStackMgr_isTimerRunning
                0x00002cec       0x10
 i.CyBleStackMgr_isTimerRunning
                0x00002cec       0x10 C:\Program Files (x86)\Cypress\PSoC Creator\3.2\PSoC Creator\psoc\content\cycomponentlibrary\CyComponentLibrary.cylib\BLE_v2_0\Library\gccCyBLEStack_BLE_SOC_PERIPHERAL.a(CyBleStackMgr_PSoCHal.o)
                0x00002cec                CyBleStackMgr_isTimerRunning

i.CyBleAtlantisRadioInit
                0x00002cfc      0x150
 i.CyBleAtlantisRadioInit
                0x00002cfc      0x150 C:\Program Files (x86)\Cypress\PSoC Creator\3.2\PSoC Creator\psoc\content\cycomponentlibrary\CyComponentLibrary.cylib\BLE_v2_0\Library\gccCyBLEStack_BLE_SOC_PERIPHERAL.a(CyBleStackMgr_BleSSDriver.o)

i.CyBleStackMgr_BleSSFifoRead
                0x00002e4c       0x38
 i.CyBleStackMgr_BleSSFifoRead
                0x00002e4c       0x38 C:\Program Files (x86)\Cypress\PSoC Creator\3.2\PSoC Creator\psoc\content\cycomponentlibrary\CyComponentLibrary.cylib\BLE_v2_0\Library\gccCyBLEStack_BLE_SOC_PERIPHERAL.a(CyBleStackMgr_BleSSDriver.o)
                0x00002e4c                CyBleStackMgr_BleSSFifoRead

i.CyBleStackMgr_BleSSFifoWrite
                0x00002e84       0x30
 i.CyBleStackMgr_BleSSFifoWrite
                0x00002e84       0x30 C:\Program Files (x86)\Cypress\PSoC Creator\3.2\PSoC Creator\psoc\content\cycomponentlibrary\CyComponentLibrary.cylib\BLE_v2_0\Library\gccCyBLEStack_BLE_SOC_PERIPHERAL.a(CyBleStackMgr_BleSSDriver.o)
                0x00002e84                CyBleStackMgr_BleSSFifoWrite

i.CyBleStackMgr_BleSSInit
                0x00002eb4       0x50
 i.CyBleStackMgr_BleSSInit
                0x00002eb4       0x50 C:\Program Files (x86)\Cypress\PSoC Creator\3.2\PSoC Creator\psoc\content\cycomponentlibrary\CyComponentLibrary.cylib\BLE_v2_0\Library\gccCyBLEStack_BLE_SOC_PERIPHERAL.a(CyBleStackMgr_BleSSDriver.o)
                0x00002eb4                CyBleStackMgr_BleSSInit

i.CyBleStackMgr_BleSSMemRead
                0x00002f04       0x26
 i.CyBleStackMgr_BleSSMemRead
                0x00002f04       0x26 C:\Program Files (x86)\Cypress\PSoC Creator\3.2\PSoC Creator\psoc\content\cycomponentlibrary\CyComponentLibrary.cylib\BLE_v2_0\Library\gccCyBLEStack_BLE_SOC_PERIPHERAL.a(CyBleStackMgr_BleSSDriver.o)
                0x00002f04                CyBleStackMgr_BleSSMemRead

i.CyBleStackMgr_BleSSMemWrite
                0x00002f2c       0x34
 i.CyBleStackMgr_BleSSMemWrite
                0x00002f2c       0x34 C:\Program Files (x86)\Cypress\PSoC Creator\3.2\PSoC Creator\psoc\content\cycomponentlibrary\CyComponentLibrary.cylib\BLE_v2_0\Library\gccCyBLEStack_BLE_SOC_PERIPHERAL.a(CyBleStackMgr_BleSSDriver.o)
                0x00002f2c                CyBleStackMgr_BleSSMemWrite

i.CyBleStackMgr_BleSSRegRead
                0x00002f60        0xc
 i.CyBleStackMgr_BleSSRegRead
                0x00002f60        0xc C:\Program Files (x86)\Cypress\PSoC Creator\3.2\PSoC Creator\psoc\content\cycomponentlibrary\CyComponentLibrary.cylib\BLE_v2_0\Library\gccCyBLEStack_BLE_SOC_PERIPHERAL.a(CyBleStackMgr_BleSSDriver.o)
                0x00002f60                CyBleStackMgr_BleSSRegRead

i.CyBleStackMgr_BleSSRegWrite
                0x00002f6c        0xc
 i.CyBleStackMgr_BleSSRegWrite
                0x00002f6c        0xc C:\Program Files (x86)\Cypress\PSoC Creator\3.2\PSoC Creator\psoc\content\cycomponentlibrary\CyComponentLibrary.cylib\BLE_v2_0\Library\gccCyBLEStack_BLE_SOC_PERIPHERAL.a(CyBleStackMgr_BleSSDriver.o)
                0x00002f6c                CyBleStackMgr_BleSSRegWrite

i.CyBleStackMgr_BleSSReset
                0x00002f78       0x38
 i.CyBleStackMgr_BleSSReset
                0x00002f78       0x38 C:\Program Files (x86)\Cypress\PSoC Creator\3.2\PSoC Creator\psoc\content\cycomponentlibrary\CyComponentLibrary.cylib\BLE_v2_0\Library\gccCyBLEStack_BLE_SOC_PERIPHERAL.a(CyBleStackMgr_BleSSDriver.o)
                0x00002f78                CyBleStackMgr_BleSSReset

i.CyBleStackMgr_BleSSShutdown
                0x00002fb0       0x24
 i.CyBleStackMgr_BleSSShutdown
                0x00002fb0       0x24 C:\Program Files (x86)\Cypress\PSoC Creator\3.2\PSoC Creator\psoc\content\cycomponentlibrary\CyComponentLibrary.cylib\BLE_v2_0\Library\gccCyBLEStack_BLE_SOC_PERIPHERAL.a(CyBleStackMgr_BleSSDriver.o)
                0x00002fb0                CyBleStackMgr_BleSSShutdown

i.CyBleStackMgr_GenericIface
                0x00002fd4       0x3c
 i.CyBleStackMgr_GenericIface
                0x00002fd4       0x3c C:\Program Files (x86)\Cypress\PSoC Creator\3.2\PSoC Creator\psoc\content\cycomponentlibrary\CyComponentLibrary.cylib\BLE_v2_0\Library\gccCyBLEStack_BLE_SOC_PERIPHERAL.a(CyBleStackMgr_BleSSDriver.o)
                0x00002fd4                CyBleStackMgr_GenericIface

i.CyBleStackMgr_HandleBleSSIntr
                0x00003010       0x90
 i.CyBleStackMgr_HandleBleSSIntr
                0x00003010       0x90 C:\Program Files (x86)\Cypress\PSoC Creator\3.2\PSoC Creator\psoc\content\cycomponentlibrary\CyComponentLibrary.cylib\BLE_v2_0\Library\gccCyBLEStack_BLE_SOC_PERIPHERAL.a(CyBleStackMgr_BleSSDriver.o)
                0x00003010                CyBleStackMgr_HandleBleSSIntr

i.CyBleStackMgr_SetClockParam
                0x000030a0       0xb4
 i.CyBleStackMgr_SetClockParam
                0x000030a0       0xb4 C:\Program Files (x86)\Cypress\PSoC Creator\3.2\PSoC Creator\psoc\content\cycomponentlibrary\CyComponentLibrary.cylib\BLE_v2_0\Library\gccCyBLEStack_BLE_SOC_PERIPHERAL.a(CyBleStackMgr_BleSSDriver.o)

i.CyBleStackMgr_isXtalCpuClkSource
                0x00003154       0x18
 i.CyBleStackMgr_isXtalCpuClkSource
                0x00003154       0x18 C:\Program Files (x86)\Cypress\PSoC Creator\3.2\PSoC Creator\psoc\content\cycomponentlibrary\CyComponentLibrary.cylib\BLE_v2_0\Library\gccCyBLEStack_BLE_SOC_PERIPHERAL.a(CyBleStackMgr_BleSSDriver.o)
                0x00003154                CyBleStackMgr_isXtalCpuClkSource

i.CyBle_EnterDsmMode
                0x0000316c       0x3c
 i.CyBle_EnterDsmMode
                0x0000316c       0x3c C:\Program Files (x86)\Cypress\PSoC Creator\3.2\PSoC Creator\psoc\content\cycomponentlibrary\CyComponentLibrary.cylib\BLE_v2_0\Library\gccCyBLEStack_BLE_SOC_PERIPHERAL.a(CyBleStackMgr_BleSSDriver.o)
                0x0000316c                CyBle_EnterDsmMode

i.CyBle_ExitDsmMode
                0x000031a8       0x2c
 i.CyBle_ExitDsmMode
                0x000031a8       0x2c C:\Program Files (x86)\Cypress\PSoC Creator\3.2\PSoC Creator\psoc\content\cycomponentlibrary\CyComponentLibrary.cylib\BLE_v2_0\Library\gccCyBLEStack_BLE_SOC_PERIPHERAL.a(CyBleStackMgr_BleSSDriver.o)
                0x000031a8                CyBle_ExitDsmMode

i.CyBle_GetBleSsOperationalMode
                0x000031d4        0xc
 i.CyBle_GetBleSsOperationalMode
                0x000031d4        0xc C:\Program Files (x86)\Cypress\PSoC Creator\3.2\PSoC Creator\psoc\content\cycomponentlibrary\CyComponentLibrary.cylib\BLE_v2_0\Library\gccCyBLEStack_BLE_SOC_PERIPHERAL.a(CyBleStackMgr_BleSSDriver.o)
                0x000031d4                CyBle_GetBleSsOperationalMode

i.CyBle_GetEventCloseState
                0x000031e0       0x10
 i.CyBle_GetEventCloseState
                0x000031e0       0x10 C:\Program Files (x86)\Cypress\PSoC Creator\3.2\PSoC Creator\psoc\content\cycomponentlibrary\CyComponentLibrary.cylib\BLE_v2_0\Library\gccCyBLEStack_BLE_SOC_PERIPHERAL.a(CyBleStackMgr_BleSSDriver.o)
                0x000031e0                CyBle_GetEventCloseState

i.CyBle_GetLpMode
                0x000031f0       0x26
 i.CyBle_GetLpMode
                0x000031f0       0x26 C:\Program Files (x86)\Cypress\PSoC Creator\3.2\PSoC Creator\psoc\content\cycomponentlibrary\CyComponentLibrary.cylib\BLE_v2_0\Library\gccCyBLEStack_BLE_SOC_PERIPHERAL.a(CyBleStackMgr_BleSSDriver.o)
                0x000031f0                CyBle_GetLpMode

i.CyBle_GetTxGainMode
                0x00003218       0x2c
 i.CyBle_GetTxGainMode
                0x00003218       0x2c C:\Program Files (x86)\Cypress\PSoC Creator\3.2\PSoC Creator\psoc\content\cycomponentlibrary\CyComponentLibrary.cylib\BLE_v2_0\Library\gccCyBLEStack_BLE_SOC_PERIPHERAL.a(CyBleStackMgr_BleSSDriver.o)
                0x00003218                CyBle_GetTxGainMode

i.CyBle_SetAutoWakeUp
                0x00003244        0xc
 i.CyBle_SetAutoWakeUp
                0x00003244        0xc C:\Program Files (x86)\Cypress\PSoC Creator\3.2\PSoC Creator\psoc\content\cycomponentlibrary\CyComponentLibrary.cylib\BLE_v2_0\Library\gccCyBLEStack_BLE_SOC_PERIPHERAL.a(CyBleStackMgr_BleSSDriver.o)
                0x00003244                CyBle_SetAutoWakeUp

i.CyBle_SetBleSsOperationalMode
                0x00003250       0x20
 i.CyBle_SetBleSsOperationalMode
                0x00003250       0x20 C:\Program Files (x86)\Cypress\PSoC Creator\3.2\PSoC Creator\psoc\content\cycomponentlibrary\CyComponentLibrary.cylib\BLE_v2_0\Library\gccCyBLEStack_BLE_SOC_PERIPHERAL.a(CyBleStackMgr_BleSSDriver.o)
                0x00003250                CyBle_SetBleSsOperationalMode

i.CyBle_SetEventCloseState
                0x00003270        0xc
 i.CyBle_SetEventCloseState
                0x00003270        0xc C:\Program Files (x86)\Cypress\PSoC Creator\3.2\PSoC Creator\psoc\content\cycomponentlibrary\CyComponentLibrary.cylib\BLE_v2_0\Library\gccCyBLEStack_BLE_SOC_PERIPHERAL.a(CyBleStackMgr_BleSSDriver.o)
                0x00003270                CyBle_SetEventCloseState

i.CyBle_SetRxGainMode
                0x0000327c       0x20
 i.CyBle_SetRxGainMode
                0x0000327c       0x20 C:\Program Files (x86)\Cypress\PSoC Creator\3.2\PSoC Creator\psoc\content\cycomponentlibrary\CyComponentLibrary.cylib\BLE_v2_0\Library\gccCyBLEStack_BLE_SOC_PERIPHERAL.a(CyBleStackMgr_BleSSDriver.o)
                0x0000327c                CyBle_SetRxGainMode

i.CyBle_SetTxGainMode
                0x0000329c       0x38
 i.CyBle_SetTxGainMode
                0x0000329c       0x38 C:\Program Files (x86)\Cypress\PSoC Creator\3.2\PSoC Creator\psoc\content\cycomponentlibrary\CyComponentLibrary.cylib\BLE_v2_0\Library\gccCyBLEStack_BLE_SOC_PERIPHERAL.a(CyBleStackMgr_BleSSDriver.o)
                0x0000329c                CyBle_SetTxGainMode

i.pf_rf_get_abs_rssi
                0x000032d4       0x24
 i.pf_rf_get_abs_rssi
                0x000032d4       0x24 C:\Program Files (x86)\Cypress\PSoC Creator\3.2\PSoC Creator\psoc\content\cycomponentlibrary\CyComponentLibrary.cylib\BLE_v2_0\Library\gccCyBLEStack_BLE_SOC_PERIPHERAL.a(CyBleStackMgr_BleSSDriver.o)
                0x000032d4                pf_rf_get_abs_rssi

i.OS_init       0x000032f8       0x64
 i.OS_init      0x000032f8       0x64 C:\Program Files (x86)\Cypress\PSoC Creator\3.2\PSoC Creator\psoc\content\cycomponentlibrary\CyComponentLibrary.cylib\BLE_v2_0\Library\gccCyBLEStack_BLE_SOC_PERIPHERAL.a(mint_os.o)
                0x000032f8                OS_init

i.OS_shutdown   0x0000335c        0x4
 i.OS_shutdown  0x0000335c        0x4 C:\Program Files (x86)\Cypress\PSoC Creator\3.2\PSoC Creator\psoc\content\cycomponentlibrary\CyComponentLibrary.cylib\BLE_v2_0\Library\gccCyBLEStack_BLE_SOC_PERIPHERAL.a(mint_os.o)
                0x0000335c                OS_shutdown

i.mintos_malloc
                0x00003360       0x34
 i.mintos_malloc
                0x00003360       0x34 C:\Program Files (x86)\Cypress\PSoC Creator\3.2\PSoC Creator\psoc\content\cycomponentlibrary\CyComponentLibrary.cylib\BLE_v2_0\Library\gccCyBLEStack_BLE_SOC_PERIPHERAL.a(mint_os.o)
                0x00003360                mintos_malloc

i.OS_create_queue
                0x00003394       0x64
 i.OS_create_queue
                0x00003394       0x64 C:\Program Files (x86)\Cypress\PSoC Creator\3.2\PSoC Creator\psoc\content\cycomponentlibrary\CyComponentLibrary.cylib\BLE_v2_0\Library\gccCyBLEStack_BLE_SOC_PERIPHERAL.a(mint_os_queue.o)
                0x00003394                OS_create_queue

i.OS_enqueue_item
                0x000033f8       0x8c
 i.OS_enqueue_item
                0x000033f8       0x8c C:\Program Files (x86)\Cypress\PSoC Creator\3.2\PSoC Creator\psoc\content\cycomponentlibrary\CyComponentLibrary.cylib\BLE_v2_0\Library\gccCyBLEStack_BLE_SOC_PERIPHERAL.a(mint_os_queue.o)
                0x000033f8                OS_enqueue_item

i.OS_queue_get_num_of_items
                0x00003484       0x28
 i.OS_queue_get_num_of_items
                0x00003484       0x28 C:\Program Files (x86)\Cypress\PSoC Creator\3.2\PSoC Creator\psoc\content\cycomponentlibrary\CyComponentLibrary.cylib\BLE_v2_0\Library\gccCyBLEStack_BLE_SOC_PERIPHERAL.a(mint_os_queue.o)
                0x00003484                OS_queue_get_num_of_items

i.OS_queue_mgmt_init
                0x000034ac       0x40
 i.OS_queue_mgmt_init
                0x000034ac       0x40 C:\Program Files (x86)\Cypress\PSoC Creator\3.2\PSoC Creator\psoc\content\cycomponentlibrary\CyComponentLibrary.cylib\BLE_v2_0\Library\gccCyBLEStack_BLE_SOC_PERIPHERAL.a(mint_os_queue.o)
                0x000034ac                OS_queue_mgmt_init

i.OS_remove_item
                0x000034ec       0xa0
 i.OS_remove_item
                0x000034ec       0xa0 C:\Program Files (x86)\Cypress\PSoC Creator\3.2\PSoC Creator\psoc\content\cycomponentlibrary\CyComponentLibrary.cylib\BLE_v2_0\Library\gccCyBLEStack_BLE_SOC_PERIPHERAL.a(mint_os_queue.o)
                0x000034ec                OS_remove_item

i.OS_create_task
                0x0000358c       0x88
 i.OS_create_task
                0x0000358c       0x88 C:\Program Files (x86)\Cypress\PSoC Creator\3.2\PSoC Creator\psoc\content\cycomponentlibrary\CyComponentLibrary.cylib\BLE_v2_0\Library\gccCyBLEStack_BLE_SOC_PERIPHERAL.a(mint_os_task.o)
                0x0000358c                OS_create_task

i.OS_isr_send_signal_to_task
                0x00003614        0xc
 i.OS_isr_send_signal_to_task
                0x00003614        0xc C:\Program Files (x86)\Cypress\PSoC Creator\3.2\PSoC Creator\psoc\content\cycomponentlibrary\CyComponentLibrary.cylib\BLE_v2_0\Library\gccCyBLEStack_BLE_SOC_PERIPHERAL.a(mint_os_task.o)
                0x00003614                OS_isr_send_signal_to_task

i.OS_scheduler  0x00003620       0x64
 i.OS_scheduler
                0x00003620       0x64 C:\Program Files (x86)\Cypress\PSoC Creator\3.2\PSoC Creator\psoc\content\cycomponentlibrary\CyComponentLibrary.cylib\BLE_v2_0\Library\gccCyBLEStack_BLE_SOC_PERIPHERAL.a(mint_os_task.o)
                0x00003620                OS_scheduler

i.OS_send_signal_to_task
                0x00003684        0xc
 i.OS_send_signal_to_task
                0x00003684        0xc C:\Program Files (x86)\Cypress\PSoC Creator\3.2\PSoC Creator\psoc\content\cycomponentlibrary\CyComponentLibrary.cylib\BLE_v2_0\Library\gccCyBLEStack_BLE_SOC_PERIPHERAL.a(mint_os_task.o)
                0x00003684                OS_send_signal_to_task

i.OS_send_signal_to_task_context
                0x00003690       0x3c
 i.OS_send_signal_to_task_context
                0x00003690       0x3c C:\Program Files (x86)\Cypress\PSoC Creator\3.2\PSoC Creator\psoc\content\cycomponentlibrary\CyComponentLibrary.cylib\BLE_v2_0\Library\gccCyBLEStack_BLE_SOC_PERIPHERAL.a(mint_os_task.o)

i.OS_task_mgmt_init
                0x000036cc       0x50
 i.OS_task_mgmt_init
                0x000036cc       0x50 C:\Program Files (x86)\Cypress\PSoC Creator\3.2\PSoC Creator\psoc\content\cycomponentlibrary\CyComponentLibrary.cylib\BLE_v2_0\Library\gccCyBLEStack_BLE_SOC_PERIPHERAL.a(mint_os_task.o)
                0x000036cc                OS_task_mgmt_init

i.mint_buf_mgmt_allocate_buffer
                0x0000371c       0x4c
 i.mint_buf_mgmt_allocate_buffer
                0x0000371c       0x4c C:\Program Files (x86)\Cypress\PSoC Creator\3.2\PSoC Creator\psoc\content\cycomponentlibrary\CyComponentLibrary.cylib\BLE_v2_0\Library\gccCyBLEStack_BLE_SOC_PERIPHERAL.a(mint_buf_mgmt.o)
                0x0000371c                mint_buf_mgmt_allocate_buffer

i.mint_buf_mgmt_create_pool
                0x00003768       0xd0
 i.mint_buf_mgmt_create_pool
                0x00003768       0xd0 C:\Program Files (x86)\Cypress\PSoC Creator\3.2\PSoC Creator\psoc\content\cycomponentlibrary\CyComponentLibrary.cylib\BLE_v2_0\Library\gccCyBLEStack_BLE_SOC_PERIPHERAL.a(mint_buf_mgmt.o)
                0x00003768                mint_buf_mgmt_create_pool

i.mint_buf_mgmt_free_buffer
                0x00003838       0xa4
 i.mint_buf_mgmt_free_buffer
                0x00003838       0xa4 C:\Program Files (x86)\Cypress\PSoC Creator\3.2\PSoC Creator\psoc\content\cycomponentlibrary\CyComponentLibrary.cylib\BLE_v2_0\Library\gccCyBLEStack_BLE_SOC_PERIPHERAL.a(mint_buf_mgmt.o)
                0x00003838                mint_buf_mgmt_free_buffer

i.mint_buf_mgmt_init
                0x000038dc       0x44
 i.mint_buf_mgmt_init
                0x000038dc       0x44 C:\Program Files (x86)\Cypress\PSoC Creator\3.2\PSoC Creator\psoc\content\cycomponentlibrary\CyComponentLibrary.cylib\BLE_v2_0\Library\gccCyBLEStack_BLE_SOC_PERIPHERAL.a(mint_buf_mgmt.o)
                0x000038dc                mint_buf_mgmt_init

i.mint_buf_mgmt_malloc
                0x00003920       0x2c
 i.mint_buf_mgmt_malloc
                0x00003920       0x2c C:\Program Files (x86)\Cypress\PSoC Creator\3.2\PSoC Creator\psoc\content\cycomponentlibrary\CyComponentLibrary.cylib\BLE_v2_0\Library\gccCyBLEStack_BLE_SOC_PERIPHERAL.a(mint_buf_mgmt.o)
                0x00003920                mint_buf_mgmt_malloc

i.mint_buf_mgmt_pl_init
                0x0000394c       0x40
 i.mint_buf_mgmt_pl_init
                0x0000394c       0x40 C:\Program Files (x86)\Cypress\PSoC Creator\3.2\PSoC Creator\psoc\content\cycomponentlibrary\CyComponentLibrary.cylib\BLE_v2_0\Library\gccCyBLEStack_BLE_SOC_PERIPHERAL.a(mint_buf_mgmt.o)
                0x0000394c                mint_buf_mgmt_pl_init

i.mint_buf_mgmt_reset_pool
                0x0000398c       0x70
 i.mint_buf_mgmt_reset_pool
                0x0000398c       0x70 C:\Program Files (x86)\Cypress\PSoC Creator\3.2\PSoC Creator\psoc\content\cycomponentlibrary\CyComponentLibrary.cylib\BLE_v2_0\Library\gccCyBLEStack_BLE_SOC_PERIPHERAL.a(mint_buf_mgmt.o)
                0x0000398c                mint_buf_mgmt_reset_pool

i.mint_buf_mgmt_stack_init
                0x000039fc       0x24
 i.mint_buf_mgmt_stack_init
                0x000039fc       0x24 C:\Program Files (x86)\Cypress\PSoC Creator\3.2\PSoC Creator\psoc\content\cycomponentlibrary\CyComponentLibrary.cylib\BLE_v2_0\Library\gccCyBLEStack_BLE_SOC_PERIPHERAL.a(mint_buf_mgmt.o)
                0x000039fc                mint_buf_mgmt_stack_init

i.mint_buf_mgmt_stack_pop
                0x00003a20       0x36
 i.mint_buf_mgmt_stack_pop
                0x00003a20       0x36 C:\Program Files (x86)\Cypress\PSoC Creator\3.2\PSoC Creator\psoc\content\cycomponentlibrary\CyComponentLibrary.cylib\BLE_v2_0\Library\gccCyBLEStack_BLE_SOC_PERIPHERAL.a(mint_buf_mgmt.o)
                0x00003a20                mint_buf_mgmt_stack_pop

i.mint_buf_mgmt_stack_push
                0x00003a56       0x36
 i.mint_buf_mgmt_stack_push
                0x00003a56       0x36 C:\Program Files (x86)\Cypress\PSoC Creator\3.2\PSoC Creator\psoc\content\cycomponentlibrary\CyComponentLibrary.cylib\BLE_v2_0\Library\gccCyBLEStack_BLE_SOC_PERIPHERAL.a(mint_buf_mgmt.o)
                0x00003a56                mint_buf_mgmt_stack_push

i.mint_buf_mgmt_stack_reset
                0x00003a8c       0x1e
 i.mint_buf_mgmt_stack_reset
                0x00003a8c       0x1e C:\Program Files (x86)\Cypress\PSoC Creator\3.2\PSoC Creator\psoc\content\cycomponentlibrary\CyComponentLibrary.cylib\BLE_v2_0\Library\gccCyBLEStack_BLE_SOC_PERIPHERAL.a(mint_buf_mgmt.o)
                0x00003a8c                mint_buf_mgmt_stack_reset

i.mint_buf_mgmt_stack_search_item
                0x00003aaa       0x30
 i.mint_buf_mgmt_stack_search_item
                0x00003aaa       0x30 C:\Program Files (x86)\Cypress\PSoC Creator\3.2\PSoC Creator\psoc\content\cycomponentlibrary\CyComponentLibrary.cylib\BLE_v2_0\Library\gccCyBLEStack_BLE_SOC_PERIPHERAL.a(mint_buf_mgmt.o)
                0x00003aaa                mint_buf_mgmt_stack_search_item

i.CyBleControllerIP_GetPingState
                0x00003adc        0xc
 i.CyBleControllerIP_GetPingState
                0x00003adc        0xc C:\Program Files (x86)\Cypress\PSoC Creator\3.2\PSoC Creator\psoc\content\cycomponentlibrary\CyComponentLibrary.cylib\BLE_v2_0\Library\gccCyBLEStack_BLE_SOC_PERIPHERAL.a(CyBleControllerIP_Interface.o)
                0x00003adc                CyBleControllerIP_GetPingState

i.CyBleController_AddDeviceToWhiteList
                0x00003ae8       0x40
 i.CyBleController_AddDeviceToWhiteList
                0x00003ae8       0x40 C:\Program Files (x86)\Cypress\PSoC Creator\3.2\PSoC Creator\psoc\content\cycomponentlibrary\CyComponentLibrary.cylib\BLE_v2_0\Library\gccCyBLEStack_BLE_SOC_PERIPHERAL.a(CyBleControllerIP_Interface.o)
                0x00003ae8                CyBleController_AddDeviceToWhiteList

i.CyBleController_EnterLowPowerMode
                0x00003b28       0x2c
 i.CyBleController_EnterLowPowerMode
                0x00003b28       0x2c C:\Program Files (x86)\Cypress\PSoC Creator\3.2\PSoC Creator\psoc\content\cycomponentlibrary\CyComponentLibrary.cylib\BLE_v2_0\Library\gccCyBLEStack_BLE_SOC_PERIPHERAL.a(CyBleControllerIP_Interface.o)
                0x00003b28                CyBleController_EnterLowPowerMode

i.CyBleController_ExitLowPowerMode
                0x00003b54       0x10
 i.CyBleController_ExitLowPowerMode
                0x00003b54       0x10 C:\Program Files (x86)\Cypress\PSoC Creator\3.2\PSoC Creator\psoc\content\cycomponentlibrary\CyComponentLibrary.cylib\BLE_v2_0\Library\gccCyBLEStack_BLE_SOC_PERIPHERAL.a(CyBleControllerIP_Interface.o)
                0x00003b54                CyBleController_ExitLowPowerMode

i.CyBleController_Init
                0x00003b64       0x32
 i.CyBleController_Init
                0x00003b64       0x32 C:\Program Files (x86)\Cypress\PSoC Creator\3.2\PSoC Creator\psoc\content\cycomponentlibrary\CyComponentLibrary.cylib\BLE_v2_0\Library\gccCyBLEStack_BLE_SOC_PERIPHERAL.a(CyBleControllerIP_Interface.o)
                0x00003b64                CyBleController_Init

i.CyBleController_Reset
                0x00003b96        0x4
 i.CyBleController_Reset
                0x00003b96        0x4 C:\Program Files (x86)\Cypress\PSoC Creator\3.2\PSoC Creator\psoc\content\cycomponentlibrary\CyComponentLibrary.cylib\BLE_v2_0\Library\gccCyBLEStack_BLE_SOC_PERIPHERAL.a(CyBleControllerIP_Interface.o)
                0x00003b96                CyBleController_Reset

i.CyBleController_SetDeviceAddress
                0x00003b9a       0x2e
 i.CyBleController_SetDeviceAddress
                0x00003b9a       0x2e C:\Program Files (x86)\Cypress\PSoC Creator\3.2\PSoC Creator\psoc\content\cycomponentlibrary\CyComponentLibrary.cylib\BLE_v2_0\Library\gccCyBLEStack_BLE_SOC_PERIPHERAL.a(CyBleControllerIP_Interface.o)
                0x00003b9a                CyBleController_SetDeviceAddress

i.CyBle_GetBleSsState
                0x00003bc8       0x10
 i.CyBle_GetBleSsState
                0x00003bc8       0x10 C:\Program Files (x86)\Cypress\PSoC Creator\3.2\PSoC Creator\psoc\content\cycomponentlibrary\CyComponentLibrary.cylib\BLE_v2_0\Library\gccCyBLEStack_BLE_SOC_PERIPHERAL.a(CyBleControllerIP_Interface.o)
                0x00003bc8                CyBle_GetBleSsState

i.CyBle_GetTxPowerLevel
                0x00003bd8       0x4e
 i.CyBle_GetTxPowerLevel
                0x00003bd8       0x4e C:\Program Files (x86)\Cypress\PSoC Creator\3.2\PSoC Creator\psoc\content\cycomponentlibrary\CyComponentLibrary.cylib\BLE_v2_0\Library\gccCyBLEStack_BLE_SOC_PERIPHERAL.a(CyBleControllerIP_Interface.o)
                0x00003bd8                CyBle_GetTxPowerLevel

i.CyBle_SetTxPowerLevel
                0x00003c26       0x56
 i.CyBle_SetTxPowerLevel
                0x00003c26       0x56 C:\Program Files (x86)\Cypress\PSoC Creator\3.2\PSoC Creator\psoc\content\cycomponentlibrary\CyComponentLibrary.cylib\BLE_v2_0\Library\gccCyBLEStack_BLE_SOC_PERIPHERAL.a(CyBleControllerIP_Interface.o)
                0x00003c26                CyBle_SetTxPowerLevel

i.ll_check_and_mark_packet_ready_for_transmission
                0x00003c7c       0x28
 i.ll_check_and_mark_packet_ready_for_transmission
                0x00003c7c       0x28 C:\Program Files (x86)\Cypress\PSoC Creator\3.2\PSoC Creator\psoc\content\cycomponentlibrary\CyComponentLibrary.cylib\BLE_v2_0\Library\gccCyBLEStack_BLE_SOC_PERIPHERAL.a(ll.o)
                0x00003c7c                ll_check_and_mark_packet_ready_for_transmission

i.ll_cleanup_pending_data_pdu
                0x00003ca4       0x38
 i.ll_cleanup_pending_data_pdu
                0x00003ca4       0x38 C:\Program Files (x86)\Cypress\PSoC Creator\3.2\PSoC Creator\psoc\content\cycomponentlibrary\CyComponentLibrary.cylib\BLE_v2_0\Library\gccCyBLEStack_BLE_SOC_PERIPHERAL.a(ll.o)
                0x00003ca4                ll_cleanup_pending_data_pdu

i.ll_enter_dsm_mode
                0x00003cdc      0x1a4
 i.ll_enter_dsm_mode
                0x00003cdc      0x1a4 C:\Program Files (x86)\Cypress\PSoC Creator\3.2\PSoC Creator\psoc\content\cycomponentlibrary\CyComponentLibrary.cylib\BLE_v2_0\Library\gccCyBLEStack_BLE_SOC_PERIPHERAL.a(ll.o)
                0x00003cdc                ll_enter_dsm_mode

i.ll_enter_hibernate_mode
                0x00003e80       0x28
 i.ll_enter_hibernate_mode
                0x00003e80       0x28 C:\Program Files (x86)\Cypress\PSoC Creator\3.2\PSoC Creator\psoc\content\cycomponentlibrary\CyComponentLibrary.cylib\BLE_v2_0\Library\gccCyBLEStack_BLE_SOC_PERIPHERAL.a(ll.o)
                0x00003e80                ll_enter_hibernate_mode

i.ll_enter_sm_mode
                0x00003ea8       0x60
 i.ll_enter_sm_mode
                0x00003ea8       0x60 C:\Program Files (x86)\Cypress\PSoC Creator\3.2\PSoC Creator\psoc\content\cycomponentlibrary\CyComponentLibrary.cylib\BLE_v2_0\Library\gccCyBLEStack_BLE_SOC_PERIPHERAL.a(ll.o)
                0x00003ea8                ll_enter_sm_mode

i.ll_exit_low_power_mode
                0x00003f08       0xac
 i.ll_exit_low_power_mode
                0x00003f08       0xac C:\Program Files (x86)\Cypress\PSoC Creator\3.2\PSoC Creator\psoc\content\cycomponentlibrary\CyComponentLibrary.cylib\BLE_v2_0\Library\gccCyBLEStack_BLE_SOC_PERIPHERAL.a(ll.o)
                0x00003f08                ll_exit_low_power_mode

i.ll_get_ack_status
                0x00003fb4       0x3c
 i.ll_get_ack_status
                0x00003fb4       0x3c C:\Program Files (x86)\Cypress\PSoC Creator\3.2\PSoC Creator\psoc\content\cycomponentlibrary\CyComponentLibrary.cylib\BLE_v2_0\Library\gccCyBLEStack_BLE_SOC_PERIPHERAL.a(ll.o)
                0x00003fb4                ll_get_ack_status

i.ll_get_ack_status_for_all_connections
                0x00003ff0       0x34
 i.ll_get_ack_status_for_all_connections
                0x00003ff0       0x34 C:\Program Files (x86)\Cypress\PSoC Creator\3.2\PSoC Creator\psoc\content\cycomponentlibrary\CyComponentLibrary.cylib\BLE_v2_0\Library\gccCyBLEStack_BLE_SOC_PERIPHERAL.a(ll.o)
                0x00003ff0                ll_get_ack_status_for_all_connections

i.ll_get_adv_ch_tx_power
                0x00004024       0x20
 i.ll_get_adv_ch_tx_power
                0x00004024       0x20 C:\Program Files (x86)\Cypress\PSoC Creator\3.2\PSoC Creator\psoc\content\cycomponentlibrary\CyComponentLibrary.cylib\BLE_v2_0\Library\gccCyBLEStack_BLE_SOC_PERIPHERAL.a(ll.o)
                0x00004024                ll_get_adv_ch_tx_power

i.ll_get_data_channel_map
                0x00004044       0x24
 i.ll_get_data_channel_map
                0x00004044       0x24 C:\Program Files (x86)\Cypress\PSoC Creator\3.2\PSoC Creator\psoc\content\cycomponentlibrary\CyComponentLibrary.cylib\BLE_v2_0\Library\gccCyBLEStack_BLE_SOC_PERIPHERAL.a(ll.o)
                0x00004044                ll_get_data_channel_map

i.ll_get_max_white_list_size
                0x00004068        0xc
 i.ll_get_max_white_list_size
                0x00004068        0xc C:\Program Files (x86)\Cypress\PSoC Creator\3.2\PSoC Creator\psoc\content\cycomponentlibrary\CyComponentLibrary.cylib\BLE_v2_0\Library\gccCyBLEStack_BLE_SOC_PERIPHERAL.a(ll.o)
                0x00004068                ll_get_max_white_list_size

i.ll_get_my_role
                0x00004074        0xc
 i.ll_get_my_role
                0x00004074        0xc C:\Program Files (x86)\Cypress\PSoC Creator\3.2\PSoC Creator\psoc\content\cycomponentlibrary\CyComponentLibrary.cylib\BLE_v2_0\Library\gccCyBLEStack_BLE_SOC_PERIPHERAL.a(ll.o)
                0x00004074                ll_get_my_role

i.ll_get_next_available_fifo_for_data_pdu
                0x00004080        0x8
 i.ll_get_next_available_fifo_for_data_pdu
                0x00004080        0x8 C:\Program Files (x86)\Cypress\PSoC Creator\3.2\PSoC Creator\psoc\content\cycomponentlibrary\CyComponentLibrary.cylib\BLE_v2_0\Library\gccCyBLEStack_BLE_SOC_PERIPHERAL.a(ll.o)
                0x00004080                ll_get_next_available_fifo_for_data_pdu

i.ll_get_next_available_fifo_for_ll_pdu
                0x00004088       0x24
 i.ll_get_next_available_fifo_for_ll_pdu
                0x00004088       0x24 C:\Program Files (x86)\Cypress\PSoC Creator\3.2\PSoC Creator\psoc\content\cycomponentlibrary\CyComponentLibrary.cylib\BLE_v2_0\Library\gccCyBLEStack_BLE_SOC_PERIPHERAL.a(ll.o)
                0x00004088                ll_get_next_available_fifo_for_ll_pdu

i.ll_get_rssi_value
                0x000040ac       0x26
 i.ll_get_rssi_value
                0x000040ac       0x26 C:\Program Files (x86)\Cypress\PSoC Creator\3.2\PSoC Creator\psoc\content\cycomponentlibrary\CyComponentLibrary.cylib\BLE_v2_0\Library\gccCyBLEStack_BLE_SOC_PERIPHERAL.a(ll.o)
                0x000040ac                ll_get_rssi_value

i.ll_get_transmit_power_level
                0x000040d4       0x2c
 i.ll_get_transmit_power_level
                0x000040d4       0x2c C:\Program Files (x86)\Cypress\PSoC Creator\3.2\PSoC Creator\psoc\content\cycomponentlibrary\CyComponentLibrary.cylib\BLE_v2_0\Library\gccCyBLEStack_BLE_SOC_PERIPHERAL.a(ll.o)
                0x000040d4                ll_get_transmit_power_level

i.ll_handle_ack_received
                0x00004100       0x74
 i.ll_handle_ack_received
                0x00004100       0x74 C:\Program Files (x86)\Cypress\PSoC Creator\3.2\PSoC Creator\psoc\content\cycomponentlibrary\CyComponentLibrary.cylib\BLE_v2_0\Library\gccCyBLEStack_BLE_SOC_PERIPHERAL.a(ll.o)
                0x00004100                ll_handle_ack_received

i.ll_handle_add_device_in_whitelist
                0x00004174       0x3a
 i.ll_handle_add_device_in_whitelist
                0x00004174       0x3a C:\Program Files (x86)\Cypress\PSoC Creator\3.2\PSoC Creator\psoc\content\cycomponentlibrary\CyComponentLibrary.cylib\BLE_v2_0\Library\gccCyBLEStack_BLE_SOC_PERIPHERAL.a(ll.o)
                0x00004174                ll_handle_add_device_in_whitelist

i.ll_handle_clear_whitelist
                0x000041ae       0x16
 i.ll_handle_clear_whitelist
                0x000041ae       0x16 C:\Program Files (x86)\Cypress\PSoC Creator\3.2\PSoC Creator\psoc\content\cycomponentlibrary\CyComponentLibrary.cylib\BLE_v2_0\Library\gccCyBLEStack_BLE_SOC_PERIPHERAL.a(ll.o)
                0x000041ae                ll_handle_clear_whitelist

i.ll_handle_encrypt_host_data
                0x000041c4       0x36
 i.ll_handle_encrypt_host_data
                0x000041c4       0x36 C:\Program Files (x86)\Cypress\PSoC Creator\3.2\PSoC Creator\psoc\content\cycomponentlibrary\CyComponentLibrary.cylib\BLE_v2_0\Library\gccCyBLEStack_BLE_SOC_PERIPHERAL.a(ll.o)
                0x000041c4                ll_handle_encrypt_host_data

i.ll_handle_host_data_packet
                0x000041fa       0x54
 i.ll_handle_host_data_packet
                0x000041fa       0x54 C:\Program Files (x86)\Cypress\PSoC Creator\3.2\PSoC Creator\psoc\content\cycomponentlibrary\CyComponentLibrary.cylib\BLE_v2_0\Library\gccCyBLEStack_BLE_SOC_PERIPHERAL.a(ll.o)
                0x000041fa                ll_handle_host_data_packet

i.ll_handle_read_host_channel_map
                0x0000424e        0x4
 i.ll_handle_read_host_channel_map
                0x0000424e        0x4 C:\Program Files (x86)\Cypress\PSoC Creator\3.2\PSoC Creator\psoc\content\cycomponentlibrary\CyComponentLibrary.cylib\BLE_v2_0\Library\gccCyBLEStack_BLE_SOC_PERIPHERAL.a(ll.o)
                0x0000424e                ll_handle_read_host_channel_map

i.ll_handle_remove_device_in_whitelist
                0x00004252       0x2a
 i.ll_handle_remove_device_in_whitelist
                0x00004252       0x2a C:\Program Files (x86)\Cypress\PSoC Creator\3.2\PSoC Creator\psoc\content\cycomponentlibrary\CyComponentLibrary.cylib\BLE_v2_0\Library\gccCyBLEStack_BLE_SOC_PERIPHERAL.a(ll.o)
                0x00004252                ll_handle_remove_device_in_whitelist

i.ll_handle_reset
                0x0000427c        0xe
 i.ll_handle_reset
                0x0000427c        0xe C:\Program Files (x86)\Cypress\PSoC Creator\3.2\PSoC Creator\psoc\content\cycomponentlibrary\CyComponentLibrary.cylib\BLE_v2_0\Library\gccCyBLEStack_BLE_SOC_PERIPHERAL.a(ll.o)
                0x0000427c                ll_handle_reset

i.ll_handle_set_random_address
                0x0000428a       0x36
 i.ll_handle_set_random_address
                0x0000428a       0x36 C:\Program Files (x86)\Cypress\PSoC Creator\3.2\PSoC Creator\psoc\content\cycomponentlibrary\CyComponentLibrary.cylib\BLE_v2_0\Library\gccCyBLEStack_BLE_SOC_PERIPHERAL.a(ll.o)
                0x0000428a                ll_handle_set_random_address

i.ll_init       0x000042c0       0x18
 i.ll_init      0x000042c0       0x18 C:\Program Files (x86)\Cypress\PSoC Creator\3.2\PSoC Creator\psoc\content\cycomponentlibrary\CyComponentLibrary.cylib\BLE_v2_0\Library\gccCyBLEStack_BLE_SOC_PERIPHERAL.a(ll.o)
                0x000042c0                ll_init

i.ll_initialize_device_attributes
                0x000042d8       0x4c
 i.ll_initialize_device_attributes
                0x000042d8       0x4c C:\Program Files (x86)\Cypress\PSoC Creator\3.2\PSoC Creator\psoc\content\cycomponentlibrary\CyComponentLibrary.cylib\BLE_v2_0\Library\gccCyBLEStack_BLE_SOC_PERIPHERAL.a(ll.o)
                0x000042d8                ll_initialize_device_attributes

i.ll_is_pkt_pending
                0x00004324       0x2a
 i.ll_is_pkt_pending
                0x00004324       0x2a C:\Program Files (x86)\Cypress\PSoC Creator\3.2\PSoC Creator\psoc\content\cycomponentlibrary\CyComponentLibrary.cylib\BLE_v2_0\Library\gccCyBLEStack_BLE_SOC_PERIPHERAL.a(ll.o)
                0x00004324                ll_is_pkt_pending

i.ll_is_sent_pkt_pending
                0x0000434e       0x1a
 i.ll_is_sent_pkt_pending
                0x0000434e       0x1a C:\Program Files (x86)\Cypress\PSoC Creator\3.2\PSoC Creator\psoc\content\cycomponentlibrary\CyComponentLibrary.cylib\BLE_v2_0\Library\gccCyBLEStack_BLE_SOC_PERIPHERAL.a(ll.o)
                0x0000434e                ll_is_sent_pkt_pending

i.ll_isr_exit_low_power_mode
                0x00004368       0x16
 i.ll_isr_exit_low_power_mode
                0x00004368       0x16 C:\Program Files (x86)\Cypress\PSoC Creator\3.2\PSoC Creator\psoc\content\cycomponentlibrary\CyComponentLibrary.cylib\BLE_v2_0\Library\gccCyBLEStack_BLE_SOC_PERIPHERAL.a(ll.o)
                0x00004368                ll_isr_exit_low_power_mode

i.ll_load_host_data_packet
                0x0000437e       0x4a
 i.ll_load_host_data_packet
                0x0000437e       0x4a C:\Program Files (x86)\Cypress\PSoC Creator\3.2\PSoC Creator\psoc\content\cycomponentlibrary\CyComponentLibrary.cylib\BLE_v2_0\Library\gccCyBLEStack_BLE_SOC_PERIPHERAL.a(ll.o)
                0x0000437e                ll_load_host_data_packet

i.ll_load_packet_to_fifo
                0x000043c8       0x6e
 i.ll_load_packet_to_fifo
                0x000043c8       0x6e C:\Program Files (x86)\Cypress\PSoC Creator\3.2\PSoC Creator\psoc\content\cycomponentlibrary\CyComponentLibrary.cylib\BLE_v2_0\Library\gccCyBLEStack_BLE_SOC_PERIPHERAL.a(ll.o)
                0x000043c8                ll_load_packet_to_fifo

i.ll_process_acks
                0x00004436       0x3c
 i.ll_process_acks
                0x00004436       0x3c C:\Program Files (x86)\Cypress\PSoC Creator\3.2\PSoC Creator\psoc\content\cycomponentlibrary\CyComponentLibrary.cylib\BLE_v2_0\Library\gccCyBLEStack_BLE_SOC_PERIPHERAL.a(ll.o)
                0x00004436                ll_process_acks

i.ll_reset      0x00004472       0x12
 i.ll_reset     0x00004472       0x12 C:\Program Files (x86)\Cypress\PSoC Creator\3.2\PSoC Creator\psoc\content\cycomponentlibrary\CyComponentLibrary.cylib\BLE_v2_0\Library\gccCyBLEStack_BLE_SOC_PERIPHERAL.a(ll.o)
                0x00004472                ll_reset

i.ll_update_active_features
                0x00004484       0x58
 i.ll_update_active_features
                0x00004484       0x58 C:\Program Files (x86)\Cypress\PSoC Creator\3.2\PSoC Creator\psoc\content\cycomponentlibrary\CyComponentLibrary.cylib\BLE_v2_0\Library\gccCyBLEStack_BLE_SOC_PERIPHERAL.a(ll.o)
                0x00004484                ll_update_active_features

i.ll_update_device_fsm
                0x000044dc        0x8
 i.ll_update_device_fsm
                0x000044dc        0x8 C:\Program Files (x86)\Cypress\PSoC Creator\3.2\PSoC Creator\psoc\content\cycomponentlibrary\CyComponentLibrary.cylib\BLE_v2_0\Library\gccCyBLEStack_BLE_SOC_PERIPHERAL.a(ll.o)
                0x000044dc                ll_update_device_fsm

i.pf_le_start_timer
                0x000044e4       0x16
 i.pf_le_start_timer
                0x000044e4       0x16 C:\Program Files (x86)\Cypress\PSoC Creator\3.2\PSoC Creator\psoc\content\cycomponentlibrary\CyComponentLibrary.cylib\BLE_v2_0\Library\gccCyBLEStack_BLE_SOC_PERIPHERAL.a(ll.o)
                0x000044e4                pf_le_start_timer

i.pf_le_stop_timer
                0x000044fa       0x12
 i.pf_le_stop_timer
                0x000044fa       0x12 C:\Program Files (x86)\Cypress\PSoC Creator\3.2\PSoC Creator\psoc\content\cycomponentlibrary\CyComponentLibrary.cylib\BLE_v2_0\Library\gccCyBLEStack_BLE_SOC_PERIPHERAL.a(ll.o)
                0x000044fa                pf_le_stop_timer

i.CyBleControllerIP_TuneAdvEventInterPktSlots
                0x0000450c       0x44
 i.CyBleControllerIP_TuneAdvEventInterPktSlots
                0x0000450c       0x44 C:\Program Files (x86)\Cypress\PSoC Creator\3.2\PSoC Creator\psoc\content\cycomponentlibrary\CyComponentLibrary.cylib\BLE_v2_0\Library\gccCyBLEStack_BLE_SOC_PERIPHERAL.a(ll_advertiser.o)
                0x0000450c                CyBleControllerIP_TuneAdvEventInterPktSlots

i.ll_adv_is_configured_connection_adv
                0x00004550       0x1e
 i.ll_adv_is_configured_connection_adv
                0x00004550       0x1e C:\Program Files (x86)\Cypress\PSoC Creator\3.2\PSoC Creator\psoc\content\cycomponentlibrary\CyComponentLibrary.cylib\BLE_v2_0\Library\gccCyBLEStack_BLE_SOC_PERIPHERAL.a(ll_advertiser.o)
                0x00004550                ll_adv_is_configured_connection_adv

i.ll_check_random_address_in_use_by_advertiser
                0x0000456e       0x10
 i.ll_check_random_address_in_use_by_advertiser
                0x0000456e       0x10 C:\Program Files (x86)\Cypress\PSoC Creator\3.2\PSoC Creator\psoc\content\cycomponentlibrary\CyComponentLibrary.cylib\BLE_v2_0\Library\gccCyBLEStack_BLE_SOC_PERIPHERAL.a(ll_advertiser.o)
                0x0000456e                ll_check_random_address_in_use_by_advertiser

i.ll_check_whitelist_in_use_by_advertiser
                0x0000457e       0x10
 i.ll_check_whitelist_in_use_by_advertiser
                0x0000457e       0x10 C:\Program Files (x86)\Cypress\PSoC Creator\3.2\PSoC Creator\psoc\content\cycomponentlibrary\CyComponentLibrary.cylib\BLE_v2_0\Library\gccCyBLEStack_BLE_SOC_PERIPHERAL.a(ll_advertiser.o)
                0x0000457e                ll_check_whitelist_in_use_by_advertiser

i.ll_get_adv_status
                0x0000458e        0xc
 i.ll_get_adv_status
                0x0000458e        0xc C:\Program Files (x86)\Cypress\PSoC Creator\3.2\PSoC Creator\psoc\content\cycomponentlibrary\CyComponentLibrary.cylib\BLE_v2_0\Library\gccCyBLEStack_BLE_SOC_PERIPHERAL.a(ll_advertiser.o)
                0x0000458e                ll_get_adv_status

i.ll_get_adv_type
                0x0000459a       0x16
 i.ll_get_adv_type
                0x0000459a       0x16 C:\Program Files (x86)\Cypress\PSoC Creator\3.2\PSoC Creator\psoc\content\cycomponentlibrary\CyComponentLibrary.cylib\BLE_v2_0\Library\gccCyBLEStack_BLE_SOC_PERIPHERAL.a(ll_advertiser.o)
                0x0000459a                ll_get_adv_type

i.ll_handle_adv_intr
                0x000045b0       0x50
 i.ll_handle_adv_intr
                0x000045b0       0x50 C:\Program Files (x86)\Cypress\PSoC Creator\3.2\PSoC Creator\psoc\content\cycomponentlibrary\CyComponentLibrary.cylib\BLE_v2_0\Library\gccCyBLEStack_BLE_SOC_PERIPHERAL.a(ll_advertiser.o)
                0x000045b0                ll_handle_adv_intr

i.ll_handle_set_adv_data
                0x00004600       0x14
 i.ll_handle_set_adv_data
                0x00004600       0x14 C:\Program Files (x86)\Cypress\PSoC Creator\3.2\PSoC Creator\psoc\content\cycomponentlibrary\CyComponentLibrary.cylib\BLE_v2_0\Library\gccCyBLEStack_BLE_SOC_PERIPHERAL.a(ll_advertiser.o)
                0x00004600                ll_handle_set_adv_data

i.ll_handle_set_adv_parameters
                0x00004614       0x84
 i.ll_handle_set_adv_parameters
                0x00004614       0x84 C:\Program Files (x86)\Cypress\PSoC Creator\3.2\PSoC Creator\psoc\content\cycomponentlibrary\CyComponentLibrary.cylib\BLE_v2_0\Library\gccCyBLEStack_BLE_SOC_PERIPHERAL.a(ll_advertiser.o)
                0x00004614                ll_handle_set_adv_parameters

i.ll_handle_set_advertise_enable
                0x00004698       0x70
 i.ll_handle_set_advertise_enable
                0x00004698       0x70 C:\Program Files (x86)\Cypress\PSoC Creator\3.2\PSoC Creator\psoc\content\cycomponentlibrary\CyComponentLibrary.cylib\BLE_v2_0\Library\gccCyBLEStack_BLE_SOC_PERIPHERAL.a(ll_advertiser.o)
                0x00004698                ll_handle_set_advertise_enable

i.ll_handle_set_scan_resp_data
                0x00004708       0x14
 i.ll_handle_set_scan_resp_data
                0x00004708       0x14 C:\Program Files (x86)\Cypress\PSoC Creator\3.2\PSoC Creator\psoc\content\cycomponentlibrary\CyComponentLibrary.cylib\BLE_v2_0\Library\gccCyBLEStack_BLE_SOC_PERIPHERAL.a(ll_advertiser.o)
                0x00004708                ll_handle_set_scan_resp_data

i.ll_init_advertiser
                0x0000471c       0x68
 i.ll_init_advertiser
                0x0000471c       0x68 C:\Program Files (x86)\Cypress\PSoC Creator\3.2\PSoC Creator\psoc\content\cycomponentlibrary\CyComponentLibrary.cylib\BLE_v2_0\Library\gccCyBLEStack_BLE_SOC_PERIPHERAL.a(ll_advertiser.o)
                0x0000471c                ll_init_advertiser

i.is_le_connection_handle
                0x00004784       0x28
 i.is_le_connection_handle
                0x00004784       0x28 C:\Program Files (x86)\Cypress\PSoC Creator\3.2\PSoC Creator\psoc\content\cycomponentlibrary\CyComponentLibrary.cylib\BLE_v2_0\Library\gccCyBLEStack_BLE_SOC_PERIPHERAL.a(ll_connection.o)
                0x00004784                is_le_connection_handle

i.le_assign_connection_handle
                0x000047ac       0x28
 i.le_assign_connection_handle
                0x000047ac       0x28 C:\Program Files (x86)\Cypress\PSoC Creator\3.2\PSoC Creator\psoc\content\cycomponentlibrary\CyComponentLibrary.cylib\BLE_v2_0\Library\gccCyBLEStack_BLE_SOC_PERIPHERAL.a(ll_connection.o)
                0x000047ac                le_assign_connection_handle

i.le_get_connection_index
                0x000047d4        0x6
 i.le_get_connection_index
                0x000047d4        0x6 C:\Program Files (x86)\Cypress\PSoC Creator\3.2\PSoC Creator\psoc\content\cycomponentlibrary\CyComponentLibrary.cylib\BLE_v2_0\Library\gccCyBLEStack_BLE_SOC_PERIPHERAL.a(ll_connection.o)
                0x000047d4                le_get_connection_index

i.ll_allocate_connection
                0x000047dc       0x44
 i.ll_allocate_connection
                0x000047dc       0x44 C:\Program Files (x86)\Cypress\PSoC Creator\3.2\PSoC Creator\psoc\content\cycomponentlibrary\CyComponentLibrary.cylib\BLE_v2_0\Library\gccCyBLEStack_BLE_SOC_PERIPHERAL.a(ll_connection.o)
                0x000047dc                ll_allocate_connection

i.ll_calculate_and_program_def_win_widen_drift
                0x00004820       0x14
 i.ll_calculate_and_program_def_win_widen_drift
                0x00004820       0x14 C:\Program Files (x86)\Cypress\PSoC Creator\3.2\PSoC Creator\psoc\content\cycomponentlibrary\CyComponentLibrary.cylib\BLE_v2_0\Library\gccCyBLEStack_BLE_SOC_PERIPHERAL.a(ll_connection.o)
                0x00004820                ll_calculate_and_program_def_win_widen_drift

i.ll_calculate_drift
                0x00004834       0x2c
 i.ll_calculate_drift
                0x00004834       0x2c C:\Program Files (x86)\Cypress\PSoC Creator\3.2\PSoC Creator\psoc\content\cycomponentlibrary\CyComponentLibrary.cylib\BLE_v2_0\Library\gccCyBLEStack_BLE_SOC_PERIPHERAL.a(ll_connection.o)
                0x00004834                ll_calculate_drift

i.ll_check_and_decrypt_ll_pdu
                0x00004860       0x68
 i.ll_check_and_decrypt_ll_pdu
                0x00004860       0x68 C:\Program Files (x86)\Cypress\PSoC Creator\3.2\PSoC Creator\psoc\content\cycomponentlibrary\CyComponentLibrary.cylib\BLE_v2_0\Library\gccCyBLEStack_BLE_SOC_PERIPHERAL.a(ll_connection.o)
                0x00004860                ll_check_and_decrypt_ll_pdu

i.ll_check_and_decrypt_packet
                0x000048c8       0x6a
 i.ll_check_and_decrypt_packet
                0x000048c8       0x6a C:\Program Files (x86)\Cypress\PSoC Creator\3.2\PSoC Creator\psoc\content\cycomponentlibrary\CyComponentLibrary.cylib\BLE_v2_0\Library\gccCyBLEStack_BLE_SOC_PERIPHERAL.a(ll_connection.o)
                0x000048c8                ll_check_and_decrypt_packet

i.ll_check_and_encrypt_ll_pdu
                0x00004932       0x72
 i.ll_check_and_encrypt_ll_pdu
                0x00004932       0x72 C:\Program Files (x86)\Cypress\PSoC Creator\3.2\PSoC Creator\psoc\content\cycomponentlibrary\CyComponentLibrary.cylib\BLE_v2_0\Library\gccCyBLEStack_BLE_SOC_PERIPHERAL.a(ll_connection.o)
                0x00004932                ll_check_and_encrypt_ll_pdu

i.ll_check_and_encrypt_packet
                0x000049a4       0x8a
 i.ll_check_and_encrypt_packet
                0x000049a4       0x8a C:\Program Files (x86)\Cypress\PSoC Creator\3.2\PSoC Creator\psoc\content\cycomponentlibrary\CyComponentLibrary.cylib\BLE_v2_0\Library\gccCyBLEStack_BLE_SOC_PERIPHERAL.a(ll_connection.o)
                0x000049a4                ll_check_and_encrypt_packet

i.ll_check_for_allowing_incoming_connection_update
                0x00004a2e       0x42
 i.ll_check_for_allowing_incoming_connection_update
                0x00004a2e       0x42 C:\Program Files (x86)\Cypress\PSoC Creator\3.2\PSoC Creator\psoc\content\cycomponentlibrary\CyComponentLibrary.cylib\BLE_v2_0\Library\gccCyBLEStack_BLE_SOC_PERIPHERAL.a(ll_connection.o)
                0x00004a2e                ll_check_for_allowing_incoming_connection_update

i.ll_check_if_pdu_is_loaded_to_hardware
                0x00004a70       0x1c
 i.ll_check_if_pdu_is_loaded_to_hardware
                0x00004a70       0x1c C:\Program Files (x86)\Cypress\PSoC Creator\3.2\PSoC Creator\psoc\content\cycomponentlibrary\CyComponentLibrary.cylib\BLE_v2_0\Library\gccCyBLEStack_BLE_SOC_PERIPHERAL.a(ll_connection.o)
                0x00004a70                ll_check_if_pdu_is_loaded_to_hardware

i.ll_check_random_address_in_use_by_initiator
                0x00004a8c       0x30
 i.ll_check_random_address_in_use_by_initiator
                0x00004a8c       0x30 C:\Program Files (x86)\Cypress\PSoC Creator\3.2\PSoC Creator\psoc\content\cycomponentlibrary\CyComponentLibrary.cylib\BLE_v2_0\Library\gccCyBLEStack_BLE_SOC_PERIPHERAL.a(ll_connection.o)
                0x00004a8c                ll_check_random_address_in_use_by_initiator

i.ll_check_white_list_in_use_by_initiator
                0x00004abc       0x30
 i.ll_check_white_list_in_use_by_initiator
                0x00004abc       0x30 C:\Program Files (x86)\Cypress\PSoC Creator\3.2\PSoC Creator\psoc\content\cycomponentlibrary\CyComponentLibrary.cylib\BLE_v2_0\Library\gccCyBLEStack_BLE_SOC_PERIPHERAL.a(ll_connection.o)
                0x00004abc                ll_check_white_list_in_use_by_initiator

i.ll_conn_free_enc_txn_buffer
                0x00004aec       0x16
 i.ll_conn_free_enc_txn_buffer
                0x00004aec       0x16 C:\Program Files (x86)\Cypress\PSoC Creator\3.2\PSoC Creator\psoc\content\cycomponentlibrary\CyComponentLibrary.cylib\BLE_v2_0\Library\gccCyBLEStack_BLE_SOC_PERIPHERAL.a(ll_connection.o)
                0x00004aec                ll_conn_free_enc_txn_buffer

i.ll_conn_fsm_update_channel_state
                0x00004b02        0x6
 i.ll_conn_fsm_update_channel_state
                0x00004b02        0x6 C:\Program Files (x86)\Cypress\PSoC Creator\3.2\PSoC Creator\psoc\content\cycomponentlibrary\CyComponentLibrary.cylib\BLE_v2_0\Library\gccCyBLEStack_BLE_SOC_PERIPHERAL.a(ll_connection.o)
                0x00004b02                ll_conn_fsm_update_channel_state

i.ll_conn_fsm_update_conn_update_state
                0x00004b08        0x6
 i.ll_conn_fsm_update_conn_update_state
                0x00004b08        0x6 C:\Program Files (x86)\Cypress\PSoC Creator\3.2\PSoC Creator\psoc\content\cycomponentlibrary\CyComponentLibrary.cylib\BLE_v2_0\Library\gccCyBLEStack_BLE_SOC_PERIPHERAL.a(ll_connection.o)
                0x00004b08                ll_conn_fsm_update_conn_update_state

i.ll_conn_fsm_update_enc_state
                0x00004b0e        0x6
 i.ll_conn_fsm_update_enc_state
                0x00004b0e        0x6 C:\Program Files (x86)\Cypress\PSoC Creator\3.2\PSoC Creator\psoc\content\cycomponentlibrary\CyComponentLibrary.cylib\BLE_v2_0\Library\gccCyBLEStack_BLE_SOC_PERIPHERAL.a(ll_connection.o)
                0x00004b0e                ll_conn_fsm_update_enc_state

i.ll_conn_fsm_update_state
                0x00004b14        0x4
 i.ll_conn_fsm_update_state
                0x00004b14        0x4 C:\Program Files (x86)\Cypress\PSoC Creator\3.2\PSoC Creator\psoc\content\cycomponentlibrary\CyComponentLibrary.cylib\BLE_v2_0\Library\gccCyBLEStack_BLE_SOC_PERIPHERAL.a(ll_connection.o)
                0x00004b14                ll_conn_fsm_update_state
