Archive member included because of file (symbol)

.\CortexM0\ARM_GCC_484\Debug\BLE Lab 2.a(cyfitter_cfg.o)
                              .\CortexM0\ARM_GCC_484\Debug\Cm0Start.o (cyfitter_cfg)
.\CortexM0\ARM_GCC_484\Debug\BLE Lab 2.a(SW2_Switch.o)
                              .\CortexM0\ARM_GCC_484\Debug\main.o (SW2_Switch_ClearInterrupt)
.\CortexM0\ARM_GCC_484\Debug\BLE Lab 2.a(Wakeup_ISR.o)
                              .\CortexM0\ARM_GCC_484\Debug\main.o (Wakeup_ISR_Start)
.\CortexM0\ARM_GCC_484\Debug\BLE Lab 2.a(Led_Advertising_Green.o)
                              .\CortexM0\ARM_GCC_484\Debug\main.o (Led_Advertising_Green_Write)
.\CortexM0\ARM_GCC_484\Debug\BLE Lab 2.a(Led_Connected_Blue.o)
                              .\CortexM0\ARM_GCC_484\Debug\main.o (Led_Connected_Blue_Write)
.\CortexM0\ARM_GCC_484\Debug\BLE Lab 2.a(Opamp.o)
                              .\CortexM0\ARM_GCC_484\Debug\main.o (Opamp_Start)
.\CortexM0\ARM_GCC_484\Debug\BLE Lab 2.a(Opamp_PM.o)
                              .\CortexM0\ARM_GCC_484\Debug\main.o (Opamp_Sleep)
.\CortexM0\ARM_GCC_484\Debug\BLE Lab 2.a(ADC.o)
                              .\CortexM0\ARM_GCC_484\Debug\main.o (ADC_Start)
.\CortexM0\ARM_GCC_484\Debug\BLE Lab 2.a(ADC_PM.o)
                              .\CortexM0\ARM_GCC_484\Debug\main.o (ADC_Sleep)
.\CortexM0\ARM_GCC_484\Debug\BLE Lab 2.a(ADC_INT.o)
                              .\CortexM0\ARM_GCC_484\Debug\BLE Lab 2.a(ADC.o) (ADC_ISR)
.\CortexM0\ARM_GCC_484\Debug\BLE Lab 2.a(CyBootAsmGnu.o)
                              .\CortexM0\ARM_GCC_484\Debug\BLE Lab 2.a(cyfitter_cfg.o) (CyDelayCycles)
.\CortexM0\ARM_GCC_484\Debug\BLE Lab 2.a(CyLib.o)
                              .\CortexM0\ARM_GCC_484\Debug\BLE Lab 2.a(cyfitter_cfg.o) (CySysClkWriteImoFreq)
.\CortexM0\ARM_GCC_484\Debug\BLE Lab 2.a(cyPm.o)
                              .\CortexM0\ARM_GCC_484\Debug\main.o (CySysPmSleep)
.\CortexM0\ARM_GCC_484\Debug\BLE Lab 2.a(CyLFClk.o)
                              .\CortexM0\ARM_GCC_484\Debug\BLE Lab 2.a(cyfitter_cfg.o) (CySysClkWcoStart)
.\CortexM0\ARM_GCC_484\Debug\BLE Lab 2.a(BLE_1_hrs.o)
                              .\CortexM0\ARM_GCC_484\Debug\main.o (CyBle_HrsRegisterAttrCallback)
.\CortexM0\ARM_GCC_484\Debug\BLE Lab 2.a(BLE_1.o)
                              .\CortexM0\ARM_GCC_484\Debug\BLE Lab 2.a(BLE_1_hrs.o) (CyBle_ApplCallback)
.\CortexM0\ARM_GCC_484\Debug\BLE Lab 2.a(BLE_1_gatt.o)
                              .\CortexM0\ARM_GCC_484\Debug\BleProcessing.o (cyBle_state)
.\CortexM0\ARM_GCC_484\Debug\BLE Lab 2.a(BLE_1_eventHandler.o)
                              .\CortexM0\ARM_GCC_484\Debug\BleProcessing.o (cyBle_connHandle)
.\CortexM0\ARM_GCC_484\Debug\BLE Lab 2.a(BLE_1_dis.o)
                              .\CortexM0\ARM_GCC_484\Debug\BLE Lab 2.a(BLE_1.o) (CyBle_DisInit)
D:\Program Files\For ECE9047\Cypress\PSoC Creator\3.2\PSoC Creator\psoc\content\cycomponentlibrary\CyComponentLibrary.cylib\BLE_v2_0\Library\gccCyBLEStack_BLE_SOC_PERIPHERAL.a(CyBle.o)
                              .\CortexM0\ARM_GCC_484\Debug\main.o (CyBle_EnterLPM)
D:\Program Files\For ECE9047\Cypress\PSoC Creator\3.2\PSoC Creator\psoc\content\cycomponentlibrary\CyComponentLibrary.cylib\BLE_v2_0\Library\gccCyBLEStack_BLE_SOC_PERIPHERAL.a(CyBleStackMgrIP_Interface.o)
                              D:\Program Files\For ECE9047\Cypress\PSoC Creator\3.2\PSoC Creator\psoc\content\cycomponentlibrary\CyComponentLibrary.cylib\BLE_v2_0\Library\gccCyBLEStack_BLE_SOC_PERIPHERAL.a(CyBle.o) (CyBleStackMgr_Init)
D:\Program Files\For ECE9047\Cypress\PSoC Creator\3.2\PSoC Creator\psoc\content\cycomponentlibrary\CyComponentLibrary.cylib\BLE_v2_0\Library\gccCyBLEStack_BLE_SOC_PERIPHERAL.a(BT_os.o)
                              D:\Program Files\For ECE9047\Cypress\PSoC Creator\3.2\PSoC Creator\psoc\content\cycomponentlibrary\CyComponentLibrary.cylib\BLE_v2_0\Library\gccCyBLEStack_BLE_SOC_PERIPHERAL.a(CyBleStackMgrIP_Interface.o) (cyBleStackMemoryConfig)
D:\Program Files\For ECE9047\Cypress\PSoC Creator\3.2\PSoC Creator\psoc\content\cycomponentlibrary\CyComponentLibrary.cylib\BLE_v2_0\Library\gccCyBLEStack_BLE_SOC_PERIPHERAL.a(CyBleStackMgr_StackTaskHandler.o)
                              D:\Program Files\For ECE9047\Cypress\PSoC Creator\3.2\PSoC Creator\psoc\content\cycomponentlibrary\CyComponentLibrary.cylib\BLE_v2_0\Library\gccCyBLEStack_BLE_SOC_PERIPHERAL.a(CyBleStackMgrIP_Interface.o) (CyBle_CreateBleStackTask)
D:\Program Files\For ECE9047\Cypress\PSoC Creator\3.2\PSoC Creator\psoc\content\cycomponentlibrary\CyComponentLibrary.cylib\BLE_v2_0\Library\gccCyBLEStack_BLE_SOC_PERIPHERAL.a(transport_sf.o)
                              D:\Program Files\For ECE9047\Cypress\PSoC Creator\3.2\PSoC Creator\psoc\content\cycomponentlibrary\CyComponentLibrary.cylib\BLE_v2_0\Library\gccCyBLEStack_BLE_SOC_PERIPHERAL.a(CyBleStackMgr_StackTaskHandler.o) (hci_soft_transport_notify_data_received)
[...]
Memory Configuration

Name             Origin             Length             Attributes
rom              0x00000000         0x00020000         xr
ram              0x20000000         0x00004000         xrw
*default*        0x00000000         0xffffffff

Linker script and memory map

LOAD d:/program files/for ece9047/cypress/psoc creator/3.2/psoc creator/import/gnu/arm/4.8.4/bin/../lib/gcc/arm-none-eabi/4.8.4/armv6-m/crti.o
LOAD d:/program files/for ece9047/cypress/psoc creator/3.2/psoc creator/import/gnu/arm/4.8.4/bin/../lib/gcc/arm-none-eabi/4.8.4/armv6-m/crtbegin.o
LOAD d:/program files/for ece9047/cypress/psoc creator/3.2/psoc creator/import/gnu/arm/4.8.4/bin/../lib/gcc/arm-none-eabi/4.8.4/../../../../arm-none-eabi/lib/armv6-m/crt0.o
START GROUP
LOAD .\CortexM0\ARM_GCC_484\Debug\main.o
LOAD .\CortexM0\ARM_GCC_484\Debug\HeartRateProcessing.o
LOAD .\CortexM0\ARM_GCC_484\Debug\BleProcessing.o
LOAD .\CortexM0\ARM_GCC_484\Debug\WatchdogTimer.o
LOAD .\CortexM0\ARM_GCC_484\Debug\cymetadata.o
LOAD .\CortexM0\ARM_GCC_484\Debug\Cm0Start.o
LOAD .\CortexM0\ARM_GCC_484\Debug\BLE Lab 2.a
LOAD D:\Program Files\For ECE9047\Cypress\PSoC Creator\3.2\PSoC Creator\psoc\content\cycomponentlibrary\CyComponentLibrary.cylib\BLE_v2_0\Library\gccCyBLEStack_BLE_SOC_PERIPHERAL.a
LOAD D:\Program Files\For ECE9047\Cypress\PSoC Creator\3.2\PSoC Creator\psoc\content\cycomponentlibrary\CyComponentLibrary.cylib\CortexM0\ARM_GCC_484\Debug\CyComponentLibrary.a
END GROUP
START GROUP
LOAD d:/program files/for ece9047/cypress/psoc creator/3.2/psoc creator/import/gnu/arm/4.8.4/bin/../lib/gcc/arm-none-eabi/4.8.4/armv6-m\libgcc.a
LOAD d:/program files/for ece9047/cypress/psoc creator/3.2/psoc creator/import/gnu/arm/4.8.4/bin/../lib/gcc/arm-none-eabi/4.8.4/../../../../arm-none-eabi/lib/armv6-m\libg_s.a
LOAD d:/program files/for ece9047/cypress/psoc creator/3.2/psoc creator/import/gnu/arm/4.8.4/bin/../lib/gcc/arm-none-eabi/4.8.4/../../../../arm-none-eabi/lib/armv6-m\libc_s.a
END GROUP
START GROUP
LOAD d:/program files/for ece9047/cypress/psoc creator/3.2/psoc creator/import/gnu/arm/4.8.4/bin/../lib/gcc/arm-none-eabi/4.8.4/armv6-m\libgcc.a
LOAD d:/program files/for ece9047/cypress/psoc creator/3.2/psoc creator/import/gnu/arm/4.8.4/bin/../lib/gcc/arm-none-eabi/4.8.4/../../../../arm-none-eabi/lib/armv6-m\libc_s.a
END GROUP
LOAD d:/program files/for ece9047/cypress/psoc creator/3.2/psoc creator/import/gnu/arm/4.8.4/bin/../lib/gcc/arm-none-eabi/4.8.4/armv6-m/crtend.o
LOAD d:/program files/for ece9047/cypress/psoc creator/3.2/psoc creator/import/gnu/arm/4.8.4/bin/../lib/gcc/arm-none-eabi/4.8.4/armv6-m/crtn.o
START GROUP
LOAD d:/program files/for ece9047/cypress/psoc creator/3.2/psoc creator/import/gnu/arm/4.8.4/bin/../lib/gcc/arm-none-eabi/4.8.4/armv6-m\libgcc.a
LOAD d:/program files/for ece9047/cypress/psoc creator/3.2/psoc creator/import/gnu/arm/4.8.4/bin/../lib/gcc/arm-none-eabi/4.8.4/../../../../arm-none-eabi/lib/armv6-m\libc.a
LOAD d:/program files/for ece9047/cypress/psoc creator/3.2/psoc creator/import/gnu/arm/4.8.4/bin/../lib/gcc/arm-none-eabi/4.8.4/../../../../arm-none-eabi/lib/armv6-m\libnosys.a
END GROUP
                0x00000000                CY_APPL_ORIGIN = 0x0
                0x00000080                CY_FLASH_ROW_SIZE = 0x80
                0x00000001                CY_APPL_NUM = 0x1
                0x00000040                CY_METADATA_SIZE = 0x40
                0x20001dd8                PROVIDE (__cy_heap_start, _end)
                0x00000001                PROVIDE (__cy_region_num, ((__cy_regions_end - __cy_regions) / 0x10))
                0x20004000                PROVIDE (__cy_stack, (ORIGIN (ram) + 0x4000))
                0x20003c00                PROVIDE (__cy_heap_end, (__cy_stack - 0x400))

.cybootloader   0x00000000        0x0
 *(.cybootloader)
                0x00000000                appl1_start = CY_APPL_ORIGIN?CY_APPL_ORIGIN:ALIGN (CY_FLASH_ROW_SIZE)
                0x0000ff80                appl2_start = (appl1_start + ALIGN ((((0x20000 - appl1_start) - (0x2 * CY_FLASH_ROW_SIZE)) / 0x2), CY_FLASH_ROW_SIZE))
                0x00000000                appl_start = (CY_APPL_NUM == 0x1)?appl1_start:appl2_start

.text           0x00000000     0x256c
 CREATE_OBJECT_SYMBOLS
                0x00000000                PROVIDE (__cy_interrupt_vector, RomVectors)
 *(.romvectors)
 .romvectors    0x00000000       0x10 .\CortexM0\ARM_GCC_484\Debug\Cm0Start.o
                0x00000000                RomVectors
                0x00000001                ASSERT ((. != __cy_interrupt_vector), No interrupt vector)
                0x00000001                ASSERT (CY_APPL_ORIGIN?(SIZEOF (.cybootloader) <= CY_APPL_ORIGIN):0x1, Wrong image location)
                0x00000010                PROVIDE (__cy_reset, Reset)
 *(.text.Reset)
 .text.Reset    0x00000010        0x8 .\CortexM0\ARM_GCC_484\Debug\Cm0Start.o
                0x00000010                Reset
                0x00000001                ASSERT ((. != __cy_reset), No reset code)
 *(.psocinit)
 .psocinit      0x00000018      0x230 .\CortexM0\ARM_GCC_484\Debug\BLE Lab 2.a(cyfitter_cfg.o)
                0x000000e4                cyfitter_cfg
                0x00000248                . = MAX (., 0x100)
 *(.text .text.* .gnu.linkonce.t.*)
 .text          0x00000248       0x60 d:/program files/for ece9047/cypress/psoc creator/3.2/psoc creator/import/gnu/arm/4.8.4/bin/../lib/gcc/arm-none-eabi/4.8.4/armv6-m/crtbegin.o
 .text.InitializeSystem
                0x000002a8       0x3c .\CortexM0\ARM_GCC_484\Debug\main.o
 .text.main     0x000002e4       0xf0 .\CortexM0\ARM_GCC_484\Debug\main.o
                0x000002e4                main
 .text.ProcessHeartRateSignal
                0x000003d4       0xb0 .\CortexM0\ARM_GCC_484\Debug\HeartRateProcessing.o
                0x000003d4                ProcessHeartRateSignal
 .text.SendHeartRateOverBLE
                0x00000484       0x58 .\CortexM0\ARM_GCC_484\Debug\BleProcessing.o
                0x00000484                SendHeartRateOverBLE
 .text.HrsEventHandler
                0x000004dc       0x38 .\CortexM0\ARM_GCC_484\Debug\BleProcessing.o
                0x000004dc                HrsEventHandler
 .text.GeneralEventHandler
                0x00000514       0x88 .\CortexM0\ARM_GCC_484\Debug\BleProcessing.o
                0x00000514                GeneralEventHandler
 .text.WatchdogTimer_Isr
                0x0000059c       0x20 .\CortexM0\ARM_GCC_484\Debug\WatchdogTimer.o
                0x0000059c                WatchdogTimer_Isr
 .text.WatchdogTimer_Start
                0x000005bc       0x48 .\CortexM0\ARM_GCC_484\Debug\WatchdogTimer.o
                0x000005bc                WatchdogTimer_Start
 .text.WatchdogTimer_GetTimestamp
                0x00000604       0x14 .\CortexM0\ARM_GCC_484\Debug\WatchdogTimer.o
                0x00000604                WatchdogTimer_GetTimestamp
 .text.IntDefaultHandler
                0x00000618        0x8 .\CortexM0\ARM_GCC_484\Debug\Cm0Start.o
                0x00000618                IntDefaultHandler
 .text.Start_c  0x00000620       0x98 .\CortexM0\ARM_GCC_484\Debug\Cm0Start.o
                0x00000620                Start_c
 .text.initialize_psoc
                0x000006b8       0x70 .\CortexM0\ARM_GCC_484\Debug\Cm0Start.o
                0x000006b8                initialize_psoc
 .text.CYMEMZERO
                0x00000728       0x20 .\CortexM0\ARM_GCC_484\Debug\BLE Lab 2.a(cyfitter_cfg.o)
 .text.cfg_write_bytes32
                0x00000748       0x80 .\CortexM0\ARM_GCC_484\Debug\BLE Lab 2.a(cyfitter_cfg.o)
 .text.AnalogSetDefault
                0x000007c8       0x60 .\CortexM0\ARM_GCC_484\Debug\BLE Lab 2.a(cyfitter_cfg.o)
 .text.SetAnalogRoutingPumps
                0x00000828       0x40 .\CortexM0\ARM_GCC_484\Debug\BLE Lab 2.a(cyfitter_cfg.o)
                0x00000828                SetAnalogRoutingPumps
 .text.SW2_Switch_ClearInterrupt
                0x00000868       0x30 .\CortexM0\ARM_GCC_484\Debug\BLE Lab 2.a(SW2_Switch.o)
                0x00000868                SW2_Switch_ClearInterrupt
 .text.Wakeup_ISR_Start
                0x00000898       0x24 .\CortexM0\ARM_GCC_484\Debug\BLE Lab 2.a(Wakeup_ISR.o)
                0x00000898                Wakeup_ISR_Start
 .text.Wakeup_ISR_Interrupt
                0x000008bc        0x8 .\CortexM0\ARM_GCC_484\Debug\BLE Lab 2.a(Wakeup_ISR.o)
                0x000008bc                Wakeup_ISR_Interrupt
 .text.Wakeup_ISR_SetVector
                0x000008c4       0x18 .\CortexM0\ARM_GCC_484\Debug\BLE Lab 2.a(Wakeup_ISR.o)
                0x000008c4                Wakeup_ISR_SetVector
 .text.Wakeup_ISR_SetPriority
                0x000008dc       0x50 .\CortexM0\ARM_GCC_484\Debug\BLE Lab 2.a(Wakeup_ISR.o)
                0x000008dc                Wakeup_ISR_SetPriority
 .text.Wakeup_ISR_Enable
                0x0000092c       0x14 .\CortexM0\ARM_GCC_484\Debug\BLE Lab 2.a(Wakeup_ISR.o)
                0x0000092c                Wakeup_ISR_Enable
 .text.Wakeup_ISR_Disable
                0x00000940       0x14 .\CortexM0\ARM_GCC_484\Debug\BLE Lab 2.a(Wakeup_ISR.o)
                0x00000940                Wakeup_ISR_Disable
 .text.Led_Advertising_Green_Write
                0x00000954       0x4c .\CortexM0\ARM_GCC_484\Debug\BLE Lab 2.a(Led_Advertising_Green.o)
                0x00000954                Led_Advertising_Green_Write
 .text.Led_Advertising_Green_SetDriveMode
                0x000009a0       0x30 .\CortexM0\ARM_GCC_484\Debug\BLE Lab 2.a(Led_Advertising_Green.o)
                0x000009a0                Led_Advertising_Green_SetDriveMode
 .text.Led_Connected_Blue_Write
                0x000009d0       0x48 .\CortexM0\ARM_GCC_484\Debug\BLE Lab 2.a(Led_Connected_Blue.o)
                0x000009d0                Led_Connected_Blue_Write
 .text.Led_Connected_Blue_SetDriveMode
                0x00000a18       0x30 .\CortexM0\ARM_GCC_484\Debug\BLE Lab 2.a(Led_Connected_Blue.o)
                0x00000a18                Led_Connected_Blue_SetDriveMode
 .text.Opamp_Init
                0x00000a48       0x34 .\CortexM0\ARM_GCC_484\Debug\BLE Lab 2.a(Opamp.o)
                0x00000a48                Opamp_Init
 .text.Opamp_Enable
                0x00000a7c       0x24 .\CortexM0\ARM_GCC_484\Debug\BLE Lab 2.a(Opamp.o)
                0x00000a7c                Opamp_Enable
 .text.Opamp_Start
                0x00000aa0       0x24 .\CortexM0\ARM_GCC_484\Debug\BLE Lab 2.a(Opamp.o)
                0x00000aa0                Opamp_Start
 .text.Opamp_Stop
                0x00000ac4       0x1c .\CortexM0\ARM_GCC_484\Debug\BLE Lab 2.a(Opamp.o)
                0x00000ac4                Opamp_Stop
 .text.Opamp_Sleep
                0x00000ae0       0x2c .\CortexM0\ARM_GCC_484\Debug\BLE Lab 2.a(Opamp_PM.o)
                0x00000ae0                Opamp_Sleep
 .text.Opamp_Wakeup
                0x00000b0c       0x18 .\CortexM0\ARM_GCC_484\Debug\BLE Lab 2.a(Opamp_PM.o)
                0x00000b0c                Opamp_Wakeup
 .text.ADC_Start
                0x00000b24       0x24 .\CortexM0\ARM_GCC_484\Debug\BLE Lab 2.a(ADC.o)
                0x00000b24                ADC_Start
 .text.ADC_Init
                0x00000b48      0x1c4 .\CortexM0\ARM_GCC_484\Debug\BLE Lab 2.a(ADC.o)
                0x00000b48                ADC_Init
 .text.ADC_Enable
                0x00000d0c       0x38 .\CortexM0\ARM_GCC_484\Debug\BLE Lab 2.a(ADC.o)
                0x00000d0c                ADC_Enable
 .text.ADC_Stop
                0x00000d44       0x18 .\CortexM0\ARM_GCC_484\Debug\BLE Lab 2.a(ADC.o)
                0x00000d44                ADC_Stop
 .text.ADC_StartConvert
                0x00000d5c       0x14 .\CortexM0\ARM_GCC_484\Debug\BLE Lab 2.a(ADC.o)
                0x00000d5c                ADC_StartConvert
 .text.ADC_StopConvert
                0x00000d70        0x8 .\CortexM0\ARM_GCC_484\Debug\BLE Lab 2.a(ADC.o)
                0x00000d70                ADC_StopConvert
 .text.ADC_IsEndConversion
                0x00000d78       0x48 .\CortexM0\ARM_GCC_484\Debug\BLE Lab 2.a(ADC.o)
                0x00000d78                ADC_IsEndConversion
 .text.ADC_GetResult16
                0x00000dc0       0x44 .\CortexM0\ARM_GCC_484\Debug\BLE Lab 2.a(ADC.o)
                0x00000dc0                ADC_GetResult16
 .text.ADC_Sleep
                0x00000e04       0x84 .\CortexM0\ARM_GCC_484\Debug\BLE Lab 2.a(ADC_PM.o)
                0x00000e04                ADC_Sleep
 .text.ADC_Wakeup
                0x00000e88       0x58 .\CortexM0\ARM_GCC_484\Debug\BLE Lab 2.a(ADC_PM.o)
                0x00000e88                ADC_Wakeup
 .text.ADC_ISR  0x00000ee0       0x1c .\CortexM0\ARM_GCC_484\Debug\BLE Lab 2.a(ADC_INT.o)
                0x00000ee0                ADC_ISR
 *fill*         0x00000efc        0x4 
 .text          0x00000f00       0x20 .\CortexM0\ARM_GCC_484\Debug\BLE Lab 2.a(CyBootAsmGnu.o)
                0x00000f00                CyDelayCycles
                0x00000f12                CyEnterCriticalSection
                0x00000f1a                CyExitCriticalSection
 .text.CySysClkWriteSysclkDiv
                0x00000f20       0x44 .\CortexM0\ARM_GCC_484\Debug\BLE Lab 2.a(CyLib.o)
                0x00000f20                CySysClkWriteSysclkDiv
 .text.CySysClkWriteImoFreq
                0x00000f64       0x98 .\CortexM0\ARM_GCC_484\Debug\BLE Lab 2.a(CyLib.o)
                0x00000f64                CySysClkWriteImoFreq
 .text.CySysClkEcoStart
                0x00000ffc       0x74 .\CortexM0\ARM_GCC_484\Debug\BLE Lab 2.a(CyLib.o)
                0x00000ffc                CySysClkEcoStart
 .text.CySysClkEcoReadStatus
                0x00001070       0x18 .\CortexM0\ARM_GCC_484\Debug\BLE Lab 2.a(CyLib.o)
                0x00001070                CySysClkEcoReadStatus
 .text.CyIntSetVector
                0x00001088       0x4c .\CortexM0\ARM_GCC_484\Debug\BLE Lab 2.a(CyLib.o)
                0x00001088                CyIntSetVector
 .text.CyIntSetPriority
                0x000010d4       0xa8 .\CortexM0\ARM_GCC_484\Debug\BLE Lab 2.a(CyLib.o)
                0x000010d4                CyIntSetPriority
 .text.CyIntEnable
                0x0000117c       0x2c .\CortexM0\ARM_GCC_484\Debug\BLE Lab 2.a(CyLib.o)
                0x0000117c                CyIntEnable
 .text.CyHalt   0x000011a8       0x14 .\CortexM0\ARM_GCC_484\Debug\BLE Lab 2.a(CyLib.o)
                0x000011a8                CyHalt
 .text.CyDelay  0x000011bc       0x48 .\CortexM0\ARM_GCC_484\Debug\BLE Lab 2.a(CyLib.o)
                0x000011bc                CyDelay
 .text.CyDelayUs
                0x00001204       0x28 .\CortexM0\ARM_GCC_484\Debug\BLE Lab 2.a(CyLib.o)
                0x00001204                CyDelayUs
 .text.CySysPmSleep
                0x0000122c       0x34 .\CortexM0\ARM_GCC_484\Debug\BLE Lab 2.a(cyPm.o)
                0x0000122c                CySysPmSleep
 .text.CySysPmDeepSleep
                0x00001260       0x6c .\CortexM0\ARM_GCC_484\Debug\BLE Lab 2.a(cyPm.o)
                0x00001260                CySysPmDeepSleep
 .text.CySysPmHibernate
                0x000012cc       0x6c .\CortexM0\ARM_GCC_484\Debug\BLE Lab 2.a(cyPm.o)
                0x000012cc                CySysPmHibernate
 .text.CySysClkWcoSetHighPowerMode
                0x00001338       0x48 .\CortexM0\ARM_GCC_484\Debug\BLE Lab 2.a(CyLFClk.o)
 .text.CySysClkWcoSetLowPowerMode
                0x00001380       0x48 .\CortexM0\ARM_GCC_484\Debug\BLE Lab 2.a(CyLFClk.o)
 .text.CySysClkWcoStart
                0x000013c8       0x20 .\CortexM0\ARM_GCC_484\Debug\BLE Lab 2.a(CyLFClk.o)
                0x000013c8                CySysClkWcoStart
 .text.CySysClkWcoSetPowerMode
                0x000013e8       0x40 .\CortexM0\ARM_GCC_484\Debug\BLE Lab 2.a(CyLFClk.o)
                0x000013e8                CySysClkWcoSetPowerMode
 .text.CySysWdtLock
                0x00001428       0x34 .\CortexM0\ARM_GCC_484\Debug\BLE Lab 2.a(CyLFClk.o)
                0x00001428                CySysWdtLock
 .text.CySysWdtLocked
                0x0000145c       0x20 .\CortexM0\ARM_GCC_484\Debug\BLE Lab 2.a(CyLFClk.o)
 .text.CySysWdtUnlock
                0x0000147c       0x4c .\CortexM0\ARM_GCC_484\Debug\BLE Lab 2.a(CyLFClk.o)
                0x0000147c                CySysWdtUnlock
 .text.CySysWdtGetEnabledStatus
                0x000014c8       0x30 .\CortexM0\ARM_GCC_484\Debug\BLE Lab 2.a(CyLFClk.o)
                0x000014c8                CySysWdtGetEnabledStatus
 .text.CySysWdtSetMode
                0x000014f8       0x60 .\CortexM0\ARM_GCC_484\Debug\BLE Lab 2.a(CyLFClk.o)
                0x000014f8                CySysWdtSetMode
 .text.CySysWdtSetClearOnMatch
                0x00001558       0x70 .\CortexM0\ARM_GCC_484\Debug\BLE Lab 2.a(CyLFClk.o)
                0x00001558                CySysWdtSetClearOnMatch
 .text.CySysWdtEnable
                0x000015c8       0x64 .\CortexM0\ARM_GCC_484\Debug\BLE Lab 2.a(CyLFClk.o)
                0x000015c8                CySysWdtEnable
 .text.CySysWdtSetMatch
                0x0000162c       0x90 .\CortexM0\ARM_GCC_484\Debug\BLE Lab 2.a(CyLFClk.o)
                0x0000162c                CySysWdtSetMatch
 .text.CySysWdtClearInterrupt
                0x000016bc       0x70 .\CortexM0\ARM_GCC_484\Debug\BLE Lab 2.a(CyLFClk.o)
                0x000016bc                CySysWdtClearInterrupt
 .text.CyBle_HrsInit
                0x0000172c        0x8 .\CortexM0\ARM_GCC_484\Debug\BLE Lab 2.a(BLE_1_hrs.o)
                0x0000172c                CyBle_HrsInit
 .text.CyBle_HrsRegisterAttrCallback
                0x00001734       0x18 .\CortexM0\ARM_GCC_484\Debug\BLE Lab 2.a(BLE_1_hrs.o)
                0x00001734                CyBle_HrsRegisterAttrCallback
 .text.CyBle_HrssGetCharacteristicValue
                0x0000174c       0x9c .\CortexM0\ARM_GCC_484\Debug\BLE Lab 2.a(BLE_1_hrs.o)
                0x0000174c                CyBle_HrssGetCharacteristicValue
 .text.CyBle_HrssSendNotification
                0x000017e8       0xdc .\CortexM0\ARM_GCC_484\Debug\BLE Lab 2.a(BLE_1_hrs.o)
                0x000017e8                CyBle_HrssSendNotification
 .text.CyBle_HrssWriteEventHandler
                0x000018c4      0x118 .\CortexM0\ARM_GCC_484\Debug\BLE Lab 2.a(BLE_1_hrs.o)
                0x000018c4                CyBle_HrssWriteEventHandler
 .text.CyBle_Init
                0x000019dc       0x2c .\CortexM0\ARM_GCC_484\Debug\BLE Lab 2.a(BLE_1.o)
                0x000019dc                CyBle_Init
 .text.CyBle_ServiceInit
                0x00001a08       0x10 .\CortexM0\ARM_GCC_484\Debug\BLE Lab 2.a(BLE_1.o)
                0x00001a08                CyBle_ServiceInit
 .text.CyBle_Start
                0x00001a18       0xb0 .\CortexM0\ARM_GCC_484\Debug\BLE Lab 2.a(BLE_1.o)
                0x00001a18                CyBle_Start
 .text.CyBle_Stop
                0x00001ac8       0x18 .\CortexM0\ARM_GCC_484\Debug\BLE Lab 2.a(BLE_1.o)
                0x00001ac8                CyBle_Stop
 .text.CyBle_GappStartAdvertisement
                0x00001ae0       0xd4 .\CortexM0\ARM_GCC_484\Debug\BLE Lab 2.a(BLE_1.o)
                0x00001ae0                CyBle_GappStartAdvertisement
 .text.CyBle_ChangeAdDeviceAddress
                0x00001bb4       0x60 .\CortexM0\ARM_GCC_484\Debug\BLE Lab 2.a(BLE_1.o)
                0x00001bb4                CyBle_ChangeAdDeviceAddress
 .text.CyBle_Get16ByPtr
                0x00001c14       0x24 .\CortexM0\ARM_GCC_484\Debug\BLE Lab 2.a(BLE_1.o)
                0x00001c14                CyBle_Get16ByPtr
 .text.CyBle_GattsWriteEventHandler
                0x00001c38       0xa0 .\CortexM0\ARM_GCC_484\Debug\BLE Lab 2.a(BLE_1_gatt.o)
                0x00001c38                CyBle_GattsWriteEventHandler
 .text.CyBle_WriteReqHandler
                0x00001cd8       0x98 .\CortexM0\ARM_GCC_484\Debug\BLE Lab 2.a(BLE_1_eventHandler.o)
 .text.CyBle_ValueConfirmation
                0x00001d70       0x10 .\CortexM0\ARM_GCC_484\Debug\BLE Lab 2.a(BLE_1_eventHandler.o)
 .text.CyBle_GattDisconnectEventHandler
                0x00001d80       0x18 .\CortexM0\ARM_GCC_484\Debug\BLE Lab 2.a(BLE_1_eventHandler.o)
 .text.CyBle_TimeOutEventHandler
                0x00001d98       0x10 .\CortexM0\ARM_GCC_484\Debug\BLE Lab 2.a(BLE_1_eventHandler.o)
 .text.CyBle_GattConnectReqHandler
                0x00001da8        0x8 .\CortexM0\ARM_GCC_484\Debug\BLE Lab 2.a(BLE_1_eventHandler.o)
 .text.CyBle_IsDeviceAddressValid
                0x00001db0       0x60 .\CortexM0\ARM_GCC_484\Debug\BLE Lab 2.a(BLE_1_eventHandler.o)
 .text.CyBle_L2Cap_ConnParamUpdateRspEventHandler
                0x00001e10       0x14 .\CortexM0\ARM_GCC_484\Debug\BLE Lab 2.a(BLE_1_eventHandler.o)
 .text.CyBle_GapConnUpdateCompleteEventHandler
                0x00001e24       0x10 .\CortexM0\ARM_GCC_484\Debug\BLE Lab 2.a(BLE_1_eventHandler.o)
 .text.CyBle_EventHandler
                0x00001e34      0x2bc .\CortexM0\ARM_GCC_484\Debug\BLE Lab 2.a(BLE_1_eventHandler.o)
                0x00001e34                CyBle_EventHandler
 .text.CyBle_DisInit
                0x000020f0        0x8 .\CortexM0\ARM_GCC_484\Debug\BLE Lab 2.a(BLE_1_dis.o)
                0x000020f0                CyBle_DisInit
 .text.CyBLE_Bless_LlRegWrite
                0x000020f8       0x1c .\CortexM0\ARM_GCC_484\Debug\BLE Lab 2.a(BLE_1_HAL_PVT.o)
                0x000020f8                CyBLE_Bless_LlRegWrite
 .text.CyBLE_Bless_RfRegWrite
                0x00002114       0x1c .\CortexM0\ARM_GCC_484\Debug\BLE Lab 2.a(BLE_1_HAL_PVT.o)
                0x00002114                CyBLE_Bless_RfRegWrite
 .text.CyBLE_BlessDeviceConfig
                0x00002130      0x110 .\CortexM0\ARM_GCC_484\Debug\BLE Lab 2.a(BLE_1_HAL_PVT.o)
                0x00002130                CyBLE_BlessDeviceConfig
 .text.CyBleHal_DelayUs
                0x00002240       0x1c .\CortexM0\ARM_GCC_484\Debug\BLE Lab 2.a(BLE_1_HAL_PVT.o)
                0x00002240                CyBleHal_DelayUs
 .text.CyBleHal_DelayMs
                0x0000225c       0x18 .\CortexM0\ARM_GCC_484\Debug\BLE Lab 2.a(BLE_1_HAL_PVT.o)
                0x0000225c                CyBleHal_DelayMs
 .text.CyBleHal_EnableGlobalInterrupts
                0x00002274        0xc .\CortexM0\ARM_GCC_484\Debug\BLE Lab 2.a(BLE_1_HAL_PVT.o)
                0x00002274                CyBleHal_EnableGlobalInterrupts
 .text.CyBleHal_DisableGlobalInterrupts
                0x00002280        0xc .\CortexM0\ARM_GCC_484\Debug\BLE Lab 2.a(BLE_1_HAL_PVT.o)
                0x00002280                CyBleHal_DisableGlobalInterrupts
 .text.CyBle_HalInit
                0x0000228c       0x20 .\CortexM0\ARM_GCC_484\Debug\BLE Lab 2.a(BLE_1_HAL_PVT.o)
                0x0000228c                CyBle_HalInit
 .text.CYBLE_BlessStart
                0x000022ac       0x14 .\CortexM0\ARM_GCC_484\Debug\BLE Lab 2.a(BLE_1_HAL_PVT.o)
                0x000022ac                CYBLE_BlessStart
 .text.BLE_1_bless_isr_StartEx
                0x000022c0       0x24 .\CortexM0\ARM_GCC_484\Debug\BLE Lab 2.a(BLE_1_bless_isr.o)
                0x000022c0                BLE_1_bless_isr_StartEx
 .text.BLE_1_bless_isr_SetVector
                0x000022e4       0x18 .\CortexM0\ARM_GCC_484\Debug\BLE Lab 2.a(BLE_1_bless_isr.o)
                0x000022e4                BLE_1_bless_isr_SetVector
 .text.BLE_1_bless_isr_SetPriority
                0x000022fc       0x50 .\CortexM0\ARM_GCC_484\Debug\BLE Lab 2.a(BLE_1_bless_isr.o)
                0x000022fc                BLE_1_bless_isr_SetPriority
 .text.BLE_1_bless_isr_Enable
                0x0000234c       0x14 .\CortexM0\ARM_GCC_484\Debug\BLE Lab 2.a(BLE_1_bless_isr.o)
                0x0000234c                BLE_1_bless_isr_Enable
 .text.BLE_1_bless_isr_Disable
                0x00002360       0x14 .\CortexM0\ARM_GCC_484\Debug\BLE Lab 2.a(BLE_1_bless_isr.o)
                0x00002360                BLE_1_bless_isr_Disable
 .text.CyBLE_Bless_Interrupt
                0x00002374        0xc .\CortexM0\ARM_GCC_484\Debug\BLE Lab 2.a(BLE_1_HAL_INT.o)
                0x00002374                CyBLE_Bless_Interrupt
 .text          0x00002380       0x9c d:/program files/for ece9047/cypress/psoc creator/3.2/psoc creator/import/gnu/arm/4.8.4/bin/../lib/gcc/arm-none-eabi/4.8.4/armv6-m\libgcc.a(_udivsi3.o)
                0x00002380                __aeabi_uidiv
                0x00002380                __udivsi3
                0x00002408                __aeabi_uidivmod
 .text          0x0000241c       0xc0 d:/program files/for ece9047/cypress/psoc creator/3.2/psoc creator/import/gnu/arm/4.8.4/bin/../lib/gcc/arm-none-eabi/4.8.4/armv6-m\libgcc.a(_divsi3.o)
                0x0000241c                __divsi3
                0x0000241c                __aeabi_idiv
                0x000024c8                __aeabi_idivmod
 .text          0x000024dc        0x4 d:/program files/for ece9047/cypress/psoc creator/3.2/psoc creator/import/gnu/arm/4.8.4/bin/../lib/gcc/arm-none-eabi/4.8.4/armv6-m\libgcc.a(_dvmd_tls.o)
                0x000024dc                __aeabi_idiv0
                0x000024dc                __aeabi_ldiv0
 .text.__libc_init_array
                0x000024e0       0x4c d:/program files/for ece9047/cypress/psoc creator/3.2/psoc creator/import/gnu/arm/4.8.4/bin/../lib/gcc/arm-none-eabi/4.8.4/../../../../arm-none-eabi/lib/armv6-m\libg_s.a(lib_a-init.o)
                0x000024e0                __libc_init_array
 .text.memcmp   0x0000252c       0x1e d:/program files/for ece9047/cypress/psoc creator/3.2/psoc creator/import/gnu/arm/4.8.4/bin/../lib/gcc/arm-none-eabi/4.8.4/../../../../arm-none-eabi/lib/armv6-m\libg_s.a(lib_a-memcmp.o)
                0x0000252c                memcmp
 .text.memcpy   0x0000254a       0x12 d:/program files/for ece9047/cypress/psoc creator/3.2/psoc creator/import/gnu/arm/4.8.4/bin/../lib/gcc/arm-none-eabi/4.8.4/../../../../arm-none-eabi/lib/armv6-m\libg_s.a(lib_a-memcpy-stub.o)
                0x0000254a                memcpy
 .text.memset   0x0000255c       0x10 d:/program files/for ece9047/cypress/psoc creator/3.2/psoc creator/import/gnu/arm/4.8.4/bin/../lib/gcc/arm-none-eabi/4.8.4/../../../../arm-none-eabi/lib/armv6-m\libg_s.a(lib_a-memset.o)
                0x0000255c                memset
 *(.plt)
 *(.gnu.warning)
 *(.glue_7t)
 .glue_7t       0x00000000        0x0 linker stubs
 *(.glue_7)
 .glue_7        0x00000000        0x0 linker stubs
 *(.vfp11_veneer)
 .vfp11_veneer  0x00000000        0x0 linker stubs
 *(.bootloader)
 *(.ARM.extab* .gnu.linkonce.armextab.*)
 *(.gcc_except_table)

.v4_bx          0x0000256c        0x0
 .v4_bx         0x00000000        0x0 linker stubs

.iplt           0x0000256c        0x0
 .iplt          0x00000000        0x0 d:/program files/for ece9047/cypress/psoc creator/3.2/psoc creator/import/gnu/arm/4.8.4/bin/../lib/gcc/arm-none-eabi/4.8.4/armv6-m/crtbegin.o

i.CyBle_EnterLPM
                0x0000256c        0x8
 i.CyBle_EnterLPM
                0x0000256c        0x8 D:\Program Files\For ECE9047\Cypress\PSoC Creator\3.2\PSoC Creator\psoc\content\cycomponentlibrary\CyComponentLibrary.cylib\BLE_v2_0\Library\gccCyBLEStack_BLE_SOC_PERIPHERAL.a(CyBle.o)
                0x0000256c                CyBle_EnterLPM

i.CyBle_ExitLPM
                0x00002574        0x8
 i.CyBle_ExitLPM
                0x00002574        0x8 D:\Program Files\For ECE9047\Cypress\PSoC Creator\3.2\PSoC Creator\psoc\content\cycomponentlibrary\CyComponentLibrary.cylib\BLE_v2_0\Library\gccCyBLEStack_BLE_SOC_PERIPHERAL.a(CyBle.o)
                0x00002574                CyBle_ExitLPM

i.CyBle_ProcessEvents
                0x0000257c        0x8
 i.CyBle_ProcessEvents
                0x0000257c        0x8 D:\Program Files\For ECE9047\Cypress\PSoC Creator\3.2\PSoC Creator\psoc\content\cycomponentlibrary\CyComponentLibrary.cylib\BLE_v2_0\Library\gccCyBLEStack_BLE_SOC_PERIPHERAL.a(CyBle.o)
                0x0000257c                CyBle_ProcessEvents

i.CyBle_SetDeviceAddress
                0x00002584       0x24
 i.CyBle_SetDeviceAddress
                0x00002584       0x24 D:\Program Files\For ECE9047\Cypress\PSoC Creator\3.2\PSoC Creator\psoc\content\cycomponentlibrary\CyComponentLibrary.cylib\BLE_v2_0\Library\gccCyBLEStack_BLE_SOC_PERIPHERAL.a(CyBle.o)
                0x00002584                CyBle_SetDeviceAddress

i.CyBle_Shutdown
                0x000025a8       0x24
 i.CyBle_Shutdown
                0x000025a8       0x24 D:\Program Files\For ECE9047\Cypress\PSoC Creator\3.2\PSoC Creator\psoc\content\cycomponentlibrary\CyComponentLibrary.cylib\BLE_v2_0\Library\gccCyBLEStack_BLE_SOC_PERIPHERAL.a(CyBle.o)
                0x000025a8                CyBle_Shutdown

i.CyBle_StackInit
                0x000025cc       0x80
 i.CyBle_StackInit
                0x000025cc       0x80 D:\Program Files\For ECE9047\Cypress\PSoC Creator\3.2\PSoC Creator\psoc\content\cycomponentlibrary\CyComponentLibrary.cylib\BLE_v2_0\Library\gccCyBLEStack_BLE_SOC_PERIPHERAL.a(CyBle.o)
                0x000025cc                CyBle_StackInit

i.CyBleStackMgr_Init
                0x0000264c       0xb4
 i.CyBleStackMgr_Init
                0x0000264c       0xb4 D:\Program Files\For ECE9047\Cypress\PSoC Creator\3.2\PSoC Creator\psoc\content\cycomponentlibrary\CyComponentLibrary.cylib\BLE_v2_0\Library\gccCyBLEStack_BLE_SOC_PERIPHERAL.a(CyBleStackMgrIP_Interface.o)
                0x0000264c                CyBleStackMgr_Init

i.CyBleStackMgr_ProcessBleEvents
                0x00002700       0x14
 i.CyBleStackMgr_ProcessBleEvents
                0x00002700       0x14 D:\Program Files\For ECE9047\Cypress\PSoC Creator\3.2\PSoC Creator\psoc\content\cycomponentlibrary\CyComponentLibrary.cylib\BLE_v2_0\Library\gccCyBLEStack_BLE_SOC_PERIPHERAL.a(CyBleStackMgrIP_Interface.o)
                0x00002700                CyBleStackMgr_ProcessBleEvents

i.CyBleStackMgr_Reset
                0x00002714       0x34
 i.CyBleStackMgr_Reset
                0x00002714       0x34 D:\Program Files\For ECE9047\Cypress\PSoC Creator\3.2\PSoC Creator\psoc\content\cycomponentlibrary\CyComponentLibrary.cylib\BLE_v2_0\Library\gccCyBLEStack_BLE_SOC_PERIPHERAL.a(CyBleStackMgrIP_Interface.o)
                0x00002714                CyBleStackMgr_Reset

i.CyBleStackMgr_Shutdown
                0x00002748       0x24
 i.CyBleStackMgr_Shutdown
                0x00002748       0x24 D:\Program Files\For ECE9047\Cypress\PSoC Creator\3.2\PSoC Creator\psoc\content\cycomponentlibrary\CyComponentLibrary.cylib\BLE_v2_0\Library\gccCyBLEStack_BLE_SOC_PERIPHERAL.a(CyBleStackMgrIP_Interface.o)
                0x00002748                CyBleStackMgr_Shutdown

i.CyBle_GetHeapMemory
                0x0000276c       0x28
 i.CyBle_GetHeapMemory
                0x0000276c       0x28 D:\Program Files\For ECE9047\Cypress\PSoC Creator\3.2\PSoC Creator\psoc\content\cycomponentlibrary\CyComponentLibrary.cylib\BLE_v2_0\Library\gccCyBLEStack_BLE_SOC_PERIPHERAL.a(CyBleStackMgrIP_Interface.o)
                0x0000276c                CyBle_GetHeapMemory

i.CyBle_GetNumAppBufferPools
                0x00002794        0xc
 i.CyBle_GetNumAppBufferPools
                0x00002794        0xc D:\Program Files\For ECE9047\Cypress\PSoC Creator\3.2\PSoC Creator\psoc\content\cycomponentlibrary\CyComponentLibrary.cylib\BLE_v2_0\Library\gccCyBLEStack_BLE_SOC_PERIPHERAL.a(CyBleStackMgrIP_Interface.o)
                0x00002794                CyBle_GetNumAppBufferPools

i.CyBle_GetReservedPoolInfo
                0x000027a0       0x3c
 i.CyBle_GetReservedPoolInfo
                0x000027a0       0x3c D:\Program Files\For ECE9047\Cypress\PSoC Creator\3.2\PSoC Creator\psoc\content\cycomponentlibrary\CyComponentLibrary.cylib\BLE_v2_0\Library\gccCyBLEStack_BLE_SOC_PERIPHERAL.a(CyBleStackMgrIP_Interface.o)
                0x000027a0                CyBle_GetReservedPoolInfo

i.CyBle_HostStackBufferPoolInit
                0x000027dc       0x7c
 i.CyBle_HostStackBufferPoolInit
                0x000027dc       0x7c D:\Program Files\For ECE9047\Cypress\PSoC Creator\3.2\PSoC Creator\psoc\content\cycomponentlibrary\CyComponentLibrary.cylib\BLE_v2_0\Library\gccCyBLEStack_BLE_SOC_PERIPHERAL.a(CyBleStackMgrIP_Interface.o)

i.ble_stack_idle_task_callback
                0x00002858        0x2
 i.ble_stack_idle_task_callback
                0x00002858        0x2 D:\Program Files\For ECE9047\Cypress\PSoC Creator\3.2\PSoC Creator\psoc\content\cycomponentlibrary\CyComponentLibrary.cylib\BLE_v2_0\Library\gccCyBLEStack_BLE_SOC_PERIPHERAL.a(CyBleStackMgrIP_Interface.o)
                0x00002858                ble_stack_idle_task_callback

i.BT_OSFreeBuf  0x0000285c       0x20
 i.BT_OSFreeBuf
                0x0000285c       0x20 D:\Program Files\For ECE9047\Cypress\PSoC Creator\3.2\PSoC Creator\psoc\content\cycomponentlibrary\CyComponentLibrary.cylib\BLE_v2_0\Library\gccCyBLEStack_BLE_SOC_PERIPHERAL.a(BT_os.o)
                0x0000285c                BT_OSFreeBuf

i.BT_OSGetBuF   0x0000287c       0x30
 i.BT_OSGetBuF  0x0000287c       0x30 D:\Program Files\For ECE9047\Cypress\PSoC Creator\3.2\PSoC Creator\psoc\content\cycomponentlibrary\CyComponentLibrary.cylib\BLE_v2_0\Library\gccCyBLEStack_BLE_SOC_PERIPHERAL.a(BT_os.o)
                0x0000287c                BT_OSGetBuF

i.BT_OSMemCreate
                0x000028ac       0x3c
 i.BT_OSMemCreate
                0x000028ac       0x3c D:\Program Files\For ECE9047\Cypress\PSoC Creator\3.2\PSoC Creator\psoc\content\cycomponentlibrary\CyComponentLibrary.cylib\BLE_v2_0\Library\gccCyBLEStack_BLE_SOC_PERIPHERAL.a(BT_os.o)
                0x000028ac                BT_OSMemCreate

i.BT_alloc_mem_ext
                0x000028e8       0x40
 i.BT_alloc_mem_ext
                0x000028e8       0x40 D:\Program Files\For ECE9047\Cypress\PSoC Creator\3.2\PSoC Creator\psoc\content\cycomponentlibrary\CyComponentLibrary.cylib\BLE_v2_0\Library\gccCyBLEStack_BLE_SOC_PERIPHERAL.a(BT_os.o)
                0x000028e8                BT_alloc_mem_ext

i.BT_buff_alloc_from_cfg_pool_ext
                0x00002928       0x18
 i.BT_buff_alloc_from_cfg_pool_ext
                0x00002928       0x18 D:\Program Files\For ECE9047\Cypress\PSoC Creator\3.2\PSoC Creator\psoc\content\cycomponentlibrary\CyComponentLibrary.cylib\BLE_v2_0\Library\gccCyBLEStack_BLE_SOC_PERIPHERAL.a(BT_os.o)
                0x00002928                BT_buff_alloc_from_cfg_pool_ext

i.BT_free_mem   0x00002940        0xc
 i.BT_free_mem  0x00002940        0xc D:\Program Files\For ECE9047\Cypress\PSoC Creator\3.2\PSoC Creator\psoc\content\cycomponentlibrary\CyComponentLibrary.cylib\BLE_v2_0\Library\gccCyBLEStack_BLE_SOC_PERIPHERAL.a(BT_os.o)
                0x00002940                BT_free_mem

i.bt_stack_create_buffer_pool
                0x0000294c       0x30
 i.bt_stack_create_buffer_pool
                0x0000294c       0x30 D:\Program Files\For ECE9047\Cypress\PSoC Creator\3.2\PSoC Creator\psoc\content\cycomponentlibrary\CyComponentLibrary.cylib\BLE_v2_0\Library\gccCyBLEStack_BLE_SOC_PERIPHERAL.a(BT_os.o)
                0x0000294c                bt_stack_create_buffer_pool

i.bt_stack_reset_buffer_pool
                0x0000297c       0x28
 i.bt_stack_reset_buffer_pool
                0x0000297c       0x28 D:\Program Files\For ECE9047\Cypress\PSoC Creator\3.2\PSoC Creator\psoc\content\cycomponentlibrary\CyComponentLibrary.cylib\BLE_v2_0\Library\gccCyBLEStack_BLE_SOC_PERIPHERAL.a(BT_os.o)
                0x0000297c                bt_stack_reset_buffer_pool

i.CyBle_CheckBleStackTaskStatus
                0x000029a4        0x4
 i.CyBle_CheckBleStackTaskStatus
                0x000029a4        0x4 D:\Program Files\For ECE9047\Cypress\PSoC Creator\3.2\PSoC Creator\psoc\content\cycomponentlibrary\CyComponentLibrary.cylib\BLE_v2_0\Library\gccCyBLEStack_BLE_SOC_PERIPHERAL.a(CyBleStackMgr_StackTaskHandler.o)
                0x000029a4                CyBle_CheckBleStackTaskStatus

i.CyBle_CreateBleStackTask
                0x000029a8       0x2c
 i.CyBle_CreateBleStackTask
                0x000029a8       0x2c D:\Program Files\For ECE9047\Cypress\PSoC Creator\3.2\PSoC Creator\psoc\content\cycomponentlibrary\CyComponentLibrary.cylib\BLE_v2_0\Library\gccCyBLEStack_BLE_SOC_PERIPHERAL.a(CyBleStackMgr_StackTaskHandler.o)
                0x000029a8                CyBle_CreateBleStackTask

i.CyBle_SignalBleStackTask
                0x000029d4       0x50
 i.CyBle_SignalBleStackTask
                0x000029d4       0x50 D:\Program Files\For ECE9047\Cypress\PSoC Creator\3.2\PSoC Creator\psoc\content\cycomponentlibrary\CyComponentLibrary.cylib\BLE_v2_0\Library\gccCyBLEStack_BLE_SOC_PERIPHERAL.a(CyBleStackMgr_StackTaskHandler.o)
                0x000029d4                CyBle_SignalBleStackTask

i.CyBle_StackTaskHandler
                0x00002a24       0x5c
 i.CyBle_StackTaskHandler
                0x00002a24       0x5c D:\Program Files\For ECE9047\Cypress\PSoC Creator\3.2\PSoC Creator\psoc\content\cycomponentlibrary\CyComponentLibrary.cylib\BLE_v2_0\Library\gccCyBLEStack_BLE_SOC_PERIPHERAL.a(CyBleStackMgr_StackTaskHandler.o)
                0x00002a24                CyBle_StackTaskHandler

i.__ARM_common_switch8
                0x00002a80       0x1a
 i.__ARM_common_switch8
                0x00002a80       0x1a D:\Program Files\For ECE9047\Cypress\PSoC Creator\3.2\PSoC Creator\psoc\content\cycomponentlibrary\CyComponentLibrary.cylib\BLE_v2_0\Library\gccCyBLEStack_BLE_SOC_PERIPHERAL.a(CyBleStackMgr_StackTaskHandler.o)
                0x00002a80                __ARM_common_switch8

i.hci_soft_transport_notify_data_received
                0x00002a9c        0xc
 i.hci_soft_transport_notify_data_received
                0x00002a9c        0xc D:\Program Files\For ECE9047\Cypress\PSoC Creator\3.2\PSoC Creator\psoc\content\cycomponentlibrary\CyComponentLibrary.cylib\BLE_v2_0\Library\gccCyBLEStack_BLE_SOC_PERIPHERAL.a(transport_sf.o)
                0x00002a9c                hci_soft_transport_notify_data_received

i.hci_soft_transport_rx_data
                0x00002aa8       0x40
 i.hci_soft_transport_rx_data
                0x00002aa8       0x40 D:\Program Files\For ECE9047\Cypress\PSoC Creator\3.2\PSoC Creator\psoc\content\cycomponentlibrary\CyComponentLibrary.cylib\BLE_v2_0\Library\gccCyBLEStack_BLE_SOC_PERIPHERAL.a(transport_sf.o)
                0x00002aa8                hci_soft_transport_rx_data

i.hci_transport_bt_init
                0x00002ae8        0x2
 i.hci_transport_bt_init
                0x00002ae8        0x2 D:\Program Files\For ECE9047\Cypress\PSoC Creator\3.2\PSoC Creator\psoc\content\cycomponentlibrary\CyComponentLibrary.cylib\BLE_v2_0\Library\gccCyBLEStack_BLE_SOC_PERIPHERAL.a(transport_sf.o)
                0x00002ae8                hci_transport_bt_init

i.hci_transport_bt_shutdown
                0x00002aea        0x2
 i.hci_transport_bt_shutdown
                0x00002aea        0x2 D:\Program Files\For ECE9047\Cypress\PSoC Creator\3.2\PSoC Creator\psoc\content\cycomponentlibrary\CyComponentLibrary.cylib\BLE_v2_0\Library\gccCyBLEStack_BLE_SOC_PERIPHERAL.a(transport_sf.o)
                0x00002aea                hci_transport_bt_shutdown

i.hci_transport_init
                0x00002aec       0x10
 i.hci_transport_init
                0x00002aec       0x10 D:\Program Files\For ECE9047\Cypress\PSoC Creator\3.2\PSoC Creator\psoc\content\cycomponentlibrary\CyComponentLibrary.cylib\BLE_v2_0\Library\gccCyBLEStack_BLE_SOC_PERIPHERAL.a(transport_sf.o)
                0x00002aec                hci_transport_init

i.hci_transport_write_data
                0x00002afc       0xd4
 i.hci_transport_write_data
                0x00002afc       0xd4 D:\Program Files\For ECE9047\Cypress\PSoC Creator\3.2\PSoC Creator\psoc\content\cycomponentlibrary\CyComponentLibrary.cylib\BLE_v2_0\Library\gccCyBLEStack_BLE_SOC_PERIPHERAL.a(transport_sf.o)
                0x00002afc                hci_transport_write_data

i.pf_hci_soft_transport_write
                0x00002bd0       0x44
 i.pf_hci_soft_transport_write
                0x00002bd0       0x44 D:\Program Files\For ECE9047\Cypress\PSoC Creator\3.2\PSoC Creator\psoc\content\cycomponentlibrary\CyComponentLibrary.cylib\BLE_v2_0\Library\gccCyBLEStack_BLE_SOC_PERIPHERAL.a(transport_sf.o)
                0x00002bd0                pf_hci_soft_transport_write

i.pf_soft_hci_transport_init
                0x00002c14        0xc
 i.pf_soft_hci_transport_init
                0x00002c14        0xc D:\Program Files\For ECE9047\Cypress\PSoC Creator\3.2\PSoC Creator\psoc\content\cycomponentlibrary\CyComponentLibrary.cylib\BLE_v2_0\Library\gccCyBLEStack_BLE_SOC_PERIPHERAL.a(transport_sf.o)
                0x00002c14                pf_soft_hci_transport_init

i.CyBleStackMgr_GetTime
                0x00002c20       0x14
 i.CyBleStackMgr_GetTime
                0x00002c20       0x14 D:\Program Files\For ECE9047\Cypress\PSoC Creator\3.2\PSoC Creator\psoc\content\cycomponentlibrary\CyComponentLibrary.cylib\BLE_v2_0\Library\gccCyBLEStack_BLE_SOC_PERIPHERAL.a(CyBleStackMgr_PSoCHal.o)
                0x00002c20                CyBleStackMgr_GetTime

i.CyBleStackMgr_HalInit
                0x00002c34       0x24
 i.CyBleStackMgr_HalInit
                0x00002c34       0x24 D:\Program Files\For ECE9047\Cypress\PSoC Creator\3.2\PSoC Creator\psoc\content\cycomponentlibrary\CyComponentLibrary.cylib\BLE_v2_0\Library\gccCyBLEStack_BLE_SOC_PERIPHERAL.a(CyBleStackMgr_PSoCHal.o)
                0x00002c34                CyBleStackMgr_HalInit

i.CyBleStackMgr_HalIntrEnable
                0x00002c58        0x8
 i.CyBleStackMgr_HalIntrEnable
                0x00002c58        0x8 D:\Program Files\For ECE9047\Cypress\PSoC Creator\3.2\PSoC Creator\psoc\content\cycomponentlibrary\CyComponentLibrary.cylib\BLE_v2_0\Library\gccCyBLEStack_BLE_SOC_PERIPHERAL.a(CyBleStackMgr_PSoCHal.o)
                0x00002c58                CyBleStackMgr_HalIntrEnable

i.CyBleStackMgr_HalReset
                0x00002c60        0x4
 i.CyBleStackMgr_HalReset
                0x00002c60        0x4 D:\Program Files\For ECE9047\Cypress\PSoC Creator\3.2\PSoC Creator\psoc\content\cycomponentlibrary\CyComponentLibrary.cylib\BLE_v2_0\Library\gccCyBLEStack_BLE_SOC_PERIPHERAL.a(CyBleStackMgr_PSoCHal.o)
                0x00002c60                CyBleStackMgr_HalReset

i.CyBleStackMgr_HandleLinkLayerTick
                0x00002c64       0x5c
 i.CyBleStackMgr_HandleLinkLayerTick
                0x00002c64       0x5c D:\Program Files\For ECE9047\Cypress\PSoC Creator\3.2\PSoC Creator\psoc\content\cycomponentlibrary\CyComponentLibrary.cylib\BLE_v2_0\Library\gccCyBLEStack_BLE_SOC_PERIPHERAL.a(CyBleStackMgr_PSoCHal.o)
                0x00002c64                CyBleStackMgr_HandleLinkLayerTick

i.CyBleStackMgr_HciPortInit
                0x00002cc0        0xc
 i.CyBleStackMgr_HciPortInit
                0x00002cc0        0xc D:\Program Files\For ECE9047\Cypress\PSoC Creator\3.2\PSoC Creator\psoc\content\cycomponentlibrary\CyComponentLibrary.cylib\BLE_v2_0\Library\gccCyBLEStack_BLE_SOC_PERIPHERAL.a(CyBleStackMgr_PSoCHal.o)
                0x00002cc0                CyBleStackMgr_HciPortInit

i.CyBleStackMgr_HciPortReset
                0x00002ccc        0x2
 i.CyBleStackMgr_HciPortReset
                0x00002ccc        0x2 D:\Program Files\For ECE9047\Cypress\PSoC Creator\3.2\PSoC Creator\psoc\content\cycomponentlibrary\CyComponentLibrary.cylib\BLE_v2_0\Library\gccCyBLEStack_BLE_SOC_PERIPHERAL.a(CyBleStackMgr_PSoCHal.o)
                0x00002ccc                CyBleStackMgr_HciPortReset

i.CyBleStackMgr_HciPortWrite
                0x00002cce        0x8
 i.CyBleStackMgr_HciPortWrite
                0x00002cce        0x8 D:\Program Files\For ECE9047\Cypress\PSoC Creator\3.2\PSoC Creator\psoc\content\cycomponentlibrary\CyComponentLibrary.cylib\BLE_v2_0\Library\gccCyBLEStack_BLE_SOC_PERIPHERAL.a(CyBleStackMgr_PSoCHal.o)
                0x00002cce                CyBleStackMgr_HciPortWrite

i.CyBleStackMgr_ResetLinkLayerTimerEntity
                0x00002cd8       0x14
 i.CyBleStackMgr_ResetLinkLayerTimerEntity
                0x00002cd8       0x14 D:\Program Files\For ECE9047\Cypress\PSoC Creator\3.2\PSoC Creator\psoc\content\cycomponentlibrary\CyComponentLibrary.cylib\BLE_v2_0\Library\gccCyBLEStack_BLE_SOC_PERIPHERAL.a(CyBleStackMgr_PSoCHal.o)
                0x00002cd8                CyBleStackMgr_ResetLinkLayerTimerEntity

i.CyBleStackMgr_TimerStart
                0x00002cec       0x2c
 i.CyBleStackMgr_TimerStart
                0x00002cec       0x2c D:\Program Files\For ECE9047\Cypress\PSoC Creator\3.2\PSoC Creator\psoc\content\cycomponentlibrary\CyComponentLibrary.cylib\BLE_v2_0\Library\gccCyBLEStack_BLE_SOC_PERIPHERAL.a(CyBleStackMgr_PSoCHal.o)
                0x00002cec                CyBleStackMgr_TimerStart

i.CyBleStackMgr_TimerStop
                0x00002d18       0x18
 i.CyBleStackMgr_TimerStop
                0x00002d18       0x18 D:\Program Files\For ECE9047\Cypress\PSoC Creator\3.2\PSoC Creator\psoc\content\cycomponentlibrary\CyComponentLibrary.cylib\BLE_v2_0\Library\gccCyBLEStack_BLE_SOC_PERIPHERAL.a(CyBleStackMgr_PSoCHal.o)
                0x00002d18                CyBleStackMgr_TimerStop

i.CyBleStackMgr_isTimerRunning
                0x00002d30       0x10
 i.CyBleStackMgr_isTimerRunning
                0x00002d30       0x10 D:\Program Files\For ECE9047\Cypress\PSoC Creator\3.2\PSoC Creator\psoc\content\cycomponentlibrary\CyComponentLibrary.cylib\BLE_v2_0\Library\gccCyBLEStack_BLE_SOC_PERIPHERAL.a(CyBleStackMgr_PSoCHal.o)
                0x00002d30                CyBleStackMgr_isTimerRunning

i.CyBleAtlantisRadioInit
                0x00002d40      0x150
 i.CyBleAtlantisRadioInit
                0x00002d40      0x150 D:\Program Files\For ECE9047\Cypress\PSoC Creator\3.2\PSoC Creator\psoc\content\cycomponentlibrary\CyComponentLibrary.cylib\BLE_v2_0\Library\gccCyBLEStack_BLE_SOC_PERIPHERAL.a(CyBleStackMgr_BleSSDriver.o)

i.CyBleStackMgr_BleSSFifoRead
                0x00002e90       0x38
 i.CyBleStackMgr_BleSSFifoRead
                0x00002e90       0x38 D:\Program Files\For ECE9047\Cypress\PSoC Creator\3.2\PSoC Creator\psoc\content\cycomponentlibrary\CyComponentLibrary.cylib\BLE_v2_0\Library\gccCyBLEStack_BLE_SOC_PERIPHERAL.a(CyBleStackMgr_BleSSDriver.o)
                0x00002e90                CyBleStackMgr_BleSSFifoRead

i.CyBleStackMgr_BleSSFifoWrite
                0x00002ec8       0x30
 i.CyBleStackMgr_BleSSFifoWrite
                0x00002ec8       0x30 D:\Program Files\For ECE9047\Cypress\PSoC Creator\3.2\PSoC Creator\psoc\content\cycomponentlibrary\CyComponentLibrary.cylib\BLE_v2_0\Library\gccCyBLEStack_BLE_SOC_PERIPHERAL.a(CyBleStackMgr_BleSSDriver.o)
                0x00002ec8                CyBleStackMgr_BleSSFifoWrite

i.CyBleStackMgr_BleSSInit
                0x00002ef8       0x50
 i.CyBleStackMgr_BleSSInit
                0x00002ef8       0x50 D:\Program Files\For ECE9047\Cypress\PSoC Creator\3.2\PSoC Creator\psoc\content\cycomponentlibrary\CyComponentLibrary.cylib\BLE_v2_0\Library\gccCyBLEStack_BLE_SOC_PERIPHERAL.a(CyBleStackMgr_BleSSDriver.o)
                0x00002ef8                CyBleStackMgr_BleSSInit

i.CyBleStackMgr_BleSSMemRead
                0x00002f48       0x26
 i.CyBleStackMgr_BleSSMemRead
                0x00002f48       0x26 D:\Program Files\For ECE9047\Cypress\PSoC Creator\3.2\PSoC Creator\psoc\content\cycomponentlibrary\CyComponentLibrary.cylib\BLE_v2_0\Library\gccCyBLEStack_BLE_SOC_PERIPHERAL.a(CyBleStackMgr_BleSSDriver.o)
                0x00002f48                CyBleStackMgr_BleSSMemRead

i.CyBleStackMgr_BleSSMemWrite
                0x00002f70       0x34
 i.CyBleStackMgr_BleSSMemWrite
                0x00002f70       0x34 D:\Program Files\For ECE9047\Cypress\PSoC Creator\3.2\PSoC Creator\psoc\content\cycomponentlibrary\CyComponentLibrary.cylib\BLE_v2_0\Library\gccCyBLEStack_BLE_SOC_PERIPHERAL.a(CyBleStackMgr_BleSSDriver.o)
                0x00002f70                CyBleStackMgr_BleSSMemWrite

i.CyBleStackMgr_BleSSRegRead
                0x00002fa4        0xc
 i.CyBleStackMgr_BleSSRegRead
                0x00002fa4        0xc D:\Program Files\For ECE9047\Cypress\PSoC Creator\3.2\PSoC Creator\psoc\content\cycomponentlibrary\CyComponentLibrary.cylib\BLE_v2_0\Library\gccCyBLEStack_BLE_SOC_PERIPHERAL.a(CyBleStackMgr_BleSSDriver.o)
                0x00002fa4                CyBleStackMgr_BleSSRegRead

i.CyBleStackMgr_BleSSRegWrite
                0x00002fb0        0xc
 i.CyBleStackMgr_BleSSRegWrite
                0x00002fb0        0xc D:\Program Files\For ECE9047\Cypress\PSoC Creator\3.2\PSoC Creator\psoc\content\cycomponentlibrary\CyComponentLibrary.cylib\BLE_v2_0\Library\gccCyBLEStack_BLE_SOC_PERIPHERAL.a(CyBleStackMgr_BleSSDriver.o)
                0x00002fb0                CyBleStackMgr_BleSSRegWrite

i.CyBleStackMgr_BleSSReset
                0x00002fbc       0x38
 i.CyBleStackMgr_BleSSReset
                0x00002fbc       0x38 D:\Program Files\For ECE9047\Cypress\PSoC Creator\3.2\PSoC Creator\psoc\content\cycomponentlibrary\CyComponentLibrary.cylib\BLE_v2_0\Library\gccCyBLEStack_BLE_SOC_PERIPHERAL.a(CyBleStackMgr_BleSSDriver.o)
                0x00002fbc                CyBleStackMgr_BleSSReset

i.CyBleStackMgr_BleSSShutdown
                0x00002ff4       0x24
 i.CyBleStackMgr_BleSSShutdown
                0x00002ff4       0x24 D:\Program Files\For ECE9047\Cypress\PSoC Creator\3.2\PSoC Creator\psoc\content\cycomponentlibrary\CyComponentLibrary.cylib\BLE_v2_0\Library\gccCyBLEStack_BLE_SOC_PERIPHERAL.a(CyBleStackMgr_BleSSDriver.o)
                0x00002ff4                CyBleStackMgr_BleSSShutdown

i.CyBleStackMgr_GenericIface
                0x00003018       0x3c
 i.CyBleStackMgr_GenericIface
                0x00003018       0x3c D:\Program Files\For ECE9047\Cypress\PSoC Creator\3.2\PSoC Creator\psoc\content\cycomponentlibrary\CyComponentLibrary.cylib\BLE_v2_0\Library\gccCyBLEStack_BLE_SOC_PERIPHERAL.a(CyBleStackMgr_BleSSDriver.o)
                0x00003018                CyBleStackMgr_GenericIface

i.CyBleStackMgr_HandleBleSSIntr
                0x00003054       0x90
 i.CyBleStackMgr_HandleBleSSIntr
                0x00003054       0x90 D:\Program Files\For ECE9047\Cypress\PSoC Creator\3.2\PSoC Creator\psoc\content\cycomponentlibrary\CyComponentLibrary.cylib\BLE_v2_0\Library\gccCyBLEStack_BLE_SOC_PERIPHERAL.a(CyBleStackMgr_BleSSDriver.o)
                0x00003054                CyBleStackMgr_HandleBleSSIntr

i.CyBleStackMgr_SetClockParam
                0x000030e4       0xb4
 i.CyBleStackMgr_SetClockParam
                0x000030e4       0xb4 D:\Program Files\For ECE9047\Cypress\PSoC Creator\3.2\PSoC Creator\psoc\content\cycomponentlibrary\CyComponentLibrary.cylib\BLE_v2_0\Library\gccCyBLEStack_BLE_SOC_PERIPHERAL.a(CyBleStackMgr_BleSSDriver.o)

i.CyBleStackMgr_isXtalCpuClkSource
                0x00003198       0x18
 i.CyBleStackMgr_isXtalCpuClkSource
                0x00003198       0x18 D:\Program Files\For ECE9047\Cypress\PSoC Creator\3.2\PSoC Creator\psoc\content\cycomponentlibrary\CyComponentLibrary.cylib\BLE_v2_0\Library\gccCyBLEStack_BLE_SOC_PERIPHERAL.a(CyBleStackMgr_BleSSDriver.o)
                0x00003198                CyBleStackMgr_isXtalCpuClkSource

i.CyBle_EnterDsmMode
                0x000031b0       0x3c
 i.CyBle_EnterDsmMode
                0x000031b0       0x3c D:\Program Files\For ECE9047\Cypress\PSoC Creator\3.2\PSoC Creator\psoc\content\cycomponentlibrary\CyComponentLibrary.cylib\BLE_v2_0\Library\gccCyBLEStack_BLE_SOC_PERIPHERAL.a(CyBleStackMgr_BleSSDriver.o)
                0x000031b0                CyBle_EnterDsmMode

i.CyBle_ExitDsmMode
                0x000031ec       0x2c
 i.CyBle_ExitDsmMode
                0x000031ec       0x2c D:\Program Files\For ECE9047\Cypress\PSoC Creator\3.2\PSoC Creator\psoc\content\cycomponentlibrary\CyComponentLibrary.cylib\BLE_v2_0\Library\gccCyBLEStack_BLE_SOC_PERIPHERAL.a(CyBleStackMgr_BleSSDriver.o)
                0x000031ec                CyBle_ExitDsmMode

i.CyBle_GetBleSsOperationalMode
                0x00003218        0xc
 i.CyBle_GetBleSsOperationalMode
                0x00003218        0xc D:\Program Files\For ECE9047\Cypress\PSoC Creator\3.2\PSoC Creator\psoc\content\cycomponentlibrary\CyComponentLibrary.cylib\BLE_v2_0\Library\gccCyBLEStack_BLE_SOC_PERIPHERAL.a(CyBleStackMgr_BleSSDriver.o)
                0x00003218                CyBle_GetBleSsOperationalMode

i.CyBle_GetEventCloseState
                0x00003224       0x10
 i.CyBle_GetEventCloseState
                0x00003224       0x10 D:\Program Files\For ECE9047\Cypress\PSoC Creator\3.2\PSoC Creator\psoc\content\cycomponentlibrary\CyComponentLibrary.cylib\BLE_v2_0\Library\gccCyBLEStack_BLE_SOC_PERIPHERAL.a(CyBleStackMgr_BleSSDriver.o)
                0x00003224                CyBle_GetEventCloseState

i.CyBle_GetLpMode
                0x00003234       0x26
 i.CyBle_GetLpMode
                0x00003234       0x26 D:\Program Files\For ECE9047\Cypress\PSoC Creator\3.2\PSoC Creator\psoc\content\cycomponentlibrary\CyComponentLibrary.cylib\BLE_v2_0\Library\gccCyBLEStack_BLE_SOC_PERIPHERAL.a(CyBleStackMgr_BleSSDriver.o)
                0x00003234                CyBle_GetLpMode

i.CyBle_GetTxGainMode
                0x0000325c       0x2c
 i.CyBle_GetTxGainMode
                0x0000325c       0x2c D:\Program Files\For ECE9047\Cypress\PSoC Creator\3.2\PSoC Creator\psoc\content\cycomponentlibrary\CyComponentLibrary.cylib\BLE_v2_0\Library\gccCyBLEStack_BLE_SOC_PERIPHERAL.a(CyBleStackMgr_BleSSDriver.o)
                0x0000325c                CyBle_GetTxGainMode

i.CyBle_SetAutoWakeUp
                0x00003288        0xc
 i.CyBle_SetAutoWakeUp
                0x00003288        0xc D:\Program Files\For ECE9047\Cypress\PSoC Creator\3.2\PSoC Creator\psoc\content\cycomponentlibrary\CyComponentLibrary.cylib\BLE_v2_0\Library\gccCyBLEStack_BLE_SOC_PERIPHERAL.a(CyBleStackMgr_BleSSDriver.o)
                0x00003288                CyBle_SetAutoWakeUp

i.CyBle_SetBleSsOperationalMode
                0x00003294       0x20
 i.CyBle_SetBleSsOperationalMode
                0x00003294       0x20 D:\Program Files\For ECE9047\Cypress\PSoC Creator\3.2\PSoC Creator\psoc\content\cycomponentlibrary\CyComponentLibrary.cylib\BLE_v2_0\Library\gccCyBLEStack_BLE_SOC_PERIPHERAL.a(CyBleStackMgr_BleSSDriver.o)
                0x00003294                CyBle_SetBleSsOperationalMode

i.CyBle_SetEventCloseState
                0x000032b4        0xc
 i.CyBle_SetEventCloseState
                0x000032b4        0xc D:\Program Files\For ECE9047\Cypress\PSoC Creator\3.2\PSoC Creator\psoc\content\cycomponentlibrary\CyComponentLibrary.cylib\BLE_v2_0\Library\gccCyBLEStack_BLE_SOC_PERIPHERAL.a(CyBleStackMgr_BleSSDriver.o)
                0x000032b4                CyBle_SetEventCloseState

i.CyBle_SetRxGainMode
                0x000032c0       0x20
 i.CyBle_SetRxGainMode
                0x000032c0       0x20 D:\Program Files\For ECE9047\Cypress\PSoC Creator\3.2\PSoC Creator\psoc\content\cycomponentlibrary\CyComponentLibrary.cylib\BLE_v2_0\Library\gccCyBLEStack_BLE_SOC_PERIPHERAL.a(CyBleStackMgr_BleSSDriver.o)
                0x000032c0                CyBle_SetRxGainMode

i.CyBle_SetTxGainMode
                0x000032e0       0x38
 i.CyBle_SetTxGainMode
                0x000032e0       0x38 D:\Program Files\For ECE9047\Cypress\PSoC Creator\3.2\PSoC Creator\psoc\content\cycomponentlibrary\CyComponentLibrary.cylib\BLE_v2_0\Library\gccCyBLEStack_BLE_SOC_PERIPHERAL.a(CyBleStackMgr_BleSSDriver.o)
                0x000032e0                CyBle_SetTxGainMode

i.pf_rf_get_abs_rssi
                0x00003318       0x24
 i.pf_rf_get_abs_rssi
                0x00003318       0x24 D:\Program Files\For ECE9047\Cypress\PSoC Creator\3.2\PSoC Creator\psoc\content\cycomponentlibrary\CyComponentLibrary.cylib\BLE_v2_0\Library\gccCyBLEStack_BLE_SOC_PERIPHERAL.a(CyBleStackMgr_BleSSDriver.o)
                0x00003318                pf_rf_get_abs_rssi

i.OS_init       0x0000333c       0x64
 i.OS_init      0x0000333c       0x64 D:\Program Files\For ECE9047\Cypress\PSoC Creator\3.2\PSoC Creator\psoc\content\cycomponentlibrary\CyComponentLibrary.cylib\BLE_v2_0\Library\gccCyBLEStack_BLE_SOC_PERIPHERAL.a(mint_os.o)
                0x0000333c                OS_init

i.OS_shutdown   0x000033a0        0x4
 i.OS_shutdown  0x000033a0        0x4 D:\Program Files\For ECE9047\Cypress\PSoC Creator\3.2\PSoC Creator\psoc\content\cycomponentlibrary\CyComponentLibrary.cylib\BLE_v2_0\Library\gccCyBLEStack_BLE_SOC_PERIPHERAL.a(mint_os.o)
                0x000033a0                OS_shutdown

i.mintos_malloc
                0x000033a4       0x34
 i.mintos_malloc
                0x000033a4       0x34 D:\Program Files\For ECE9047\Cypress\PSoC Creator\3.2\PSoC Creator\psoc\content\cycomponentlibrary\CyComponentLibrary.cylib\BLE_v2_0\Library\gccCyBLEStack_BLE_SOC_PERIPHERAL.a(mint_os.o)
                0x000033a4                mintos_malloc

i.OS_create_queue
                0x000033d8       0x64
 i.OS_create_queue
                0x000033d8       0x64 D:\Program Files\For ECE9047\Cypress\PSoC Creator\3.2\PSoC Creator\psoc\content\cycomponentlibrary\CyComponentLibrary.cylib\BLE_v2_0\Library\gccCyBLEStack_BLE_SOC_PERIPHERAL.a(mint_os_queue.o)
                0x000033d8                OS_create_queue

i.OS_enqueue_item
                0x0000343c       0x8c
 i.OS_enqueue_item
                0x0000343c       0x8c D:\Program Files\For ECE9047\Cypress\PSoC Creator\3.2\PSoC Creator\psoc\content\cycomponentlibrary\CyComponentLibrary.cylib\BLE_v2_0\Library\gccCyBLEStack_BLE_SOC_PERIPHERAL.a(mint_os_queue.o)
                0x0000343c                OS_enqueue_item

i.OS_queue_get_num_of_items
                0x000034c8       0x28
 i.OS_queue_get_num_of_items
                0x000034c8       0x28 D:\Program Files\For ECE9047\Cypress\PSoC Creator\3.2\PSoC Creator\psoc\content\cycomponentlibrary\CyComponentLibrary.cylib\BLE_v2_0\Library\gccCyBLEStack_BLE_SOC_PERIPHERAL.a(mint_os_queue.o)
                0x000034c8                OS_queue_get_num_of_items

i.OS_queue_mgmt_init
                0x000034f0       0x40
 i.OS_queue_mgmt_init
                0x000034f0       0x40 D:\Program Files\For ECE9047\Cypress\PSoC Creator\3.2\PSoC Creator\psoc\content\cycomponentlibrary\CyComponentLibrary.cylib\BLE_v2_0\Library\gccCyBLEStack_BLE_SOC_PERIPHERAL.a(mint_os_queue.o)
                0x000034f0                OS_queue_mgmt_init

i.OS_remove_item
                0x00003530       0xa0
 i.OS_remove_item
                0x00003530       0xa0 D:\Program Files\For ECE9047\Cypress\PSoC Creator\3.2\PSoC Creator\psoc\content\cycomponentlibrary\CyComponentLibrary.cylib\BLE_v2_0\Library\gccCyBLEStack_BLE_SOC_PERIPHERAL.a(mint_os_queue.o)
                0x00003530                OS_remove_item

i.OS_create_task
                0x000035d0       0x88
 i.OS_create_task
                0x000035d0       0x88 D:\Program Files\For ECE9047\Cypress\PSoC Creator\3.2\PSoC Creator\psoc\content\cycomponentlibrary\CyComponentLibrary.cylib\BLE_v2_0\Library\gccCyBLEStack_BLE_SOC_PERIPHERAL.a(mint_os_task.o)
                0x000035d0                OS_create_task

i.OS_isr_send_signal_to_task
                0x00003658        0xc
 i.OS_isr_send_signal_to_task
                0x00003658        0xc D:\Program Files\For ECE9047\Cypress\PSoC Creator\3.2\PSoC Creator\psoc\content\cycomponentlibrary\CyComponentLibrary.cylib\BLE_v2_0\Library\gccCyBLEStack_BLE_SOC_PERIPHERAL.a(mint_os_task.o)
                0x00003658                OS_isr_send_signal_to_task

i.OS_scheduler  0x00003664       0x64
 i.OS_scheduler
                0x00003664       0x64 D:\Program Files\For ECE9047\Cypress\PSoC Creator\3.2\PSoC Creator\psoc\content\cycomponentlibrary\CyComponentLibrary.cylib\BLE_v2_0\Library\gccCyBLEStack_BLE_SOC_PERIPHERAL.a(mint_os_task.o)
                0x00003664                OS_scheduler

i.OS_send_signal_to_task
                0x000036c8        0xc
 i.OS_send_signal_to_task
                0x000036c8        0xc D:\Program Files\For ECE9047\Cypress\PSoC Creator\3.2\PSoC Creator\psoc\content\cycomponentlibrary\CyComponentLibrary.cylib\BLE_v2_0\Library\gccCyBLEStack_BLE_SOC_PERIPHERAL.a(mint_os_task.o)
                0x000036c8                OS_send_signal_to_task

i.OS_send_signal_to_task_context
                0x000036d4       0x3c
 i.OS_send_signal_to_task_context
                0x000036d4       0x3c D:\Program Files\For ECE9047\Cypress\PSoC Creator\3.2\PSoC Creator\psoc\content\cycomponentlibrary\CyComponentLibrary.cylib\BLE_v2_0\Library\gccCyBLEStack_BLE_SOC_PERIPHERAL.a(mint_os_task.o)

i.OS_task_mgmt_init
                0x00003710       0x50
 i.OS_task_mgmt_init
                0x00003710       0x50 D:\Program Files\For ECE9047\Cypress\PSoC Creator\3.2\PSoC Creator\psoc\content\cycomponentlibrary\CyComponentLibrary.cylib\BLE_v2_0\Library\gccCyBLEStack_BLE_SOC_PERIPHERAL.a(mint_os_task.o)
                0x00003710                OS_task_mgmt_init

i.mint_buf_mgmt_allocate_buffer
                0x00003760       0x4c
 i.mint_buf_mgmt_allocate_buffer
                0x00003760       0x4c D:\Program Files\For ECE9047\Cypress\PSoC Creator\3.2\PSoC Creator\psoc\content\cycomponentlibrary\CyComponentLibrary.cylib\BLE_v2_0\Library\gccCyBLEStack_BLE_SOC_PERIPHERAL.a(mint_buf_mgmt.o)
                0x00003760                mint_buf_mgmt_allocate_buffer

i.mint_buf_mgmt_create_pool
                0x000037ac       0xd0
 i.mint_buf_mgmt_create_pool
                0x000037ac       0xd0 D:\Program Files\For ECE9047\Cypress\PSoC Creator\3.2\PSoC Creator\psoc\content\cycomponentlibrary\CyComponentLibrary.cylib\BLE_v2_0\Library\gccCyBLEStack_BLE_SOC_PERIPHERAL.a(mint_buf_mgmt.o)
                0x000037ac                mint_buf_mgmt_create_pool

i.mint_buf_mgmt_free_buffer
                0x0000387c       0xa4
 i.mint_buf_mgmt_free_buffer
                0x0000387c       0xa4 D:\Program Files\For ECE9047\Cypress\PSoC Creator\3.2\PSoC Creator\psoc\content\cycomponentlibrary\CyComponentLibrary.cylib\BLE_v2_0\Library\gccCyBLEStack_BLE_SOC_PERIPHERAL.a(mint_buf_mgmt.o)
                0x0000387c                mint_buf_mgmt_free_buffer

i.mint_buf_mgmt_init
                0x00003920       0x44
 i.mint_buf_mgmt_init
                0x00003920       0x44 D:\Program Files\For ECE9047\Cypress\PSoC Creator\3.2\PSoC Creator\psoc\content\cycomponentlibrary\CyComponentLibrary.cylib\BLE_v2_0\Library\gccCyBLEStack_BLE_SOC_PERIPHERAL.a(mint_buf_mgmt.o)
                0x00003920                mint_buf_mgmt_init

i.mint_buf_mgmt_malloc
                0x00003964       0x2c
 i.mint_buf_mgmt_malloc
                0x00003964       0x2c D:\Program Files\For ECE9047\Cypress\PSoC Creator\3.2\PSoC Creator\psoc\content\cycomponentlibrary\CyComponentLibrary.cylib\BLE_v2_0\Library\gccCyBLEStack_BLE_SOC_PERIPHERAL.a(mint_buf_mgmt.o)
                0x00003964                mint_buf_mgmt_malloc

i.mint_buf_mgmt_pl_init
                0x00003990       0x40
 i.mint_buf_mgmt_pl_init
                0x00003990       0x40 D:\Program Files\For ECE9047\Cypress\PSoC Creator\3.2\PSoC Creator\psoc\content\cycomponentlibrary\CyComponentLibrary.cylib\BLE_v2_0\Library\gccCyBLEStack_BLE_SOC_PERIPHERAL.a(mint_buf_mgmt.o)
                0x00003990                mint_buf_mgmt_pl_init

i.mint_buf_mgmt_reset_pool
                0x000039d0       0x70
 i.mint_buf_mgmt_reset_pool
                0x000039d0       0x70 D:\Program Files\For ECE9047\Cypress\PSoC Creator\3.2\PSoC Creator\psoc\content\cycomponentlibrary\CyComponentLibrary.cylib\BLE_v2_0\Library\gccCyBLEStack_BLE_SOC_PERIPHERAL.a(mint_buf_mgmt.o)
                0x000039d0                mint_buf_mgmt_reset_pool

i.mint_buf_mgmt_stack_init
                0x00003a40       0x24
 i.mint_buf_mgmt_stack_init
                0x00003a40       0x24 D:\Program Files\For ECE9047\Cypress\PSoC Creator\3.2\PSoC Creator\psoc\content\cycomponentlibrary\CyComponentLibrary.cylib\BLE_v2_0\Library\gccCyBLEStack_BLE_SOC_PERIPHERAL.a(mint_buf_mgmt.o)
                0x00003a40                mint_buf_mgmt_stack_init

i.mint_buf_mgmt_stack_pop
                0x00003a64       0x36
 i.mint_buf_mgmt_stack_pop
                0x00003a64       0x36 D:\Program Files\For ECE9047\Cypress\PSoC Creator\3.2\PSoC Creator\psoc\content\cycomponentlibrary\CyComponentLibrary.cylib\BLE_v2_0\Library\gccCyBLEStack_BLE_SOC_PERIPHERAL.a(mint_buf_mgmt.o)
                0x00003a64                mint_buf_mgmt_stack_pop

i.mint_buf_mgmt_stack_push
                0x00003a9a       0x36
 i.mint_buf_mgmt_stack_push
                0x00003a9a       0x36 D:\Program Files\For ECE9047\Cypress\PSoC Creator\3.2\PSoC Creator\psoc\content\cycomponentlibrary\CyComponentLibrary.cylib\BLE_v2_0\Library\gccCyBLEStack_BLE_SOC_PERIPHERAL.a(mint_buf_mgmt.o)
                0x00003a9a                mint_buf_mgmt_stack_push

i.mint_buf_mgmt_stack_reset
                0x00003ad0       0x1e
 i.mint_buf_mgmt_stack_reset
                0x00003ad0       0x1e D:\Program Files\For ECE9047\Cypress\PSoC Creator\3.2\PSoC Creator\psoc\content\cycomponentlibrary\CyComponentLibrary.cylib\BLE_v2_0\Library\gccCyBLEStack_BLE_SOC_PERIPHERAL.a(mint_buf_mgmt.o)
                0x00003ad0                mint_buf_mgmt_stack_reset

i.mint_buf_mgmt_stack_search_item
                0x00003aee       0x30
 i.mint_buf_mgmt_stack_search_item
                0x00003aee       0x30 D:\Program Files\For ECE9047\Cypress\PSoC Creator\3.2\PSoC Creator\psoc\content\cycomponentlibrary\CyComponentLibrary.cylib\BLE_v2_0\Library\gccCyBLEStack_BLE_SOC_PERIPHERAL.a(mint_buf_mgmt.o)
                0x00003aee                mint_buf_mgmt_stack_search_item

i.CyBleControllerIP_GetPingState
                0x00003b20        0xc
 i.CyBleControllerIP_GetPingState
                0x00003b20        0xc D:\Program Files\For ECE9047\Cypress\PSoC Creator\3.2\PSoC Creator\psoc\content\cycomponentlibrary\CyComponentLibrary.cylib\BLE_v2_0\Library\gccCyBLEStack_BLE_SOC_PERIPHERAL.a(CyBleControllerIP_Interface.o)
                0x00003b20                CyBleControllerIP_GetPingState

i.CyBleController_AddDeviceToWhiteList
                0x00003b2c       0x40
 i.CyBleController_AddDeviceToWhiteList
                0x00003b2c       0x40 D:\Program Files\For ECE9047\Cypress\PSoC Creator\3.2\PSoC Creator\psoc\content\cycomponentlibrary\CyComponentLibrary.cylib\BLE_v2_0\Library\gccCyBLEStack_BLE_SOC_PERIPHERAL.a(CyBleControllerIP_Interface.o)
                0x00003b2c                CyBleController_AddDeviceToWhiteList

i.CyBleController_EnterLowPowerMode
                0x00003b6c       0x2c
 i.CyBleController_EnterLowPowerMode
                0x00003b6c       0x2c D:\Program Files\For ECE9047\Cypress\PSoC Creator\3.2\PSoC Creator\psoc\content\cycomponentlibrary\CyComponentLibrary.cylib\BLE_v2_0\Library\gccCyBLEStack_BLE_SOC_PERIPHERAL.a(CyBleControllerIP_Interface.o)
                0x00003b6c                CyBleController_EnterLowPowerMode

i.CyBleController_ExitLowPowerMode
                0x00003b98       0x10
 i.CyBleController_ExitLowPowerMode
                0x00003b98       0x10 D:\Program Files\For ECE9047\Cypress\PSoC Creator\3.2\PSoC Creator\psoc\content\cycomponentlibrary\CyComponentLibrary.cylib\BLE_v2_0\Library\gccCyBLEStack_BLE_SOC_PERIPHERAL.a(CyBleControllerIP_Interface.o)
                0x00003b98                CyBleController_ExitLowPowerMode

i.CyBleController_Init
                0x00003ba8       0x32
 i.CyBleController_Init
                0x00003ba8       0x32 D:\Program Files\For ECE9047\Cypress\PSoC Creator\3.2\PSoC Creator\psoc\content\cycomponentlibrary\CyComponentLibrary.cylib\BLE_v2_0\Library\gccCyBLEStack_BLE_SOC_PERIPHERAL.a(CyBleControllerIP_Interface.o)
                0x00003ba8                CyBleController_Init

i.CyBleController_Reset
                0x00003bda        0x4
 i.CyBleController_Reset
                0x00003bda        0x4 D:\Program Files\For ECE9047\Cypress\PSoC Creator\3.2\PSoC Creator\psoc\content\cycomponentlibrary\CyComponentLibrary.cylib\BLE_v2_0\Library\gccCyBLEStack_BLE_SOC_PERIPHERAL.a(CyBleControllerIP_Interface.o)
                0x00003bda                CyBleController_Reset

i.CyBleController_SetDeviceAddress
                0x00003bde       0x2e
 i.CyBleController_SetDeviceAddress
                0x00003bde       0x2e D:\Program Files\For ECE9047\Cypress\PSoC Creator\3.2\PSoC Creator\psoc\content\cycomponentlibrary\CyComponentLibrary.cylib\BLE_v2_0\Library\gccCyBLEStack_BLE_SOC_PERIPHERAL.a(CyBleControllerIP_Interface.o)
                0x00003bde                CyBleController_SetDeviceAddress

i.CyBle_GetBleSsState
                0x00003c0c       0x10
 i.CyBle_GetBleSsState
                0x00003c0c       0x10 D:\Program Files\For ECE9047\Cypress\PSoC Creator\3.2\PSoC Creator\psoc\content\cycomponentlibrary\CyComponentLibrary.cylib\BLE_v2_0\Library\gccCyBLEStack_BLE_SOC_PERIPHERAL.a(CyBleControllerIP_Interface.o)
                0x00003c0c                CyBle_GetBleSsState

i.CyBle_GetTxPowerLevel
                0x00003c1c       0x4e
 i.CyBle_GetTxPowerLevel
                0x00003c1c       0x4e D:\Program Files\For ECE9047\Cypress\PSoC Creator\3.2\PSoC Creator\psoc\content\cycomponentlibrary\CyComponentLibrary.cylib\BLE_v2_0\Library\gccCyBLEStack_BLE_SOC_PERIPHERAL.a(CyBleControllerIP_Interface.o)
                0x00003c1c                CyBle_GetTxPowerLevel

i.CyBle_SetTxPowerLevel
                0x00003c6a       0x56
 i.CyBle_SetTxPowerLevel
                0x00003c6a       0x56 D:\Program Files\For ECE9047\Cypress\PSoC Creator\3.2\PSoC Creator\psoc\content\cycomponentlibrary\CyComponentLibrary.cylib\BLE_v2_0\Library\gccCyBLEStack_BLE_SOC_PERIPHERAL.a(CyBleControllerIP_Interface.o)
                0x00003c6a                CyBle_SetTxPowerLevel

i.ll_check_and_mark_packet_ready_for_transmission
                0x00003cc0       0x28
 i.ll_check_and_mark_packet_ready_for_transmission
                0x00003cc0       0x28 D:\Program Files\For ECE9047\Cypress\PSoC Creator\3.2\PSoC Creator\psoc\content\cycomponentlibrary\CyComponentLibrary.cylib\BLE_v2_0\Library\gccCyBLEStack_BLE_SOC_PERIPHERAL.a(ll.o)
                0x00003cc0                ll_check_and_mark_packet_ready_for_transmission

i.ll_cleanup_pending_data_pdu
                0x00003ce8       0x38
 i.ll_cleanup_pending_data_pdu
                0x00003ce8       0x38 D:\Program Files\For ECE9047\Cypress\PSoC Creator\3.2\PSoC Creator\psoc\content\cycomponentlibrary\CyComponentLibrary.cylib\BLE_v2_0\Library\gccCyBLEStack_BLE_SOC_PERIPHERAL.a(ll.o)
                0x00003ce8                ll_cleanup_pending_data_pdu

i.ll_enter_dsm_mode
                0x00003d20      0x1a4
 i.ll_enter_dsm_mode
                0x00003d20      0x1a4 D:\Program Files\For ECE9047\Cypress\PSoC Creator\3.2\PSoC Creator\psoc\content\cycomponentlibrary\CyComponentLibrary.cylib\BLE_v2_0\Library\gccCyBLEStack_BLE_SOC_PERIPHERAL.a(ll.o)
                0x00003d20                ll_enter_dsm_mode

i.ll_enter_hibernate_mode
                0x00003ec4       0x28
 i.ll_enter_hibernate_mode
                0x00003ec4       0x28 D:\Program Files\For ECE9047\Cypress\PSoC Creator\3.2\PSoC Creator\psoc\content\cycomponentlibrary\CyComponentLibrary.cylib\BLE_v2_0\Library\gccCyBLEStack_BLE_SOC_PERIPHERAL.a(ll.o)
                0x00003ec4                ll_enter_hibernate_mode

i.ll_enter_sm_mode
                0x00003eec       0x60
 i.ll_enter_sm_mode
                0x00003eec       0x60 D:\Program Files\For ECE9047\Cypress\PSoC Creator\3.2\PSoC Creator\psoc\content\cycomponentlibrary\CyComponentLibrary.cylib\BLE_v2_0\Library\gccCyBLEStack_BLE_SOC_PERIPHERAL.a(ll.o)
                0x00003eec                ll_enter_sm_mode

i.ll_exit_low_power_mode
                0x00003f4c       0xac
 i.ll_exit_low_power_mode
                0x00003f4c       0xac D:\Program Files\For ECE9047\Cypress\PSoC Creator\3.2\PSoC Creator\psoc\content\cycomponentlibrary\CyComponentLibrary.cylib\BLE_v2_0\Library\gccCyBLEStack_BLE_SOC_PERIPHERAL.a(ll.o)
                0x00003f4c                ll_exit_low_power_mode

i.ll_get_ack_status
                0x00003ff8       0x3c
 i.ll_get_ack_status
                0x00003ff8       0x3c D:\Program Files\For ECE9047\Cypress\PSoC Creator\3.2\PSoC Creator\psoc\content\cycomponentlibrary\CyComponentLibrary.cylib\BLE_v2_0\Library\gccCyBLEStack_BLE_SOC_PERIPHERAL.a(ll.o)
                0x00003ff8                ll_get_ack_status

i.ll_get_ack_status_for_all_connections
                0x00004034       0x34
 i.ll_get_ack_status_for_all_connections
                0x00004034       0x34 D:\Program Files\For ECE9047\Cypress\PSoC Creator\3.2\PSoC Creator\psoc\content\cycomponentlibrary\CyComponentLibrary.cylib\BLE_v2_0\Library\gccCyBLEStack_BLE_SOC_PERIPHERAL.a(ll.o)
                0x00004034                ll_get_ack_status_for_all_connections

i.ll_get_adv_ch_tx_power
                0x00004068       0x20
 i.ll_get_adv_ch_tx_power
                0x00004068       0x20 D:\Program Files\For ECE9047\Cypress\PSoC Creator\3.2\PSoC Creator\psoc\content\cycomponentlibrary\CyComponentLibrary.cylib\BLE_v2_0\Library\gccCyBLEStack_BLE_SOC_PERIPHERAL.a(ll.o)
                0x00004068                ll_get_adv_ch_tx_power

i.ll_get_data_channel_map
                0x00004088       0x24
 i.ll_get_data_channel_map
                0x00004088       0x24 D:\Program Files\For ECE9047\Cypress\PSoC Creator\3.2\PSoC Creator\psoc\content\cycomponentlibrary\CyComponentLibrary.cylib\BLE_v2_0\Library\gccCyBLEStack_BLE_SOC_PERIPHERAL.a(ll.o)
                0x00004088                ll_get_data_channel_map

i.ll_get_max_white_list_size
                0x000040ac        0xc
 i.ll_get_max_white_list_size
                0x000040ac        0xc D:\Program Files\For ECE9047\Cypress\PSoC Creator\3.2\PSoC Creator\psoc\content\cycomponentlibrary\CyComponentLibrary.cylib\BLE_v2_0\Library\gccCyBLEStack_BLE_SOC_PERIPHERAL.a(ll.o)
                0x000040ac                ll_get_max_white_list_size

i.ll_get_my_role
                0x000040b8        0xc
 i.ll_get_my_role
                0x000040b8        0xc D:\Program Files\For ECE9047\Cypress\PSoC Creator\3.2\PSoC Creator\psoc\content\cycomponentlibrary\CyComponentLibrary.cylib\BLE_v2_0\Library\gccCyBLEStack_BLE_SOC_PERIPHERAL.a(ll.o)
                0x000040b8                ll_get_my_role

i.ll_get_next_available_fifo_for_data_pdu
                0x000040c4        0x8
 i.ll_get_next_available_fifo_for_data_pdu
                0x000040c4        0x8 D:\Program Files\For ECE9047\Cypress\PSoC Creator\3.2\PSoC Creator\psoc\content\cycomponentlibrary\CyComponentLibrary.cylib\BLE_v2_0\Library\gccCyBLEStack_BLE_SOC_PERIPHERAL.a(ll.o)
                0x000040c4                ll_get_next_available_fifo_for_data_pdu

i.ll_get_next_available_fifo_for_ll_pdu
                0x000040cc       0x24
 i.ll_get_next_available_fifo_for_ll_pdu
                0x000040cc       0x24 D:\Program Files\For ECE9047\Cypress\PSoC Creator\3.2\PSoC Creator\psoc\content\cycomponentlibrary\CyComponentLibrary.cylib\BLE_v2_0\Library\gccCyBLEStack_BLE_SOC_PERIPHERAL.a(ll.o)
                0x000040cc                ll_get_next_available_fifo_for_ll_pdu

i.ll_get_rssi_value
                0x000040f0       0x26
 i.ll_get_rssi_value
                0x000040f0       0x26 D:\Program Files\For ECE9047\Cypress\PSoC Creator\3.2\PSoC Creator\psoc\content\cycomponentlibrary\CyComponentLibrary.cylib\BLE_v2_0\Library\gccCyBLEStack_BLE_SOC_PERIPHERAL.a(ll.o)
                0x000040f0                ll_get_rssi_value

i.ll_get_transmit_power_level
                0x00004118       0x2c
 i.ll_get_transmit_power_level
                0x00004118       0x2c D:\Program Files\For ECE9047\Cypress\PSoC Creator\3.2\PSoC Creator\psoc\content\cycomponentlibrary\CyComponentLibrary.cylib\BLE_v2_0\Library\gccCyBLEStack_BLE_SOC_PERIPHERAL.a(ll.o)
                0x00004118                ll_get_transmit_power_level

i.ll_handle_ack_received
                0x00004144       0x74
 i.ll_handle_ack_received
                0x00004144       0x74 D:\Program Files\For ECE9047\Cypress\PSoC Creator\3.2\PSoC Creator\psoc\content\cycomponentlibrary\CyComponentLibrary.cylib\BLE_v2_0\Library\gccCyBLEStack_BLE_SOC_PERIPHERAL.a(ll.o)
                0x00004144                ll_handle_ack_received

i.ll_handle_add_device_in_whitelist
                0x000041b8       0x3a
 i.ll_handle_add_device_in_whitelist
                0x000041b8       0x3a D:\Program Files\For ECE9047\Cypress\PSoC Creator\3.2\PSoC Creator\psoc\content\cycomponentlibrary\CyComponentLibrary.cylib\BLE_v2_0\Library\gccCyBLEStack_BLE_SOC_PERIPHERAL.a(ll.o)
                0x000041b8                ll_handle_add_device_in_whitelist

i.ll_handle_clear_whitelist
                0x000041f2       0x16
 i.ll_handle_clear_whitelist
                0x000041f2       0x16 D:\Program Files\For ECE9047\Cypress\PSoC Creator\3.2\PSoC Creator\psoc\content\cycomponentlibrary\CyComponentLibrary.cylib\BLE_v2_0\Library\gccCyBLEStack_BLE_SOC_PERIPHERAL.a(ll.o)
                0x000041f2                ll_handle_clear_whitelist

i.ll_handle_encrypt_host_data
                0x00004208       0x36
 i.ll_handle_encrypt_host_data
                0x00004208       0x36 D:\Program Files\For ECE9047\Cypress\PSoC Creator\3.2\PSoC Creator\psoc\content\cycomponentlibrary\CyComponentLibrary.cylib\BLE_v2_0\Library\gccCyBLEStack_BLE_SOC_PERIPHERAL.a(ll.o)
                0x00004208                ll_handle_encrypt_host_data

i.ll_handle_host_data_packet
                0x0000423e       0x54
 i.ll_handle_host_data_packet
                0x0000423e       0x54 D:\Program Files\For ECE9047\Cypress\PSoC Creator\3.2\PSoC Creator\psoc\content\cycomponentlibrary\CyComponentLibrary.cylib\BLE_v2_0\Library\gccCyBLEStack_BLE_SOC_PERIPHERAL.a(ll.o)
                0x0000423e                ll_handle_host_data_packet

i.ll_handle_read_host_channel_map
                0x00004292        0x4
 i.ll_handle_read_host_channel_map
                0x00004292        0x4 D:\Program Files\For ECE9047\Cypress\PSoC Creator\3.2\PSoC Creator\psoc\content\cycomponentlibrary\CyComponentLibrary.cylib\BLE_v2_0\Library\gccCyBLEStack_BLE_SOC_PERIPHERAL.a(ll.o)
                0x00004292                ll_handle_read_host_channel_map

i.ll_handle_remove_device_in_whitelist
                0x00004296       0x2a
 i.ll_handle_remove_device_in_whitelist
                0x00004296       0x2a D:\Program Files\For ECE9047\Cypress\PSoC Creator\3.2\PSoC Creator\psoc\content\cycomponentlibrary\CyComponentLibrary.cylib\BLE_v2_0\Library\gccCyBLEStack_BLE_SOC_PERIPHERAL.a(ll.o)
                0x00004296                ll_handle_remove_device_in_whitelist

i.ll_handle_reset
                0x000042c0        0xe
 i.ll_handle_reset
                0x000042c0        0xe D:\Program Files\For ECE9047\Cypress\PSoC Creator\3.2\PSoC Creator\psoc\content\cycomponentlibrary\CyComponentLibrary.cylib\BLE_v2_0\Library\gccCyBLEStack_BLE_SOC_PERIPHERAL.a(ll.o)
                0x000042c0                ll_handle_reset

i.ll_handle_set_random_address
                0x000042ce       0x36
 i.ll_handle_set_random_address
                0x000042ce       0x36 D:\Program Files\For ECE9047\Cypress\PSoC Creator\3.2\PSoC Creator\psoc\content\cycomponentlibrary\CyComponentLibrary.cylib\BLE_v2_0\Library\gccCyBLEStack_BLE_SOC_PERIPHERAL.a(ll.o)
                0x000042ce                ll_handle_set_random_address

i.ll_init       0x00004304       0x18
 i.ll_init      0x00004304       0x18 D:\Program Files\For ECE9047\Cypress\PSoC Creator\3.2\PSoC Creator\psoc\content\cycomponentlibrary\CyComponentLibrary.cylib\BLE_v2_0\Library\gccCyBLEStack_BLE_SOC_PERIPHERAL.a(ll.o)
                0x00004304                ll_init

i.ll_initialize_device_attributes
                0x0000431c       0x4c
 i.ll_initialize_device_attributes
                0x0000431c       0x4c D:\Program Files\For ECE9047\Cypress\PSoC Creator\3.2\PSoC Creator\psoc\content\cycomponentlibrary\CyComponentLibrary.cylib\BLE_v2_0\Library\gccCyBLEStack_BLE_SOC_PERIPHERAL.a(ll.o)
                0x0000431c                ll_initialize_device_attributes

i.ll_is_pkt_pending
                0x00004368       0x2a
 i.ll_is_pkt_pending
                0x00004368       0x2a D:\Program Files\For ECE9047\Cypress\PSoC Creator\3.2\PSoC Creator\psoc\content\cycomponentlibrary\CyComponentLibrary.cylib\BLE_v2_0\Library\gccCyBLEStack_BLE_SOC_PERIPHERAL.a(ll.o)
                0x00004368                ll_is_pkt_pending

i.ll_is_sent_pkt_pending
                0x00004392       0x1a
 i.ll_is_sent_pkt_pending
                0x00004392       0x1a D:\Program Files\For ECE9047\Cypress\PSoC Creator\3.2\PSoC Creator\psoc\content\cycomponentlibrary\CyComponentLibrary.cylib\BLE_v2_0\Library\gccCyBLEStack_BLE_SOC_PERIPHERAL.a(ll.o)
                0x00004392                ll_is_sent_pkt_pending

i.ll_isr_exit_low_power_mode
                0x000043ac       0x16
 i.ll_isr_exit_low_power_mode
                0x000043ac       0x16 D:\Program Files\For ECE9047\Cypress\PSoC Creator\3.2\PSoC Creator\psoc\content\cycomponentlibrary\CyComponentLibrary.cylib\BLE_v2_0\Library\gccCyBLEStack_BLE_SOC_PERIPHERAL.a(ll.o)
                0x000043ac                ll_isr_exit_low_power_mode

i.ll_load_host_data_packet
                0x000043c2       0x4a
 i.ll_load_host_data_packet
                0x000043c2       0x4a D:\Program Files\For ECE9047\Cypress\PSoC Creator\3.2\PSoC Creator\psoc\content\cycomponentlibrary\CyComponentLibrary.cylib\BLE_v2_0\Library\gccCyBLEStack_BLE_SOC_PERIPHERAL.a(ll.o)
                0x000043c2                ll_load_host_data_packet

i.ll_load_packet_to_fifo
                0x0000440c       0x6e
 i.ll_load_packet_to_fifo
                0x0000440c       0x6e D:\Program Files\For ECE9047\Cypress\PSoC Creator\3.2\PSoC Creator\psoc\content\cycomponentlibrary\CyComponentLibrary.cylib\BLE_v2_0\Library\gccCyBLEStack_BLE_SOC_PERIPHERAL.a(ll.o)
                0x0000440c                ll_load_packet_to_fifo

i.ll_process_acks
                0x0000447a       0x3c
 i.ll_process_acks
                0x0000447a       0x3c D:\Program Files\For ECE9047\Cypress\PSoC Creator\3.2\PSoC Creator\psoc\content\cycomponentlibrary\CyComponentLibrary.cylib\BLE_v2_0\Library\gccCyBLEStack_BLE_SOC_PERIPHERAL.a(ll.o)
                0x0000447a                ll_process_acks

i.ll_reset      0x000044b6       0x12
 i.ll_reset     0x000044b6       0x12 D:\Program Files\For ECE9047\Cypress\PSoC Creator\3.2\PSoC Creator\psoc\content\cycomponentlibrary\CyComponentLibrary.cylib\BLE_v2_0\Library\gccCyBLEStack_BLE_SOC_PERIPHERAL.a(ll.o)
                0x000044b6                ll_reset

i.ll_update_active_features
                0x000044c8       0x58
 i.ll_update_active_features
                0x000044c8       0x58 D:\Program Files\For ECE9047\Cypress\PSoC Creator\3.2\PSoC Creator\psoc\content\cycomponentlibrary\CyComponentLibrary.cylib\BLE_v2_0\Library\gccCyBLEStack_BLE_SOC_PERIPHERAL.a(ll.o)
                0x000044c8                ll_update_active_features

i.ll_update_device_fsm
                0x00004520        0x8
 i.ll_update_device_fsm
                0x00004520        0x8 D:\Program Files\For ECE9047\Cypress\PSoC Creator\3.2\PSoC Creator\psoc\content\cycomponentlibrary\CyComponentLibrary.cylib\BLE_v2_0\Library\gccCyBLEStack_BLE_SOC_PERIPHERAL.a(ll.o)
                0x00004520                ll_update_device_fsm

i.pf_le_start_timer
                0x00004528       0x16
 i.pf_le_start_timer
                0x00004528       0x16 D:\Program Files\For ECE9047\Cypress\PSoC Creator\3.2\PSoC Creator\psoc\content\cycomponentlibrary\CyComponentLibrary.cylib\BLE_v2_0\Library\gccCyBLEStack_BLE_SOC_PERIPHERAL.a(ll.o)
                0x00004528                pf_le_start_timer

i.pf_le_stop_timer
                0x0000453e       0x12
 i.pf_le_stop_timer
                0x0000453e       0x12 D:\Program Files\For ECE9047\Cypress\PSoC Creator\3.2\PSoC Creator\psoc\content\cycomponentlibrary\CyComponentLibrary.cylib\BLE_v2_0\Library\gccCyBLEStack_BLE_SOC_PERIPHERAL.a(ll.o)
                0x0000453e                pf_le_stop_timer

i.CyBleControllerIP_TuneAdvEventInterPktSlots
                0x00004550       0x44
 i.CyBleControllerIP_TuneAdvEventInterPktSlots
                0x00004550       0x44 D:\Program Files\For ECE9047\Cypress\PSoC Creator\3.2\PSoC Creator\psoc\content\cycomponentlibrary\CyComponentLibrary.cylib\BLE_v2_0\Library\gccCyBLEStack_BLE_SOC_PERIPHERAL.a(ll_advertiser.o)
                0x00004550                CyBleControllerIP_TuneAdvEventInterPktSlots

i.ll_adv_is_configured_connection_adv
                0x00004594       0x1e
 i.ll_adv_is_configured_connection_adv
                0x00004594       0x1e D:\Program Files\For ECE9047\Cypress\PSoC Creator\3.2\PSoC Creator\psoc\content\cycomponentlibrary\CyComponentLibrary.cylib\BLE_v2_0\Library\gccCyBLEStack_BLE_SOC_PERIPHERAL.a(ll_advertiser.o)
                0x00004594                ll_adv_is_configured_connection_adv

i.ll_check_random_address_in_use_by_advertiser
                0x000045b2       0x10
 i.ll_check_random_address_in_use_by_advertiser
                0x000045b2       0x10 D:\Program Files\For ECE9047\Cypress\PSoC Creator\3.2\PSoC Creator\psoc\content\cycomponentlibrary\CyComponentLibrary.cylib\BLE_v2_0\Library\gccCyBLEStack_BLE_SOC_PERIPHERAL.a(ll_advertiser.o)
                0x000045b2                ll_check_random_address_in_use_by_advertiser

i.ll_check_whitelist_in_use_by_advertiser
                0x000045c2       0x10
 i.ll_check_whitelist_in_use_by_advertiser
                0x000045c2       0x10 D:\Program Files\For ECE9047\Cypress\PSoC Creator\3.2\PSoC Creator\psoc\content\cycomponentlibrary\CyComponentLibrary.cylib\BLE_v2_0\Library\gccCyBLEStack_BLE_SOC_PERIPHERAL.a(ll_advertiser.o)
                0x000045c2                ll_check_whitelist_in_use_by_advertiser

i.ll_get_adv_status
                0x000045d2        0xc
 i.ll_get_adv_status
                0x000045d2        0xc D:\Program Files\For ECE9047\Cypress\PSoC Creator\3.2\PSoC Creator\psoc\content\cycomponentlibrary\CyComponentLibrary.cylib\BLE_v2_0\Library\gccCyBLEStack_BLE_SOC_PERIPHERAL.a(ll_advertiser.o)
                0x000045d2                ll_get_adv_status

i.ll_get_adv_type
                0x000045de       0x16
 i.ll_get_adv_type
                0x000045de       0x16 D:\Program Files\For ECE9047\Cypress\PSoC Creator\3.2\PSoC Creator\psoc\content\cycomponentlibrary\CyComponentLibrary.cylib\BLE_v2_0\Library\gccCyBLEStack_BLE_SOC_PERIPHERAL.a(ll_advertiser.o)
                0x000045de                ll_get_adv_type

i.ll_handle_adv_intr
                0x000045f4       0x50
 i.ll_handle_adv_intr
                0x000045f4       0x50 D:\Program Files\For ECE9047\Cypress\PSoC Creator\3.2\PSoC Creator\psoc\content\cycomponentlibrary\CyComponentLibrary.cylib\BLE_v2_0\Library\gccCyBLEStack_BLE_SOC_PERIPHERAL.a(ll_advertiser.o)
                0x000045f4                ll_handle_adv_intr

i.ll_handle_set_adv_data
                0x00004644       0x14
 i.ll_handle_set_adv_data
                0x00004644       0x14 D:\Program Files\For ECE9047\Cypress\PSoC Creator\3.2\PSoC Creator\psoc\content\cycomponentlibrary\CyComponentLibrary.cylib\BLE_v2_0\Library\gccCyBLEStack_BLE_SOC_PERIPHERAL.a(ll_advertiser.o)
                0x00004644                ll_handle_set_adv_data

i.ll_handle_set_adv_parameters
                0x00004658       0x84
 i.ll_handle_set_adv_parameters
                0x00004658       0x84 D:\Program Files\For ECE9047\Cypress\PSoC Creator\3.2\PSoC Creator\psoc\content\cycomponentlibrary\CyComponentLibrary.cylib\BLE_v2_0\Library\gccCyBLEStack_BLE_SOC_PERIPHERAL.a(ll_advertiser.o)
                0x00004658                ll_handle_set_adv_parameters

i.ll_handle_set_advertise_enable
                0x000046dc       0x70
 i.ll_handle_set_advertise_enable
                0x000046dc       0x70 D:\Program Files\For ECE9047\Cypress\PSoC Creator\3.2\PSoC Creator\psoc\content\cycomponentlibrary\CyComponentLibrary.cylib\BLE_v2_0\Library\gccCyBLEStack_BLE_SOC_PERIPHERAL.a(ll_advertiser.o)
                0x000046dc                ll_handle_set_advertise_enable

i.ll_handle_set_scan_resp_data
                0x0000474c       0x14
 i.ll_handle_set_scan_resp_data
                0x0000474c       0x14 D:\Program Files\For ECE9047\Cypress\PSoC Creator\3.2\PSoC Creator\psoc\content\cycomponentlibrary\CyComponentLibrary.cylib\BLE_v2_0\Library\gccCyBLEStack_BLE_SOC_PERIPHERAL.a(ll_advertiser.o)
                0x0000474c                ll_handle_set_scan_resp_data

i.ll_init_advertiser
                0x00004760       0x68
 i.ll_init_advertiser
                0x00004760       0x68 D:\Program Files\For ECE9047\Cypress\PSoC Creator\3.2\PSoC Creator\psoc\content\cycomponentlibrary\CyComponentLibrary.cylib\BLE_v2_0\Library\gccCyBLEStack_BLE_SOC_PERIPHERAL.a(ll_advertiser.o)
                0x00004760                ll_init_advertiser

i.is_le_connection_handle
                0x000047c8       0x28
 i.is_le_connection_handle
                0x000047c8       0x28 D:\Program Files\For ECE9047\Cypress\PSoC Creator\3.2\PSoC Creator\psoc\content\cycomponentlibrary\CyComponentLibrary.cylib\BLE_v2_0\Library\gccCyBLEStack_BLE_SOC_PERIPHERAL.a(ll_connection.o)
                0x000047c8                is_le_connection_handle

i.le_assign_connection_handle
                0x000047f0       0x28
 i.le_assign_connection_handle
                0x000047f0       0x28 D:\Program Files\For ECE9047\Cypress\PSoC Creator\3.2\PSoC Creator\psoc\content\cycomponentlibrary\CyComponentLibrary.cylib\BLE_v2_0\Library\gccCyBLEStack_BLE_SOC_PERIPHERAL.a(ll_connection.o)
                0x000047f0                le_assign_connection_handle

i.le_get_connection_index
                0x00004818        0x6
 i.le_get_connection_index
                0x00004818        0x6 D:\Program Files\For ECE9047\Cypress\PSoC Creator\3.2\PSoC Creator\psoc\content\cycomponentlibrary\CyComponentLibrary.cylib\BLE_v2_0\Library\gccCyBLEStack_BLE_SOC_PERIPHERAL.a(ll_connection.o)
                0x00004818                le_get_connection_index

i.ll_allocate_connection
                0x00004820       0x44
 i.ll_allocate_connection
                0x00004820       0x44 D:\Program Files\For ECE9047\Cypress\PSoC Creator\3.2\PSoC Creator\psoc\content\cycomponentlibrary\CyComponentLibrary.cylib\BLE_v2_0\Library\gccCyBLEStack_BLE_SOC_PERIPHERAL.a(ll_connection.o)
                0x00004820                ll_allocate_connection

i.ll_calculate_and_program_def_win_widen_drift
                0x00004864       0x14
 i.ll_calculate_and_program_def_win_widen_drift
                0x00004864       0x14 D:\Program Files\For ECE9047\Cypress\PSoC Creator\3.2\PSoC Creator\psoc\content\cycomponentlibrary\CyComponentLibrary.cylib\BLE_v2_0\Library\gccCyBLEStack_BLE_SOC_PERIPHERAL.a(ll_connection.o)
                0x00004864                ll_calculate_and_program_def_win_widen_drift

i.ll_calculate_drift
                0x00004878       0x2c
 i.ll_calculate_drift
                0x00004878       0x2c D:\Program Files\For ECE9047\Cypress\PSoC Creator\3.2\PSoC Creator\psoc\content\cycomponentlibrary\CyComponentLibrary.cylib\BLE_v2_0\Library\gccCyBLEStack_BLE_SOC_PERIPHERAL.a(ll_connection.o)
                0x00004878                ll_calculate_drift

i.ll_check_and_decrypt_ll_pdu
                0x000048a4       0x68
 i.ll_check_and_decrypt_ll_pdu
                0x000048a4       0x68 D:\Program Files\For ECE9047\Cypress\PSoC Creator\3.2\PSoC Creator\psoc\content\cycomponentlibrary\CyComponentLibrary.cylib\BLE_v2_0\Library\gccCyBLEStack_BLE_SOC_PERIPHERAL.a(ll_connection.o)
                0x000048a4                ll_check_and_decrypt_ll_pdu

i.ll_check_and_decrypt_packet
                0x0000490c       0x6a
 i.ll_check_and_decrypt_packet
                0x0000490c       0x6a D:\Program Files\For ECE9047\Cypress\PSoC Creator\3.2\PSoC Creator\psoc\content\cycomponentlibrary\CyComponentLibrary.cylib\BLE_v2_0\Library\gccCyBLEStack_BLE_SOC_PERIPHERAL.a(ll_connection.o)
                0x0000490c                ll_check_and_decrypt_packet

i.ll_check_and_encrypt_ll_pdu
                0x00004976       0x72
 i.ll_check_and_encrypt_ll_pdu
                0x00004976       0x72 D:\Program Files\For ECE9047\Cypress\PSoC Creator\3.2\PSoC Creator\psoc\content\cycomponentlibrary\CyComponentLibrary.cylib\BLE_v2_0\Library\gccCyBLEStack_BLE_SOC_PERIPHERAL.a(ll_connection.o)
                0x00004976                ll_check_and_encrypt_ll_pdu

i.ll_check_and_encrypt_packet
                0x000049e8       0x8a
 i.ll_check_and_encrypt_packet
                0x000049e8       0x8a D:\Program Files\For ECE9047\Cypress\PSoC Creator\3.2\PSoC Creator\psoc\content\cycomponentlibrary\CyComponentLibrary.cylib\BLE_v2_0\Library\gccCyBLEStack_BLE_SOC_PERIPHERAL.a(ll_connection.o)
                0x000049e8                ll_check_and_encrypt_packet

i.ll_check_for_allowing_incoming_connection_update
                0x00004a72       0x42
 i.ll_check_for_allowing_incoming_connection_update
                0x00004a72       0x42 D:\Program Files\For ECE9047\Cypress\PSoC Creator\3.2\PSoC Creator\psoc\content\cycomponentlibrary\CyComponentLibrary.cylib\BLE_v2_0\Library\gccCyBLEStack_BLE_SOC_PERIPHERAL.a(ll_connection.o)
                0x00004a72                ll_check_for_allowing_incoming_connection_update

i.ll_check_if_pdu_is_loaded_to_hardware
                0x00004ab4       0x1c
 i.ll_check_if_pdu_is_loaded_to_hardware
                0x00004ab4       0x1c D:\Program Files\For ECE9047\Cypress\PSoC Creator\3.2\PSoC Creator\psoc\content\cycomponentlibrary\CyComponentLibrary.cylib\BLE_v2_0\Library\gccCyBLEStack_BLE_SOC_PERIPHERAL.a(ll_connection.o)
                0x00004ab4                ll_check_if_pdu_is_loaded_to_hardware

i.ll_check_random_address_in_use_by_initiator
                0x00004ad0       0x30
 i.ll_check_random_address_in_use_by_initiator
                0x00004ad0       0x30 D:\Program Files\For ECE9047\Cypress\PSoC Creator\3.2\PSoC Creator\psoc\content\cycomponentlibrary\CyComponentLibrary.cylib\BLE_v2_0\Library\gccCyBLEStack_BLE_SOC_PERIPHERAL.a(ll_connection.o)
                0x00004ad0                ll_check_random_address_in_use_by_initiator

i.ll_check_white_list_in_use_by_initiator
                0x00004b00       0x30
 i.ll_check_white_list_in_use_by_initiator
                0x00004b00       0x30 D:\Program Files\For ECE9047\Cypress\PSoC Creator\3.2\PSoC Creator\psoc\content\cycomponentlibrary\CyComponentLibrary.cylib\BLE_v2_0\Library\gccCyBLEStack_BLE_SOC_PERIPHERAL.a(ll_connection.o)
                0x00004b00                ll_check_white_list_in_use_by_initiator

i.ll_conn_free_enc_txn_buffer
                0x00004b30       0x16
 i.ll_conn_free_enc_txn_buffer